Archive member included to satisfy reference by file (symbol)

app/libapp.a(main.c.obj)      (--whole-archive)
zephyr/libzephyr.a(validate_libc.c.obj)
                              (--whole-archive)
zephyr/libzephyr.a(heap.c.obj)
                              (--whole-archive)
zephyr/libzephyr.a(cbprintf_packaged.c.obj)
                              (--whole-archive)
zephyr/libzephyr.a(clock.c.obj)
                              (--whole-archive)
zephyr/libzephyr.a(printk.c.obj)
                              (--whole-archive)
zephyr/libzephyr.a(sem.c.obj)
                              (--whole-archive)
zephyr/libzephyr.a(thread_entry.c.obj)
                              (--whole-archive)
zephyr/libzephyr.a(cbprintf_complete.c.obj)
                              (--whole-archive)
zephyr/libzephyr.a(assert.c.obj)
                              (--whole-archive)
zephyr/libzephyr.a(mpsc_pbuf.c.obj)
                              (--whole-archive)
zephyr/libzephyr.a(dec.c.obj)
                              (--whole-archive)
zephyr/libzephyr.a(hex.c.obj)
                              (--whole-archive)
zephyr/libzephyr.a(rb.c.obj)  (--whole-archive)
zephyr/libzephyr.a(timeutil.c.obj)
                              (--whole-archive)
zephyr/libzephyr.a(bitarray.c.obj)
                              (--whole-archive)
zephyr/libzephyr.a(bitmask.c.obj)
                              (--whole-archive)
zephyr/libzephyr.a(onoff.c.obj)
                              (--whole-archive)
zephyr/libzephyr.a(notify.c.obj)
                              (--whole-archive)
zephyr/libzephyr.a(ring_buffer.c.obj)
                              (--whole-archive)
zephyr/libzephyr.a(last_section_id.c.obj)
                              (--whole-archive)
zephyr/libzephyr.a(configs.c.obj)
                              (--whole-archive)
zephyr/libzephyr.a(thread_info.c.obj)
                              (--whole-archive)
zephyr/libzephyr.a(log_core.c.obj)
                              (--whole-archive)
zephyr/libzephyr.a(log_mgmt.c.obj)
                              (--whole-archive)
zephyr/libzephyr.a(log_cache.c.obj)
                              (--whole-archive)
zephyr/libzephyr.a(log_msg.c.obj)
                              (--whole-archive)
zephyr/libzephyr.a(log_output.c.obj)
                              (--whole-archive)
zephyr/libzephyr.a(log_backend_uart.c.obj)
                              (--whole-archive)
zephyr/libzephyr.a(mem_attr.c.obj)
                              (--whole-archive)
zephyr/libzephyr.a(tracing_none.c.obj)
                              (--whole-archive)
zephyr/libzephyr.a(banner.c.obj)
                              (--whole-archive)
zephyr/libzephyr.a(flash_map_partition_manager.c.obj)
                              (--whole-archive)
zephyr/arch/common/libarch__common.a(sw_isr_common.c.obj)
                              (--whole-archive)
zephyr/arch/common/libarch__common.a(init.c.obj)
                              (--whole-archive)
zephyr/arch/common/libarch__common.a(xip.c.obj)
                              (--whole-archive)
zephyr/arch/arch/arm/core/libarch__arm__core.a(fatal.c.obj)
                              (--whole-archive)
zephyr/arch/arch/arm/core/libarch__arm__core.a(nmi.c.obj)
                              (--whole-archive)
zephyr/arch/arch/arm/core/libarch__arm__core.a(nmi_on_reset.S.obj)
                              (--whole-archive)
zephyr/arch/arch/arm/core/libarch__arm__core.a(tls.c.obj)
                              (--whole-archive)
zephyr/arch/arch/arm/core/cortex_m/libarch__arm__core__cortex_m.a(exc_exit.c.obj)
                              (--whole-archive)
zephyr/arch/arch/arm/core/cortex_m/libarch__arm__core__cortex_m.a(fault.c.obj)
                              (--whole-archive)
zephyr/arch/arch/arm/core/cortex_m/libarch__arm__core__cortex_m.a(fault_s.S.obj)
                              (--whole-archive)
zephyr/arch/arch/arm/core/cortex_m/libarch__arm__core__cortex_m.a(fpu.c.obj)
                              (--whole-archive)
zephyr/arch/arch/arm/core/cortex_m/libarch__arm__core__cortex_m.a(reset.S.obj)
                              (--whole-archive)
zephyr/arch/arch/arm/core/cortex_m/libarch__arm__core__cortex_m.a(scb.c.obj)
                              (--whole-archive)
zephyr/arch/arch/arm/core/cortex_m/libarch__arm__core__cortex_m.a(thread_abort.c.obj)
                              (--whole-archive)
zephyr/arch/arch/arm/core/cortex_m/libarch__arm__core__cortex_m.a(vector_table.S.obj)
                              (--whole-archive)
zephyr/arch/arch/arm/core/cortex_m/libarch__arm__core__cortex_m.a(swap_helper.S.obj)
                              (--whole-archive)
zephyr/arch/arch/arm/core/cortex_m/libarch__arm__core__cortex_m.a(irq_manage.c.obj)
                              (--whole-archive)
zephyr/arch/arch/arm/core/cortex_m/libarch__arm__core__cortex_m.a(prep_c.c.obj)
                              (--whole-archive)
[...]
Memory Configuration

Name             Origin             Length             Attributes
FLASH            0x0000000000000000 0x0000000000080000 xr
RAM              0x0000000020000000 0x0000000000010000 xw
IDT_LIST         0x00000000ffff7fff 0x0000000000008000 xw
*default*        0x0000000000000000 0xffffffffffffffff

Linker script and memory map

                0x0000000000005504                vfprintf = __l_vfprintf
                0x0000000000000000                vfscanf = __l_vfscanf
LOAD zephyr/CMakeFiles/zephyr_pre0.dir/misc/empty_file.c.obj
LOAD zephyr/CMakeFiles/offsets.dir/./arch/arm/core/offsets/offsets.c.obj
LOAD app/libapp.a
LOAD zephyr/libzephyr.a
LOAD zephyr/arch/common/libarch__common.a
LOAD zephyr/arch/arch/arm/core/libarch__arm__core.a
LOAD zephyr/arch/arch/arm/core/cortex_m/libarch__arm__core__cortex_m.a
LOAD zephyr/arch/arch/arm/core/mpu/libarch__arm__core__mpu.a
LOAD zephyr/lib/libc/picolibc/liblib__libc__picolibc.a
LOAD zephyr/lib/libc/common/liblib__libc__common.a
LOAD zephyr/soc/soc/nrf52832/libsoc__nordic.a
LOAD zephyr/drivers/adc/libdrivers__adc.a
LOAD zephyr/drivers/clock_control/libdrivers__clock_control.a
LOAD zephyr/drivers/console/libdrivers__console.a
LOAD zephyr/drivers/gpio/libdrivers__gpio.a
LOAD zephyr/drivers/pinctrl/libdrivers__pinctrl.a
LOAD zephyr/drivers/serial/libdrivers__serial.a
LOAD zephyr/drivers/timer/libdrivers__timer.a
LOAD modules/hal_nordic/modules/hal_nordic/nrfx/libmodules__hal_nordic__nrfx.a
LOAD zephyr/kernel/libkernel.a
LOAD zephyr/arch/common/libisr_tables.a
LOAD c:\ncs\toolchains\66cdf9b75e\opt\zephyr-sdk\arm-zephyr-eabi\bin\../lib/gcc/../../picolibc/arm-zephyr-eabi/lib/thumb/v7e-m/nofp\libc.a
LOAD c:/ncs/toolchains/66cdf9b75e/opt/zephyr-sdk/arm-zephyr-eabi/bin/../lib/gcc/arm-zephyr-eabi/12.2.0/thumb/v7e-m/nofp\libgcc.a
                0x0000000000000020                _region_min_align = 0x20

.rel.plt        0x0000000000000000        0x0
 *(SORT_BY_ALIGNMENT(.rel.plt))
                [!provide]                        PROVIDE (__rel_iplt_start = .)
 *(SORT_BY_ALIGNMENT(.rel.iplt))
 .rel.iplt      0x0000000000000000        0x0 app/libapp.a(main.c.obj)
                [!provide]                        PROVIDE (__rel_iplt_end = .)

.rela.plt       0x0000000000000000        0x0
 *(SORT_BY_ALIGNMENT(.rela.plt))
                [!provide]                        PROVIDE (__rela_iplt_start = .)
 *(SORT_BY_ALIGNMENT(.rela.iplt))
                [!provide]                        PROVIDE (__rela_iplt_end = .)

.rel.dyn
 *(SORT_BY_ALIGNMENT(.rel.*))

.rela.dyn
 *(SORT_BY_ALIGNMENT(.rela.*))

/DISCARD/
 *(SORT_BY_ALIGNMENT(.plt))

/DISCARD/
 *(SORT_BY_ALIGNMENT(.iplt))
                0x0000000000000000                __rom_region_start = 0x0

rom_start       0x0000000000000000       0xdc
                0x0000000000000000                __rom_start_address = .
 FILL mask 0x00
                0x0000000000000000                . = (. + (0x0 - (. - __rom_start_address)))
                0x0000000000000000                . = ALIGN (0x4)
                0x0000000000000000                . = ALIGN (0x80)
                0x0000000000000000                . = ALIGN (0x100)
                0x0000000000000000                _vector_start = .
 *(SORT_BY_ALIGNMENT(.exc_vector_table))
 *(SORT_BY_ALIGNMENT(.exc_vector_table.*))
 .exc_vector_table._vector_table_section
                0x0000000000000000       0x40 zephyr/arch/arch/arm/core/cortex_m/libarch__arm__core__cortex_m.a(vector_table.S.obj)
                0x0000000000000000                _vector_table
 *(SORT_BY_ALIGNMENT(.vectors))
                0x00000000000000dc                _vector_end = .
                0x0000000000000040                . = ALIGN (0x4)
 *(SORT_BY_ALIGNMENT(.gnu.linkonce.irq_vector_table*))
 .gnu.linkonce.irq_vector_table
                0x0000000000000040       0x9c zephyr/arch/common/libisr_tables.a(isr_tables.c.obj)
                0x0000000000000040                _irq_vector_table
                0x00000000000000dc                _vector_end = .

text            0x00000000000000dc     0x7d44
                0x00000000000000dc                __text_region_start = .
 *(SORT_BY_ALIGNMENT(.text))
 .text          0x00000000000000dc       0x30 c:/ncs/toolchains/66cdf9b75e/opt/zephyr-sdk/arm-zephyr-eabi/bin/../lib/gcc/arm-zephyr-eabi/12.2.0/thumb/v7e-m/nofp\libgcc.a(_aeabi_uldivmod.o)
                0x00000000000000dc                __aeabi_uldivmod
 .text          0x000000000000010c        0x4 c:/ncs/toolchains/66cdf9b75e/opt/zephyr-sdk/arm-zephyr-eabi/bin/../lib/gcc/arm-zephyr-eabi/12.2.0/thumb/v7e-m/nofp\libgcc.a(_dvmd_tls.o)
                0x000000000000010c                __aeabi_idiv0
                0x000000000000010c                __aeabi_ldiv0
 .text          0x0000000000000110       0x10 c:\ncs\toolchains\66cdf9b75e\opt\zephyr-sdk\arm-zephyr-eabi\bin\../lib/gcc/../../picolibc/arm-zephyr-eabi/lib/thumb/v7e-m/nofp\libc.a(strlen.S.o)
                0x0000000000000110                strlen
 .text          0x0000000000000120      0x2a0 c:/ncs/toolchains/66cdf9b75e/opt/zephyr-sdk/arm-zephyr-eabi/bin/../lib/gcc/arm-zephyr-eabi/12.2.0/thumb/v7e-m/nofp\libgcc.a(_udivmoddi4.o)
                0x0000000000000120                __udivmoddi4
 *(SORT_BY_ALIGNMENT(.text.*))
 .text.uart_cb  0x00000000000003c0       0x10 app/libapp.a(main.c.obj)
 .text.battery_sample_timer_handler
                0x00000000000003d0       0x80 app/libapp.a(main.c.obj)
 .text.main     0x0000000000000450       0xec app/libapp.a(main.c.obj)
                0x0000000000000450                main
 .text.cbvprintf_package
                0x000000000000053c      0x3a4 zephyr/libzephyr.a(cbprintf_packaged.c.obj)
                0x000000000000053c                cbvprintf_package
 .text.cbprintf_package_convert
                0x00000000000008e0      0x3cc zephyr/libzephyr.a(cbprintf_packaged.c.obj)
                0x00000000000008e0                cbprintf_package_convert
 .text.__printk_hook_install
                0x0000000000000cac        0xc zephyr/libzephyr.a(printk.c.obj)
                0x0000000000000cac                __printk_hook_install
 .text.z_thread_entry
                0x0000000000000cb8       0x34 zephyr/libzephyr.a(thread_entry.c.obj)
                0x0000000000000cb8                z_thread_entry
 .text.process_event
                0x0000000000000cec      0x21c zephyr/libzephyr.a(onoff.c.obj)
 .text.activate_foreach_backend
                0x0000000000000f08       0x64 zephyr/libzephyr.a(log_core.c.obj)
 .text.enable_logger
                0x0000000000000f6c       0x5c zephyr/libzephyr.a(log_core.c.obj)
 .text.log_process_thread_timer_expiry_fn
                0x0000000000000fc8        0xc zephyr/libzephyr.a(log_core.c.obj)
 .text.z_log_init
                0x0000000000000fd4       0x98 zephyr/libzephyr.a(log_core.c.obj)
 .text.log_format_func_t_get
                0x000000000000106c        0xc zephyr/libzephyr.a(log_core.c.obj)
                0x000000000000106c                log_format_func_t_get
 .text.log_set_timestamp_func
                0x0000000000001078       0x20 zephyr/libzephyr.a(log_core.c.obj)
                0x0000000000001078                log_set_timestamp_func
 .text.z_log_notify_backend_enabled
                0x0000000000001098       0x1c zephyr/libzephyr.a(log_core.c.obj)
                0x0000000000001098                z_log_notify_backend_enabled
 .text.z_log_dropped
                0x00000000000010b4       0x44 zephyr/libzephyr.a(log_core.c.obj)
                0x00000000000010b4                z_log_dropped
 .text.z_log_dropped_read_and_clear
                0x00000000000010f8       0x20 zephyr/libzephyr.a(log_core.c.obj)
                0x00000000000010f8                z_log_dropped_read_and_clear
 .text.dropped_notify
                0x0000000000001118       0x30 zephyr/libzephyr.a(log_core.c.obj)
                0x0000000000001118                dropped_notify
 .text.z_log_msg_init
                0x0000000000001148       0x20 zephyr/libzephyr.a(log_core.c.obj)
                0x0000000000001148                z_log_msg_init
 .text.log_core_init
                0x0000000000001168       0x50 zephyr/libzephyr.a(log_core.c.obj)
                0x0000000000001168                log_core_init
 .text.z_log_msg_alloc
                0x00000000000011b8       0x10 zephyr/libzephyr.a(log_core.c.obj)
                0x00000000000011b8                z_log_msg_alloc
 .text.z_log_msg_local_claim
                0x00000000000011c8        0xc zephyr/libzephyr.a(log_core.c.obj)
                0x00000000000011c8                z_log_msg_local_claim
 .text.z_log_msg_free
                0x00000000000011d4       0x10 zephyr/libzephyr.a(log_core.c.obj)
                0x00000000000011d4                z_log_msg_free
 .text.z_log_msg_pending
                0x00000000000011e4        0xc zephyr/libzephyr.a(log_core.c.obj)
                0x00000000000011e4                z_log_msg_pending
 .text.z_impl_log_process
                0x00000000000011f0       0xc0 zephyr/libzephyr.a(log_core.c.obj)
                0x00000000000011f0                z_impl_log_process
 .text.z_impl_log_panic
                0x00000000000012b0       0x44 zephyr/libzephyr.a(log_core.c.obj)
                0x00000000000012b0                z_impl_log_panic
 .text.log_process_thread_func
                0x00000000000012f4       0xa4 zephyr/libzephyr.a(log_core.c.obj)
 .text.z_log_msg_post_finalize
                0x0000000000001398       0x78 zephyr/libzephyr.a(log_core.c.obj)
 .text.z_log_msg_commit
                0x0000000000001410       0x24 zephyr/libzephyr.a(log_core.c.obj)
                0x0000000000001410                z_log_msg_commit
 .text.log_source_name_get
                0x0000000000001434       0x1c zephyr/libzephyr.a(log_mgmt.c.obj)
                0x0000000000001434                log_source_name_get
 .text.z_impl_z_log_msg_static_create
                0x0000000000001450      0x108 zephyr/libzephyr.a(log_msg.c.obj)
                0x0000000000001450                z_impl_z_log_msg_static_create
 .text.z_log_msg_runtime_vcreate
                0x0000000000001558       0xa0 zephyr/libzephyr.a(log_msg.c.obj)
                0x0000000000001558                z_log_msg_runtime_vcreate
 .text.log_msg_get_source_id
                0x00000000000015f8       0x18 zephyr/libzephyr.a(log_msg.c.obj)
                0x00000000000015f8                log_msg_get_source_id
 .text.print_formatted
                0x0000000000001610       0x24 zephyr/libzephyr.a(log_output.c.obj)
 .text.newline_print
                0x0000000000001634       0x1c zephyr/libzephyr.a(log_output.c.obj)
 .text.log_output_process
                0x0000000000001650      0x2d4 zephyr/libzephyr.a(log_output.c.obj)
                0x0000000000001650                log_output_process
 .text.log_output_dropped_process
                0x0000000000001924       0x58 zephyr/libzephyr.a(log_output.c.obj)
                0x0000000000001924                log_output_dropped_process
 .text.log_output_timestamp_freq_set
                0x000000000000197c       0x2c zephyr/libzephyr.a(log_output.c.obj)
                0x000000000000197c                log_output_timestamp_freq_set
 .text.char_out
                0x00000000000019a8       0x24 zephyr/libzephyr.a(log_backend_uart.c.obj)
 .text.mem_attr_get_regions
                0x00000000000019cc        0xc zephyr/libzephyr.a(mem_attr.c.obj)
                0x00000000000019cc                mem_attr_get_regions
 .text.boot_banner
                0x00000000000019d8       0x1c zephyr/libzephyr.a(banner.c.obj)
                0x00000000000019d8                boot_banner
 .text.arch_bss_zero
                0x00000000000019f4       0x18 zephyr/arch/common/libarch__common.a(init.c.obj)
                0x00000000000019f4                arch_bss_zero
 .text.arch_data_copy
                0x0000000000001a0c       0x38 zephyr/arch/common/libarch__common.a(xip.c.obj)
                0x0000000000001a0c                arch_data_copy
 .text.z_arm_fatal_error
                0x0000000000001a44       0xb8 zephyr/arch/arch/arm/core/libarch__arm__core.a(fatal.c.obj)
                0x0000000000001a44                z_arm_fatal_error
 .text.z_SysNmiOnReset
                0x0000000000001afc        0x8 zephyr/arch/arch/arm/core/libarch__arm__core.a(nmi_on_reset.S.obj)
                0x0000000000001afc                z_SysNmiOnReset
 .text.arch_tls_stack_setup
                0x0000000000001b04       0x40 zephyr/arch/arch/arm/core/libarch__arm__core.a(tls.c.obj)
                0x0000000000001b04                arch_tls_stack_setup
 .text._HandlerModeExit
                0x0000000000001b44       0x20 zephyr/arch/arch/arm/core/cortex_m/libarch__arm__core__cortex_m.a(exc_exit.c.obj)
                0x0000000000001b44                z_arm_int_exit
                0x0000000000001b44                z_arm_exc_exit
 .text.bus_fault.constprop.0
                0x0000000000001b64       0xd0 zephyr/arch/arch/arm/core/cortex_m/libarch__arm__core__cortex_m.a(fault.c.obj)
 .text.usage_fault.constprop.0
                0x0000000000001c34       0xa8 zephyr/arch/arch/arm/core/cortex_m/libarch__arm__core__cortex_m.a(fault.c.obj)
 .text.mem_manage_fault
                0x0000000000001cdc      0x104 zephyr/arch/arch/arm/core/cortex_m/libarch__arm__core__cortex_m.a(fault.c.obj)
 .text.z_arm_fault
                0x0000000000001de0      0x1d4 zephyr/arch/arch/arm/core/cortex_m/libarch__arm__core__cortex_m.a(fault.c.obj)
                0x0000000000001de0                z_arm_fault
 .text.z_arm_fault_init
                0x0000000000001fb4       0x18 zephyr/arch/arch/arm/core/cortex_m/libarch__arm__core__cortex_m.a(fault.c.obj)
                0x0000000000001fb4                z_arm_fault_init
 .text.__fault  0x0000000000001fcc       0x14 zephyr/arch/arch/arm/core/cortex_m/libarch__arm__core__cortex_m.a(fault_s.S.obj)
                0x0000000000001fcc                z_arm_usage_fault
                0x0000000000001fcc                z_arm_mpu_fault
                0x0000000000001fcc                z_arm_exc_spurious
                0x0000000000001fcc                z_arm_debug_monitor
                0x0000000000001fcc                z_arm_hard_fault
                0x0000000000001fcc                z_arm_bus_fault
 .text._reset_section
                0x0000000000001fe0       0x60 zephyr/arch/arch/arm/core/cortex_m/libarch__arm__core__cortex_m.a(reset.S.obj)
                0x0000000000001fe0                __start
                0x0000000000001fe0                z_arm_reset
 .text.z_arm_clear_arm_mpu_config
                0x0000000000002040       0x24 zephyr/arch/arch/arm/core/cortex_m/libarch__arm__core__cortex_m.a(scb.c.obj)
                0x0000000000002040                z_arm_clear_arm_mpu_config
 .text.z_arm_init_arch_hw_at_boot
                0x0000000000002064       0x64 zephyr/arch/arch/arm/core/cortex_m/libarch__arm__core__cortex_m.a(scb.c.obj)
                0x0000000000002064                z_arm_init_arch_hw_at_boot
 .text.z_impl_k_thread_abort
                0x00000000000020c8       0x2c zephyr/arch/arch/arm/core/cortex_m/libarch__arm__core__cortex_m.a(thread_abort.c.obj)
                0x00000000000020c8                z_impl_k_thread_abort
 .text.z_arm_pendsv
                0x00000000000020f4       0x64 zephyr/arch/arch/arm/core/cortex_m/libarch__arm__core__cortex_m.a(swap_helper.S.obj)
                0x00000000000020f4                z_arm_pendsv
 .text.z_arm_svc
                0x0000000000002158       0x24 zephyr/arch/arch/arm/core/cortex_m/libarch__arm__core__cortex_m.a(swap_helper.S.obj)
                0x0000000000002158                z_arm_svc
 .text.arm_irq_enable
                0x000000000000217c       0x1c zephyr/arch/arch/arm/core/cortex_m/libarch__arm__core__cortex_m.a(irq_manage.c.obj)
                0x000000000000217c                arm_irq_enable
 .text.arm_irq_is_enabled
                0x0000000000002198       0x1c zephyr/arch/arch/arm/core/cortex_m/libarch__arm__core__cortex_m.a(irq_manage.c.obj)
                0x0000000000002198                arm_irq_is_enabled
 .text.arm_irq_priority_set
                0x00000000000021b4       0x30 zephyr/arch/arch/arm/core/cortex_m/libarch__arm__core__cortex_m.a(irq_manage.c.obj)
                0x00000000000021b4                arm_irq_priority_set
 .text.relocate_vector_table
                0x00000000000021e4       0x1c zephyr/arch/arch/arm/core/cortex_m/libarch__arm__core__cortex_m.a(prep_c.c.obj)
                0x00000000000021e4                relocate_vector_table
 .text.z_prep_c
                0x0000000000002200       0x28 zephyr/arch/arch/arm/core/cortex_m/libarch__arm__core__cortex_m.a(prep_c.c.obj)
                0x0000000000002200                z_prep_c
 .text.arch_new_thread
                0x0000000000002228       0x38 zephyr/arch/arch/arm/core/cortex_m/libarch__arm__core__cortex_m.a(thread.c.obj)
                0x0000000000002228                arch_new_thread
 .text.z_check_thread_stack_fail
                0x0000000000002260       0x30 zephyr/arch/arch/arm/core/cortex_m/libarch__arm__core__cortex_m.a(thread.c.obj)
                0x0000000000002260                z_check_thread_stack_fail
 .text.arch_switch_to_main_thread
                0x0000000000002290       0x40 zephyr/arch/arch/arm/core/cortex_m/libarch__arm__core__cortex_m.a(thread.c.obj)
                0x0000000000002290                arch_switch_to_main_thread
 .text.z_arm_cpu_idle_init
                0x00000000000022d0        0xc zephyr/arch/arch/arm/core/cortex_m/libarch__arm__core__cortex_m.a(cpu_idle.c.obj)
                0x00000000000022d0                z_arm_cpu_idle_init
 .text.z_arm_interrupt_init
                0x00000000000022dc       0x18 zephyr/arch/arch/arm/core/cortex_m/libarch__arm__core__cortex_m.a(irq_init.c.obj)
                0x00000000000022dc                z_arm_interrupt_init
 .text._isr_wrapper
                0x00000000000022f4       0x24 zephyr/arch/arch/arm/core/cortex_m/libarch__arm__core__cortex_m.a(isr_wrapper.c.obj)
                0x00000000000022f4                _isr_wrapper
 .text.z_arm_configure_static_mpu_regions
                0x0000000000002318       0x18 zephyr/arch/arch/arm/core/mpu/libarch__arm__core__mpu.a(arm_core_mpu.c.obj)
                0x0000000000002318                z_arm_configure_static_mpu_regions
 .text.z_arm_configure_dynamic_mpu_regions
                0x0000000000002330       0x24 zephyr/arch/arch/arm/core/mpu/libarch__arm__core__mpu.a(arm_core_mpu.c.obj)
                0x0000000000002330                z_arm_configure_dynamic_mpu_regions
 .text.region_allocate_and_init
                0x0000000000002354       0x54 zephyr/arch/arch/arm/core/mpu/libarch__arm__core__mpu.a(arm_mpu.c.obj)
 .text.mpu_configure_regions
                0x00000000000023a8       0x68 zephyr/arch/arch/arm/core/mpu/libarch__arm__core__mpu.a(arm_mpu.c.obj)
 .text.arm_core_mpu_enable
                0x0000000000002410       0x18 zephyr/arch/arch/arm/core/mpu/libarch__arm__core__mpu.a(arm_mpu.c.obj)
                0x0000000000002410                arm_core_mpu_enable
 .text.arm_core_mpu_disable
                0x0000000000002428       0x14 zephyr/arch/arch/arm/core/mpu/libarch__arm__core__mpu.a(arm_mpu.c.obj)
                0x0000000000002428                arm_core_mpu_disable
 .text.arm_core_mpu_configure_static_mpu_regions
                0x000000000000243c       0x14 zephyr/arch/arch/arm/core/mpu/libarch__arm__core__mpu.a(arm_mpu.c.obj)
                0x000000000000243c                arm_core_mpu_configure_static_mpu_regions
 .text.arm_core_mpu_configure_dynamic_mpu_regions
                0x0000000000002450       0x38 zephyr/arch/arch/arm/core/mpu/libarch__arm__core__mpu.a(arm_mpu.c.obj)
                0x0000000000002450                arm_core_mpu_configure_dynamic_mpu_regions
 .text.z_arm_mpu_init
                0x0000000000002488      0x17c zephyr/arch/arch/arm/core/mpu/libarch__arm__core__mpu.a(arm_mpu.c.obj)
                0x0000000000002488                z_arm_mpu_init
 .text.cbvprintf
                0x0000000000002604       0x38 zephyr/lib/libc/picolibc/liblib__libc__picolibc.a(cbprintf.c.obj)
                0x0000000000002604                cbvprintf
 .text.z_impl_zephyr_fputc
                0x000000000000263c       0x10 zephyr/lib/libc/picolibc/liblib__libc__picolibc.a(stdio.c.obj)
                0x000000000000263c                z_impl_zephyr_fputc
 .text.__stdout_hook_install
                0x000000000000264c       0x18 zephyr/lib/libc/picolibc/liblib__libc__picolibc.a(stdio.c.obj)
                0x000000000000264c                __stdout_hook_install
 .text.malloc_prepare
                0x0000000000002664       0x24 zephyr/lib/libc/common/liblib__libc__common.a(malloc.c.obj)
 .text.nordicsemi_nrf52_init
                0x0000000000002688       0x18 zephyr/soc/soc/nrf52832/libsoc__nordic.a(soc.c.obj)
 .text.arch_busy_wait
                0x00000000000026a0       0x24 zephyr/soc/soc/nrf52832/libsoc__nordic.a(soc.c.obj)
                0x00000000000026a0                arch_busy_wait
 .text.gppi_init
                0x00000000000026c4       0x1c zephyr/soc/soc/nrf52832/libsoc__nordic.a(gppi_init.c.obj)
 .text.onoff_stop
                0x00000000000026e0       0x30 zephyr/drivers/clock_control/libdrivers__clock_control.a(clock_control_nrf.c.obj)
 .text.onoff_start
                0x0000000000002710       0x44 zephyr/drivers/clock_control/libdrivers__clock_control.a(clock_control_nrf.c.obj)
 .text.clk_init
                0x0000000000002754       0x58 zephyr/drivers/clock_control/libdrivers__clock_control.a(clock_control_nrf.c.obj)
 .text.api_blocking_start
                0x00000000000027ac       0x34 zephyr/drivers/clock_control/libdrivers__clock_control.a(clock_control_nrf.c.obj)
 .text.lfclk_start
                0x00000000000027e0       0x20 zephyr/drivers/clock_control/libdrivers__clock_control.a(clock_control_nrf.c.obj)
 .text.generic_hfclk_stop
                0x0000000000002800       0x34 zephyr/drivers/clock_control/libdrivers__clock_control.a(clock_control_nrf.c.obj)
 .text.clkstarted_handle.constprop.0
                0x0000000000002834       0x4c zephyr/drivers/clock_control/libdrivers__clock_control.a(clock_control_nrf.c.obj)
 .text.generic_hfclk_start
                0x0000000000002880       0x78 zephyr/drivers/clock_control/libdrivers__clock_control.a(clock_control_nrf.c.obj)
 .text.clock_event_handler
                0x00000000000028f8       0x1c zephyr/drivers/clock_control/libdrivers__clock_control.a(clock_control_nrf.c.obj)
 .text.z_nrf_clock_control_lf_on
                0x0000000000002914       0xfc zephyr/drivers/clock_control/libdrivers__clock_control.a(clock_control_nrf.c.obj)
                0x0000000000002914                z_nrf_clock_control_lf_on
 .text.uart_console_init
                0x0000000000002a10       0x28 zephyr/drivers/console/libdrivers__console.a(uart_console.c.obj)
 .text.console_out
                0x0000000000002a38       0x28 zephyr/drivers/console/libdrivers__console.a(uart_console.c.obj)
 .text.nrfx_gpio_handler
                0x0000000000002a60       0x3c zephyr/drivers/gpio/libdrivers__gpio.a(gpio_nrfx.c.obj)
 .text.gpio_nrfx_init
                0x0000000000002a9c       0x3c zephyr/drivers/gpio/libdrivers__gpio.a(gpio_nrfx.c.obj)
 .text.pinctrl_configure_pins
                0x0000000000002ad8      0x17c zephyr/drivers/pinctrl/libdrivers__pinctrl.a(pinctrl_nrf.c.obj)
                0x0000000000002ad8                pinctrl_configure_pins
 .text.uarte_0_init
                0x0000000000002c54      0x134 zephyr/drivers/serial/libdrivers__serial.a(uart_nrfx_uarte.c.obj)
 .text.uarte_nrfx_poll_out
                0x0000000000002d88       0xd0 zephyr/drivers/serial/libdrivers__serial.a(uart_nrfx_uarte.c.obj)
 .text.uarte_nrfx_rx_enable
                0x0000000000002e58      0x190 zephyr/drivers/serial/libdrivers__serial.a(uart_nrfx_uarte.c.obj)
 .text.uarte_nrfx_tx
                0x0000000000002fe8       0xb4 zephyr/drivers/serial/libdrivers__serial.a(uart_nrfx_uarte.c.obj)
 .text.compare_int_lock
                0x000000000000309c       0x48 zephyr/drivers/timer/libdrivers__timer.a(nrf_rtc_timer.c.obj)
 .text.sys_clock_timeout_handler
                0x00000000000030e4       0x48 zephyr/drivers/timer/libdrivers__timer.a(nrf_rtc_timer.c.obj)
 .text.compare_int_unlock
                0x000000000000312c       0x5c zephyr/drivers/timer/libdrivers__timer.a(nrf_rtc_timer.c.obj)
 .text.z_nrf_rtc_timer_read
                0x0000000000003188       0x60 zephyr/drivers/timer/libdrivers__timer.a(nrf_rtc_timer.c.obj)
                0x0000000000003188                z_nrf_rtc_timer_read
 .text.compare_set
                0x00000000000031e8      0x138 zephyr/drivers/timer/libdrivers__timer.a(nrf_rtc_timer.c.obj)
 .text.sys_clock_driver_init
                0x0000000000003320       0xcc zephyr/drivers/timer/libdrivers__timer.a(nrf_rtc_timer.c.obj)
 .text.rtc_nrf_isr
                0x00000000000033ec       0xf4 zephyr/drivers/timer/libdrivers__timer.a(nrf_rtc_timer.c.obj)
                0x00000000000033ec                rtc_nrf_isr
 .text.sys_clock_set_timeout
                0x00000000000034e0       0x64 zephyr/drivers/timer/libdrivers__timer.a(nrf_rtc_timer.c.obj)
                0x00000000000034e0                sys_clock_set_timeout
 .text.sys_clock_elapsed
                0x0000000000003544       0x14 zephyr/drivers/timer/libdrivers__timer.a(nrf_rtc_timer.c.obj)
                0x0000000000003544                sys_clock_elapsed
 .text.nrf52_errata_16
                0x0000000000003558       0x28 modules/hal_nordic/modules/hal_nordic/nrfx/libmodules__hal_nordic__nrfx.a(system_nrf52.c.obj)
 .text.nvmc_wait
                0x0000000000003580       0x10 modules/hal_nordic/modules/hal_nordic/nrfx/libmodules__hal_nordic__nrfx.a(system_nrf52.c.obj)
                0x0000000000003580                nvmc_wait
 .text.SystemInit
                0x0000000000003590      0x278 modules/hal_nordic/modules/hal_nordic/nrfx/libmodules__hal_nordic__nrfx.a(system_nrf52.c.obj)
                0x0000000000003590                SystemInit
 .text.nrfx_gppi_init
                0x0000000000003808        0xc modules/hal_nordic/modules/hal_nordic/nrfx/libmodules__hal_nordic__nrfx.a(nrfx_gppi_ppi.c.obj)
                0x0000000000003808                nrfx_gppi_init
 .text.nrfx_gppi_domain_conn_alloc
                0x0000000000003814       0x1c modules/hal_nordic/modules/hal_nordic/nrfx/libmodules__hal_nordic__nrfx.a(nrfx_gppi_ppi.c.obj)
                0x0000000000003814                nrfx_gppi_domain_conn_alloc
 .text.nrfx_gppi_conn_enable
                0x0000000000003830       0x10 modules/hal_nordic/modules/hal_nordic/nrfx/libmodules__hal_nordic__nrfx.a(nrfx_gppi_ppi.c.obj)
                0x0000000000003830                nrfx_gppi_conn_enable
 .text.hfclk_event_handler
                0x0000000000003840        0xc modules/hal_nordic/modules/hal_nordic/nrfx/libmodules__hal_nordic__nrfx.a(nrfx_clock.c.obj)
 .text.lfclk_event_handler
                0x000000000000384c        0xc modules/hal_nordic/modules/hal_nordic/nrfx/libmodules__hal_nordic__nrfx.a(nrfx_clock.c.obj)
 .text.nrfx_clock_init
                0x0000000000003858       0x40 modules/hal_nordic/modules/hal_nordic/nrfx/libmodules__hal_nordic__nrfx.a(nrfx_clock.c.obj)
                0x0000000000003858                nrfx_clock_init
 .text.nrfx_clock_enable
                0x0000000000003898       0x20 modules/hal_nordic/modules/hal_nordic/nrfx/libmodules__hal_nordic__nrfx.a(nrfx_clock.c.obj)
                0x0000000000003898                nrfx_clock_enable
 .text.nrf52_errata_201
                0x00000000000038b8       0x40 modules/hal_nordic/modules/hal_nordic/nrfx/libmodules__hal_nordic__nrfx.a(nrfx_clock_hfclk.c.obj)
 .text.clock_stop
                0x00000000000038f8       0x4c modules/hal_nordic/modules/hal_nordic/nrfx/libmodules__hal_nordic__nrfx.a(nrfx_clock_hfclk.c.obj)
 .text.nrfx_clock_hfclk_init
                0x0000000000003944       0x28 modules/hal_nordic/modules/hal_nordic/nrfx/libmodules__hal_nordic__nrfx.a(nrfx_clock_hfclk.c.obj)
                0x0000000000003944                nrfx_clock_hfclk_init
 .text.nrfx_clock_hfclk_start
                0x000000000000396c       0x38 modules/hal_nordic/modules/hal_nordic/nrfx/libmodules__hal_nordic__nrfx.a(nrfx_clock_hfclk.c.obj)
                0x000000000000396c                nrfx_clock_hfclk_start
 .text.nrfx_clock_hfclk_irq_handler
                0x00000000000039a4       0x40 modules/hal_nordic/modules/hal_nordic/nrfx/libmodules__hal_nordic__nrfx.a(nrfx_clock_hfclk.c.obj)
                0x00000000000039a4                nrfx_clock_hfclk_irq_handler
 .text.nrfx_clock_lfclk_init
                0x00000000000039e4       0x24 modules/hal_nordic/modules/hal_nordic/nrfx/libmodules__hal_nordic__nrfx.a(nrfx_clock_lfclk.c.obj)
                0x00000000000039e4                nrfx_clock_lfclk_init
 .text.nrfx_clock_lfclk_start
                0x0000000000003a08       0xc0 modules/hal_nordic/modules/hal_nordic/nrfx/libmodules__hal_nordic__nrfx.a(nrfx_clock_lfclk.c.obj)
                0x0000000000003a08                nrfx_clock_lfclk_start
 .text.nrfx_clock_lfclk_irq_handler
                0x0000000000003ac8       0x70 modules/hal_nordic/modules/hal_nordic/nrfx/libmodules__hal_nordic__nrfx.a(nrfx_clock_lfclk.c.obj)
                0x0000000000003ac8                nrfx_clock_lfclk_irq_handler
 .text.nrf52_errata_173
                0x0000000000003b38       0x40 modules/hal_nordic/modules/hal_nordic/nrfx/libmodules__hal_nordic__nrfx.a(nrfx_gpiote.c.obj)
 .text.pin_uninit
                0x0000000000003b78       0x68 modules/hal_nordic/modules/hal_nordic/nrfx/libmodules__hal_nordic__nrfx.a(nrfx_gpiote.c.obj)
 .text.nrfx_gpiote_channel_free
                0x0000000000003be0        0xc modules/hal_nordic/modules/hal_nordic/nrfx/libmodules__hal_nordic__nrfx.a(nrfx_gpiote.c.obj)
                0x0000000000003be0                nrfx_gpiote_channel_free
 .text.nrfx_gpiote_channel_alloc
                0x0000000000003bec       0x18 modules/hal_nordic/modules/hal_nordic/nrfx/libmodules__hal_nordic__nrfx.a(nrfx_gpiote.c.obj)
                0x0000000000003bec                nrfx_gpiote_channel_alloc
 .text.nrfx_saadc_ain_get
                0x0000000000003c04       0x28 modules/hal_nordic/modules/hal_nordic/nrfx/libmodules__hal_nordic__nrfx.a(nrfx_saadc.c.obj)
 .text.saadc_channel_count_get
                0x0000000000003c2c       0x34 modules/hal_nordic/modules/hal_nordic/nrfx/libmodules__hal_nordic__nrfx.a(nrfx_saadc.c.obj)
 .text.saadc_busy_check
                0x0000000000003c60       0x1c modules/hal_nordic/modules/hal_nordic/nrfx/libmodules__hal_nordic__nrfx.a(nrfx_saadc.c.obj)
 .text.saadc_pre_calibration_state_restore
                0x0000000000003c7c       0x64 modules/hal_nordic/modules/hal_nordic/nrfx/libmodules__hal_nordic__nrfx.a(nrfx_saadc.c.obj)
 .text.saadc_channels_deconfig
                0x0000000000003ce0       0x3c modules/hal_nordic/modules/hal_nordic/nrfx/libmodules__hal_nordic__nrfx.a(nrfx_saadc.c.obj)
 .text.__nrfy_internal_saadc_events_process.constprop.0
                0x0000000000003d1c       0x8c modules/hal_nordic/modules/hal_nordic/nrfx/libmodules__hal_nordic__nrfx.a(nrfx_saadc.c.obj)
 .text.saadc_generic_mode_set
                0x0000000000003da8      0x154 modules/hal_nordic/modules/hal_nordic/nrfx/libmodules__hal_nordic__nrfx.a(nrfx_saadc.c.obj)
 .text.saadc_channel_config
                0x0000000000003efc       0xa4 modules/hal_nordic/modules/hal_nordic/nrfx/libmodules__hal_nordic__nrfx.a(nrfx_saadc.c.obj)
 .text.nrfx_saadc_init
                0x0000000000003fa0       0x8c modules/hal_nordic/modules/hal_nordic/nrfx/libmodules__hal_nordic__nrfx.a(nrfx_saadc.c.obj)
                0x0000000000003fa0                nrfx_saadc_init
 .text.nrfx_saadc_channels_config
                0x000000000000402c       0x54 modules/hal_nordic/modules/hal_nordic/nrfx/libmodules__hal_nordic__nrfx.a(nrfx_saadc.c.obj)
                0x000000000000402c                nrfx_saadc_channels_config
 .text.nrfx_saadc_simple_mode_set
                0x0000000000004080       0x60 modules/hal_nordic/modules/hal_nordic/nrfx/libmodules__hal_nordic__nrfx.a(nrfx_saadc.c.obj)
                0x0000000000004080                nrfx_saadc_simple_mode_set
 .text.nrfx_saadc_buffer_set
                0x00000000000040e0       0x80 modules/hal_nordic/modules/hal_nordic/nrfx/libmodules__hal_nordic__nrfx.a(nrfx_saadc.c.obj)
                0x00000000000040e0                nrfx_saadc_buffer_set
 .text.nrfx_saadc_mode_trigger
                0x0000000000004160      0x158 modules/hal_nordic/modules/hal_nordic/nrfx/libmodules__hal_nordic__nrfx.a(nrfx_saadc.c.obj)
                0x0000000000004160                nrfx_saadc_mode_trigger
 .text.SAADC_IRQHandler
                0x00000000000042b8      0x1cc modules/hal_nordic/modules/hal_nordic/nrfx/libmodules__hal_nordic__nrfx.a(nrfx_saadc.c.obj)
                0x00000000000042b8                SAADC_IRQHandler
 .text.k_sys_fatal_error_handler
                0x0000000000004484       0x20 zephyr/kernel/libkernel.a(fatal.c.obj)
                0x0000000000004484                k_sys_fatal_error_handler
 .text.z_fatal_error
                0x00000000000044a4       0xe8 zephyr/kernel/libkernel.a(fatal.c.obj)
                0x00000000000044a4                z_fatal_error
 .text.z_sys_init_run_level
                0x000000000000458c       0x30 zephyr/kernel/libkernel.a(init.c.obj)
 .text.bg_thread_main
                0x00000000000045bc       0xc0 zephyr/kernel/libkernel.a(init.c.obj)
 .text.z_init_cpu
                0x000000000000467c       0x78 zephyr/kernel/libkernel.a(init.c.obj)
                0x000000000000467c                z_init_cpu
 .text.z_cstart
                0x00000000000046f4       0xd0 zephyr/kernel/libkernel.a(init.c.obj)
                0x00000000000046f4                z_cstart
 .text.z_impl_k_sem_give
                0x00000000000047c4       0x68 zephyr/kernel/libkernel.a(sem.c.obj)
                0x00000000000047c4                z_impl_k_sem_give
 .text.z_impl_k_sem_take
                0x000000000000482c       0x4c zephyr/kernel/libkernel.a(sem.c.obj)
                0x000000000000482c                z_impl_k_sem_take
 .text.z_impl_k_thread_name_set
                0x0000000000004878       0x20 zephyr/kernel/libkernel.a(thread.c.obj)
                0x0000000000004878                z_impl_k_thread_name_set
 .text.z_setup_new_thread
                0x0000000000004898       0xec zephyr/kernel/libkernel.a(thread.c.obj)
                0x0000000000004898                z_setup_new_thread
 .text.z_impl_k_thread_create
                0x0000000000004984       0x58 zephyr/kernel/libkernel.a(thread.c.obj)
                0x0000000000004984                z_impl_k_thread_create
 .text.z_dummy_thread_init
                0x00000000000049dc       0x1c zephyr/kernel/libkernel.a(thread.c.obj)
                0x00000000000049dc                z_dummy_thread_init
 .text.z_swap_irqlock
                0x00000000000049f8       0x34 zephyr/kernel/libkernel.a(sched.c.obj)
 .text.ready_thread
                0x0000000000004a2c       0x84 zephyr/kernel/libkernel.a(sched.c.obj)
 .text.unready_thread
                0x0000000000004ab0       0x54 zephyr/kernel/libkernel.a(sched.c.obj)
 .text.add_thread_timeout
                0x0000000000004b04       0x1c zephyr/kernel/libkernel.a(sched.c.obj)
 .text.move_thread_to_end_of_prio_q
                0x0000000000004b20       0x90 zephyr/kernel/libkernel.a(sched.c.obj)
                0x0000000000004b20                move_thread_to_end_of_prio_q
 .text.z_pend_curr
                0x0000000000004bb0       0x44 zephyr/kernel/libkernel.a(sched.c.obj)
                0x0000000000004bb0                z_pend_curr
 .text.z_reschedule
                0x0000000000004bf4       0x24 zephyr/kernel/libkernel.a(sched.c.obj)
                0x0000000000004bf4                z_reschedule
 .text.z_reschedule_irqlock
                0x0000000000004c18       0x28 zephyr/kernel/libkernel.a(sched.c.obj)
                0x0000000000004c18                z_reschedule_irqlock
 .text.k_sched_lock
                0x0000000000004c40       0x28 zephyr/kernel/libkernel.a(sched.c.obj)
                0x0000000000004c40                k_sched_lock
 .text.k_sched_unlock
                0x0000000000004c68       0x68 zephyr/kernel/libkernel.a(sched.c.obj)
                0x0000000000004c68                k_sched_unlock
 .text.z_sched_init
                0x0000000000004cd0       0x10 zephyr/kernel/libkernel.a(sched.c.obj)
                0x0000000000004cd0                z_sched_init
 .text.z_impl_k_yield
                0x0000000000004ce0       0x88 zephyr/kernel/libkernel.a(sched.c.obj)
                0x0000000000004ce0                z_impl_k_yield
 .text.z_tick_sleep
                0x0000000000004d68       0x78 zephyr/kernel/libkernel.a(sched.c.obj)
 .text.z_impl_k_wakeup
                0x0000000000004de0       0x48 zephyr/kernel/libkernel.a(sched.c.obj)
                0x0000000000004de0                z_impl_k_wakeup
 .text.z_impl_k_sched_current_thread_query
                0x0000000000004e28        0xc zephyr/kernel/libkernel.a(sched.c.obj)
                0x0000000000004e28                z_impl_k_sched_current_thread_query
 .text.z_thread_abort
                0x0000000000004e34      0x144 zephyr/kernel/libkernel.a(sched.c.obj)
                0x0000000000004e34                z_thread_abort
 .text.slice_timeout
                0x0000000000004f78       0x20 zephyr/kernel/libkernel.a(timeslicing.c.obj)
 .text.thread_is_sliceable
                0x0000000000004f98       0x3c zephyr/kernel/libkernel.a(timeslicing.c.obj)
                0x0000000000004f98                thread_is_sliceable
 .text.z_reset_time_slice
                0x0000000000004fd4       0x50 zephyr/kernel/libkernel.a(timeslicing.c.obj)
                0x0000000000004fd4                z_reset_time_slice
 .text.z_time_slice
                0x0000000000005024       0x60 zephyr/kernel/libkernel.a(timeslicing.c.obj)
                0x0000000000005024                z_time_slice
 .text.z_thread_monitor_exit
                0x0000000000005084       0x3c zephyr/kernel/libkernel.a(thread_monitor.c.obj)
                0x0000000000005084                z_thread_monitor_exit
 .text.first    0x00000000000050c0       0x10 zephyr/kernel/libkernel.a(timeout.c.obj)
 .text.elapsed  0x00000000000050d0       0x14 zephyr/kernel/libkernel.a(timeout.c.obj)
 .text.remove_timeout
                0x00000000000050e4       0x38 zephyr/kernel/libkernel.a(timeout.c.obj)
 .text.z_add_timeout
                0x000000000000511c      0x120 zephyr/kernel/libkernel.a(timeout.c.obj)
                0x000000000000511c                z_add_timeout
 .text.sys_clock_announce
                0x000000000000523c       0xc0 zephyr/kernel/libkernel.a(timeout.c.obj)
                0x000000000000523c                sys_clock_announce
 .text.sys_clock_tick_get
                0x00000000000052fc       0x30 zephyr/kernel/libkernel.a(timeout.c.obj)
                0x00000000000052fc                sys_clock_tick_get
 .text.z_timer_expiration_handler
                0x000000000000532c      0x110 zephyr/kernel/libkernel.a(timer.c.obj)
                0x000000000000532c                z_timer_expiration_handler
 .text.z_impl_k_timer_start
                0x000000000000543c       0x70 zephyr/kernel/libkernel.a(timer.c.obj)
                0x000000000000543c                z_impl_k_timer_start
 .text.snprintf
                0x00000000000054ac       0x58 c:\ncs\toolchains\66cdf9b75e\opt\zephyr-sdk\arm-zephyr-eabi\bin\../lib/gcc/../../picolibc/arm-zephyr-eabi/lib/thumb/v7e-m/nofp\libc.a(libc_tinystdio_snprintf.c.o)
                0x00000000000054ac                snprintf
 .text.__l_vfprintf
                0x0000000000005504      0x4b8 c:\ncs\toolchains\66cdf9b75e\opt\zephyr-sdk\arm-zephyr-eabi\bin\../lib/gcc/../../picolibc/arm-zephyr-eabi/lib/thumb/v7e-m/nofp\libc.a(libc_tinystdio_vflprintf.c.o)
                0x0000000000005504                __l_vfprintf
 .text._OffsetAbsSyms
                0x00000000000059bc        0x2 zephyr/CMakeFiles/offsets.dir/./arch/arm/core/offsets/offsets.c.obj
                0x00000000000059bc                _OffsetAbsSyms
 .text.chunk_field
                0x00000000000059be       0x16 zephyr/libzephyr.a(heap.c.obj)
 .text.chunk_set
                0x00000000000059d4       0x16 zephyr/libzephyr.a(heap.c.obj)
 .text.chunk_size
                0x00000000000059ea        0xc zephyr/libzephyr.a(heap.c.obj)
 .text.set_chunk_used
                0x00000000000059f6       0x30 zephyr/libzephyr.a(heap.c.obj)
 .text.set_chunk_size
                0x0000000000005a26        0x8 zephyr/libzephyr.a(heap.c.obj)
 .text.bucket_idx
                0x0000000000005a2e       0x1e zephyr/libzephyr.a(heap.c.obj)
 .text.free_list_add
                0x0000000000005a4c       0x84 zephyr/libzephyr.a(heap.c.obj)
 .text.sys_heap_init
                0x0000000000005ad0       0xb0 zephyr/libzephyr.a(heap.c.obj)
                0x0000000000005ad0                sys_heap_init
 .text.cbpprintf_external
                0x0000000000005b80       0x62 zephyr/libzephyr.a(cbprintf_packaged.c.obj)
                0x0000000000005b80                cbpprintf_external
 .text.is_ptr   0x0000000000005be2       0x4a zephyr/libzephyr.a(cbprintf_packaged.c.obj)
                0x0000000000005be2                is_ptr
 .text.arch_printk_char_out
                0x0000000000005c2c        0x4 zephyr/libzephyr.a(printk.c.obj)
                0x0000000000005c2c                arch_printk_char_out
 .text.printk   0x0000000000005c30       0x1a zephyr/libzephyr.a(printk.c.obj)
                0x0000000000005c30                printk
 .text.free_space
                0x0000000000005c4a       0x26 zephyr/libzephyr.a(mpsc_pbuf.c.obj)
 .text.get_usage
                0x0000000000005c70       0x22 zephyr/libzephyr.a(mpsc_pbuf.c.obj)
 .text.idx_inc  0x0000000000005c92       0x1c zephyr/libzephyr.a(mpsc_pbuf.c.obj)
 .text.rd_idx_inc
                0x0000000000005cae       0x18 zephyr/libzephyr.a(mpsc_pbuf.c.obj)
 .text.add_skip_item
                0x0000000000005cc6       0x3a zephyr/libzephyr.a(mpsc_pbuf.c.obj)
 .text.drop_item_locked
                0x0000000000005d00      0x100 zephyr/libzephyr.a(mpsc_pbuf.c.obj)
 .text.post_drop_action
                0x0000000000005e00       0x36 zephyr/libzephyr.a(mpsc_pbuf.c.obj)
 .text.max_utilization_update
                0x0000000000005e36       0x1a zephyr/libzephyr.a(mpsc_pbuf.c.obj)
 .text.mpsc_pbuf_init
                0x0000000000005e50       0x42 zephyr/libzephyr.a(mpsc_pbuf.c.obj)
                0x0000000000005e50                mpsc_pbuf_init
 .text.mpsc_pbuf_alloc
                0x0000000000005e92       0xfe zephyr/libzephyr.a(mpsc_pbuf.c.obj)
                0x0000000000005e92                mpsc_pbuf_alloc
 .text.mpsc_pbuf_commit
                0x0000000000005f90       0x3e zephyr/libzephyr.a(mpsc_pbuf.c.obj)
                0x0000000000005f90                mpsc_pbuf_commit
 .text.mpsc_pbuf_claim
                0x0000000000005fce       0xa8 zephyr/libzephyr.a(mpsc_pbuf.c.obj)
                0x0000000000005fce                mpsc_pbuf_claim
 .text.mpsc_pbuf_free
                0x0000000000006076       0x76 zephyr/libzephyr.a(mpsc_pbuf.c.obj)
                0x0000000000006076                mpsc_pbuf_free
 .text.mpsc_pbuf_is_pending
                0x00000000000060ec       0x32 zephyr/libzephyr.a(mpsc_pbuf.c.obj)
                0x00000000000060ec                mpsc_pbuf_is_pending
 .text.process_recheck
                0x000000000000611e       0x38 zephyr/libzephyr.a(onoff.c.obj)
 .text.validate_args
                0x0000000000006156       0x20 zephyr/libzephyr.a(onoff.c.obj)
 .text.notify_one
                0x0000000000006176       0x2c zephyr/libzephyr.a(onoff.c.obj)
 .text.transition_complete
                0x00000000000061a2       0x1a zephyr/libzephyr.a(onoff.c.obj)
 .text.onoff_manager_init
                0x00000000000061bc       0x26 zephyr/libzephyr.a(onoff.c.obj)
                0x00000000000061bc                onoff_manager_init
 .text.onoff_request
                0x00000000000061e2       0xae zephyr/libzephyr.a(onoff.c.obj)
                0x00000000000061e2                onoff_request
 .text.sys_notify_validate
                0x0000000000006290       0x22 zephyr/libzephyr.a(notify.c.obj)
                0x0000000000006290                sys_notify_validate
 .text.sys_notify_finalize
                0x00000000000062b2       0x1a zephyr/libzephyr.a(notify.c.obj)
                0x00000000000062b2                sys_notify_finalize
 .text._ConfigAbsSyms
                0x00000000000062cc        0x2 zephyr/libzephyr.a(configs.c.obj)
                0x00000000000062cc                _ConfigAbsSyms
 .text.log_msg_generic_get_wlen
                0x00000000000062ce       0x20 zephyr/libzephyr.a(log_core.c.obj)
 .text.dummy_timestamp
                0x00000000000062ee        0x4 zephyr/libzephyr.a(log_core.c.obj)
 .text.default_get_timestamp
                0x00000000000062f2        0x4 zephyr/libzephyr.a(log_core.c.obj)
 .text.atomic_inc
                0x00000000000062f6       0x1a zephyr/libzephyr.a(log_core.c.obj)
 .text.z_log_vprintk
                0x0000000000006310       0x1c zephyr/libzephyr.a(log_core.c.obj)
                0x0000000000006310                z_log_vprintk
 .text.z_log_notify_drop
                0x000000000000632c        0x6 zephyr/libzephyr.a(log_core.c.obj)
 .text.z_log_get_tag
                0x0000000000006332        0x4 zephyr/libzephyr.a(log_core.c.obj)
                0x0000000000006332                z_log_get_tag
 .text.log_backend_enable
                0x0000000000006336       0x12 zephyr/libzephyr.a(log_mgmt.c.obj)
                0x0000000000006336                log_backend_enable
 .text.z_cbprintf_cpy
                0x0000000000006348       0x2e zephyr/libzephyr.a(log_msg.c.obj)
 .text.z_log_msg_finalize
                0x0000000000006376       0x32 zephyr/libzephyr.a(log_msg.c.obj)
                0x0000000000006376                z_log_msg_finalize
 .text.z_log_msg_simple_create
                0x00000000000063a8       0x6e zephyr/libzephyr.a(log_msg.c.obj)
 .text.z_impl_z_log_msg_simple_create_0
                0x0000000000006416       0x12 zephyr/libzephyr.a(log_msg.c.obj)
                0x0000000000006416                z_impl_z_log_msg_simple_create_0
 .text.z_impl_z_log_msg_simple_create_1
                0x0000000000006428       0x14 zephyr/libzephyr.a(log_msg.c.obj)
                0x0000000000006428                z_impl_z_log_msg_simple_create_1
 .text.log_output_write
                0x000000000000643c       0x1c zephyr/libzephyr.a(log_output.c.obj)
 .text.log_output_flush
                0x0000000000006458       0x1a zephyr/libzephyr.a(log_output.c.obj)
 .text.out_func
                0x0000000000006472       0x36 zephyr/libzephyr.a(log_output.c.obj)
 .text.cr_out_func
                0x00000000000064a8       0x1c zephyr/libzephyr.a(log_output.c.obj)
 .text.log_output_msg_process
                0x00000000000064c4       0x6a zephyr/libzephyr.a(log_output.c.obj)
                0x00000000000064c4                log_output_msg_process
 .text.format_set
                0x000000000000652e        0xc zephyr/libzephyr.a(log_backend_uart.c.obj)
 .text.log_backend_uart_init
                0x000000000000653a        0xc zephyr/libzephyr.a(log_backend_uart.c.obj)
 .text.panic    0x0000000000006546       0x32 zephyr/libzephyr.a(log_backend_uart.c.obj)
 .text.dropped  0x0000000000006578        0xa zephyr/libzephyr.a(log_backend_uart.c.obj)
 .text.process  0x0000000000006582       0x1e zephyr/libzephyr.a(log_backend_uart.c.obj)
 .text.arch_early_memset
                0x00000000000065a0        0x4 zephyr/arch/common/libarch__common.a(init.c.obj)
                0x00000000000065a0                arch_early_memset
 .text.arch_early_memcpy
                0x00000000000065a4        0x4 zephyr/arch/common/libarch__common.a(init.c.obj)
                0x00000000000065a4                arch_early_memcpy
 .text.z_do_kernel_oops
                0x00000000000065a8        0x8 zephyr/arch/arch/arm/core/libarch__arm__core.a(fatal.c.obj)
                0x00000000000065a8                z_do_kernel_oops
 .text.z_arm_nmi
                0x00000000000065b0        0xe zephyr/arch/arch/arm/core/libarch__arm__core.a(nmi.c.obj)
                0x00000000000065b0                z_arm_nmi
 .text.z_log_msg_simple_create_0.constprop.0
                0x00000000000065be        0x8 zephyr/arch/arch/arm/core/cortex_m/libarch__arm__core__cortex_m.a(fault.c.obj)
 .text.z_irq_spurious
                0x00000000000065c6        0x8 zephyr/arch/arch/arm/core/cortex_m/libarch__arm__core__cortex_m.a(irq_manage.c.obj)
                0x00000000000065c6                z_irq_spurious
 .text.arch_coprocessors_disable
                0x00000000000065ce        0x6 zephyr/arch/arch/arm/core/cortex_m/libarch__arm__core__cortex_m.a(thread.c.obj)
                0x00000000000065ce                arch_coprocessors_disable
 .text.arch_irq_unlock_outlined
                0x00000000000065d4        0xe zephyr/arch/arch/arm/core/cortex_m/libarch__arm__core__cortex_m.a(thread.c.obj)
                0x00000000000065d4                arch_irq_unlock_outlined
 .text.arch_cpu_idle
                0x00000000000065e2       0x1a zephyr/arch/arch/arm/core/cortex_m/libarch__arm__core__cortex_m.a(cpu_idle.c.obj)
                0x00000000000065e2                arch_cpu_idle
 .text.arch_cpu_atomic_idle
                0x00000000000065fc       0x1e zephyr/arch/arch/arm/core/cortex_m/libarch__arm__core__cortex_m.a(cpu_idle.c.obj)
                0x00000000000065fc                arch_cpu_atomic_idle
 .text.size_to_mpu_rasr_size
                0x000000000000661a       0x20 zephyr/arch/arch/arm/core/mpu/libarch__arm__core__mpu.a(arm_mpu.c.obj)
 .text.cbputc   0x000000000000663a        0xc zephyr/lib/libc/picolibc/liblib__libc__picolibc.a(cbprintf.c.obj)
 .text.picolibc_put
                0x0000000000006646        0xa zephyr/lib/libc/picolibc/liblib__libc__picolibc.a(stdio.c.obj)
 .text.get_status
                0x0000000000006650       0x12 zephyr/drivers/clock_control/libdrivers__clock_control.a(clock_control_nrf.c.obj)
 .text.stop     0x0000000000006662       0x50 zephyr/drivers/clock_control/libdrivers__clock_control.a(clock_control_nrf.c.obj)
 .text.api_stop
                0x00000000000066b2        0x6 zephyr/drivers/clock_control/libdrivers__clock_control.a(clock_control_nrf.c.obj)
 .text.async_start
                0x00000000000066b8       0x5a zephyr/drivers/clock_control/libdrivers__clock_control.a(clock_control_nrf.c.obj)
 .text.api_start
                0x0000000000006712        0xe zephyr/drivers/clock_control/libdrivers__clock_control.a(clock_control_nrf.c.obj)
 .text.onoff_started_callback
                0x0000000000006720       0x12 zephyr/drivers/clock_control/libdrivers__clock_control.a(clock_control_nrf.c.obj)
 .text.blocking_start_callback
                0x0000000000006732        0x6 zephyr/drivers/clock_control/libdrivers__clock_control.a(clock_control_nrf.c.obj)
 .text.lfclk_stop
                0x0000000000006738        0x4 zephyr/drivers/clock_control/libdrivers__clock_control.a(clock_control_nrf.c.obj)
 .text.gpio_nrfx_port_get_raw
                0x000000000000673c        0xe zephyr/drivers/gpio/libdrivers__gpio.a(gpio_nrfx.c.obj)
 .text.gpio_nrfx_port_set_masked_raw
                0x000000000000674a       0x18 zephyr/drivers/gpio/libdrivers__gpio.a(gpio_nrfx.c.obj)
 .text.gpio_nrfx_port_set_bits_raw
                0x0000000000006762        0xc zephyr/drivers/gpio/libdrivers__gpio.a(gpio_nrfx.c.obj)
 .text.gpio_nrfx_port_clear_bits_raw
                0x000000000000676e        0xc zephyr/drivers/gpio/libdrivers__gpio.a(gpio_nrfx.c.obj)
 .text.gpio_nrfx_port_toggle_bits
                0x000000000000677a       0x1a zephyr/drivers/gpio/libdrivers__gpio.a(gpio_nrfx.c.obj)
 .text.gpio_nrfx_manage_callback
                0x0000000000006794       0x52 zephyr/drivers/gpio/libdrivers__gpio.a(gpio_nrfx.c.obj)
 .text.gpio_nrfx_gpiote_irq_handler
                0x00000000000067e6        0x4 zephyr/drivers/gpio/libdrivers__gpio.a(gpio_nrfx.c.obj)
                0x00000000000067e6                gpio_nrfx_gpiote_irq_handler
 .text.gpio_nrfx_pin_configure
                0x00000000000067ea      0x172 zephyr/drivers/gpio/libdrivers__gpio.a(gpio_nrfx.c.obj)
 .text.gpio_nrfx_pin_interrupt_configure
                0x000000000000695c       0xf0 zephyr/drivers/gpio/libdrivers__gpio.a(gpio_nrfx.c.obj)
 .text.pinctrl_lookup_state
                0x0000000000006a4c       0x26 zephyr/drivers/pinctrl/libdrivers__pinctrl.a(common.c.obj)
                0x0000000000006a4c                pinctrl_lookup_state
 .text.uarte_nrfx_err_check
                0x0000000000006a72        0xe zephyr/drivers/serial/libdrivers__serial.a(uart_nrfx_uarte.c.obj)
 .text.user_callback
                0x0000000000006a80        0xe zephyr/drivers/serial/libdrivers__serial.a(uart_nrfx_uarte.c.obj)
 .text.rx_buf_release
                0x0000000000006a8e       0x28 zephyr/drivers/serial/libdrivers__serial.a(uart_nrfx_uarte.c.obj)
 .text.notify_uart_rx_rdy
                0x0000000000006ab6       0x34 zephyr/drivers/serial/libdrivers__serial.a(uart_nrfx_uarte.c.obj)
 .text.uarte_nrfx_rx_buf_rsp
                0x0000000000006aea       0x54 zephyr/drivers/serial/libdrivers__serial.a(uart_nrfx_uarte.c.obj)
 .text.uarte_nrfx_callback_set
                0x0000000000006b3e       0x16 zephyr/drivers/serial/libdrivers__serial.a(uart_nrfx_uarte.c.obj)
 .text.uarte_nrfx_poll_in
                0x0000000000006b54       0x32 zephyr/drivers/serial/libdrivers__serial.a(uart_nrfx_uarte.c.obj)
 .text.rx_disable
                0x0000000000006b86       0x58 zephyr/drivers/serial/libdrivers__serial.a(uart_nrfx_uarte.c.obj)
 .text.uarte_nrfx_rx_disable
                0x0000000000006bde       0x14 zephyr/drivers/serial/libdrivers__serial.a(uart_nrfx_uarte.c.obj)
 .text.setup_tx_cache
                0x0000000000006bf2       0x3e zephyr/drivers/serial/libdrivers__serial.a(uart_nrfx_uarte.c.obj)
 .text.is_tx_ready.isra.0
                0x0000000000006c30       0x20 zephyr/drivers/serial/libdrivers__serial.a(uart_nrfx_uarte.c.obj)
 .text.pinctrl_apply_state.isra.0
                0x0000000000006c50       0x1e zephyr/drivers/serial/libdrivers__serial.a(uart_nrfx_uarte.c.obj)
 .text.uarte_disable_locked
                0x0000000000006c6e       0x2a zephyr/drivers/serial/libdrivers__serial.a(uart_nrfx_uarte.c.obj)
 .text.rx_disable_finalize
                0x0000000000006c98       0x52 zephyr/drivers/serial/libdrivers__serial.a(uart_nrfx_uarte.c.obj)
 .text.uarte_instance_deinit
                0x0000000000006cea        0x6 zephyr/drivers/serial/libdrivers__serial.a(uart_nrfx_uarte.c.obj)
 .text.uarte_enable_locked
                0x0000000000006cf0       0x22 zephyr/drivers/serial/libdrivers__serial.a(uart_nrfx_uarte.c.obj)
 .text.tx_start
                0x0000000000006d12       0x32 zephyr/drivers/serial/libdrivers__serial.a(uart_nrfx_uarte.c.obj)
 .text.start_tx_locked
                0x0000000000006d44       0x42 zephyr/drivers/serial/libdrivers__serial.a(uart_nrfx_uarte.c.obj)
 .text.rx_timeout
                0x0000000000006d86       0x44 zephyr/drivers/serial/libdrivers__serial.a(uart_nrfx_uarte.c.obj)
 .text.uarte_nrfx_isr_async
                0x0000000000006dca      0x3e6 zephyr/drivers/serial/libdrivers__serial.a(uart_nrfx_uarte.c.obj)
 .text.uarte_nrfx_tx_abort
                0x00000000000071b0       0x2c zephyr/drivers/serial/libdrivers__serial.a(uart_nrfx_uarte.c.obj)
 .text.tx_timeout
                0x00000000000071dc        0x6 zephyr/drivers/serial/libdrivers__serial.a(uart_nrfx_uarte.c.obj)
 .text.event_clear
                0x00000000000071e2       0x18 zephyr/drivers/timer/libdrivers__timer.a(nrf_rtc_timer.c.obj)
 .text.sys_clock_cycle_get_32
                0x00000000000071fa        0x8 zephyr/drivers/timer/libdrivers__timer.a(nrf_rtc_timer.c.obj)
                0x00000000000071fa                sys_clock_cycle_get_32
 .text.nrf52_errata_12
                0x0000000000007202       0x1c modules/hal_nordic/modules/hal_nordic/nrfx/libmodules__hal_nordic__nrfx.a(system_nrf52.c.obj)
 .text.nrfx_isr
                0x000000000000721e        0x6 modules/hal_nordic/modules/hal_nordic/nrfx/libmodules__hal_nordic__nrfx.a(nrfx_glue.c.obj)
                0x000000000000721e                nrfx_isr
 .text.nrfx_busy_wait
                0x0000000000007224        0x4 modules/hal_nordic/modules/hal_nordic/nrfx/libmodules__hal_nordic__nrfx.a(nrfx_glue.c.obj)
                0x0000000000007224                nrfx_busy_wait
 .text.nrfx_flag32_alloc
                0x0000000000007228       0x3c modules/hal_nordic/modules/hal_nordic/nrfx/libmodules__hal_nordic__nrfx.a(nrfx_flag32_allocator.c.obj)
                0x0000000000007228                nrfx_flag32_alloc
 .text.nrfx_flag32_free
                0x0000000000007264       0x3a modules/hal_nordic/modules/hal_nordic/nrfx/libmodules__hal_nordic__nrfx.a(nrfx_flag32_allocator.c.obj)
                0x0000000000007264                nrfx_flag32_free
 .text.nrfx_gppi_conn_alloc
                0x000000000000729e       0x2c modules/hal_nordic/modules/hal_nordic/nrfx/libmodules__hal_nordic__nrfx.a(nrfx_gppi_ppi.c.obj)
                0x000000000000729e                nrfx_gppi_conn_alloc
 .text.nrfx_clock_start
                0x00000000000072ca       0x10 modules/hal_nordic/modules/hal_nordic/nrfx/libmodules__hal_nordic__nrfx.a(nrfx_clock.c.obj)
                0x00000000000072ca                nrfx_clock_start
 .text.nrfx_clock_stop
                0x00000000000072da       0x10 modules/hal_nordic/modules/hal_nordic/nrfx/libmodules__hal_nordic__nrfx.a(nrfx_clock.c.obj)
                0x00000000000072da                nrfx_clock_stop
 .text.POWER_CLOCK_IRQHandler
                0x00000000000072ea        0xe modules/hal_nordic/modules/hal_nordic/nrfx/libmodules__hal_nordic__nrfx.a(nrfx_clock.c.obj)
                0x00000000000072ea                POWER_CLOCK_IRQHandler
 .text.nrfx_clock_hfclk_stop
                0x00000000000072f8        0x4 modules/hal_nordic/modules/hal_nordic/nrfx/libmodules__hal_nordic__nrfx.a(nrfx_clock_hfclk.c.obj)
                0x00000000000072f8                nrfx_clock_hfclk_stop
 .text.clock_stop
                0x00000000000072fc       0x32 modules/hal_nordic/modules/hal_nordic/nrfx/libmodules__hal_nordic__nrfx.a(nrfx_clock_lfclk.c.obj)
 .text.nrfx_clock_lfclk_stop
                0x000000000000732e        0x4 modules/hal_nordic/modules/hal_nordic/nrfx/libmodules__hal_nordic__nrfx.a(nrfx_clock_lfclk.c.obj)
                0x000000000000732e                nrfx_clock_lfclk_stop
 .text.nrf_gpio_pin_port_decode
                0x0000000000007332       0x14 modules/hal_nordic/modules/hal_nordic/nrfx/libmodules__hal_nordic__nrfx.a(nrfx_gpiote.c.obj)
 .text.nrf_gpio_reconfigure
                0x0000000000007346       0x92 modules/hal_nordic/modules/hal_nordic/nrfx/libmodules__hal_nordic__nrfx.a(nrfx_gpiote.c.obj)
 .text.nrf_gpio_cfg_sense_set
                0x00000000000073d8       0x1e modules/hal_nordic/modules/hal_nordic/nrfx/libmodules__hal_nordic__nrfx.a(nrfx_gpiote.c.obj)
 .text.call_handler
                0x00000000000073f6       0x3a modules/hal_nordic/modules/hal_nordic/nrfx/libmodules__hal_nordic__nrfx.a(nrfx_gpiote.c.obj)
 .text.release_handler
                0x0000000000007430       0x4a modules/hal_nordic/modules/hal_nordic/nrfx/libmodules__hal_nordic__nrfx.a(nrfx_gpiote.c.obj)
 .text.latch_pending_read_and_check
                0x000000000000747a       0x28 modules/hal_nordic/modules/hal_nordic/nrfx/libmodules__hal_nordic__nrfx.a(nrfx_gpiote.c.obj)
 .text.__nrfy_internal_gpiote_events_process
                0x00000000000074a2       0x50 modules/hal_nordic/modules/hal_nordic/nrfx/libmodules__hal_nordic__nrfx.a(nrfx_gpiote.c.obj)
 .text.pin_trigger_disable
                0x00000000000074f2       0x3a modules/hal_nordic/modules/hal_nordic/nrfx/libmodules__hal_nordic__nrfx.a(nrfx_gpiote.c.obj)
 .text.nrfx_gpiote_input_configure
                0x000000000000752c      0x136 modules/hal_nordic/modules/hal_nordic/nrfx/libmodules__hal_nordic__nrfx.a(nrfx_gpiote.c.obj)
                0x000000000000752c                nrfx_gpiote_input_configure
 .text.nrfx_gpiote_output_configure
                0x0000000000007662       0xce modules/hal_nordic/modules/hal_nordic/nrfx/libmodules__hal_nordic__nrfx.a(nrfx_gpiote.c.obj)
                0x0000000000007662                nrfx_gpiote_output_configure
 .text.nrfx_gpiote_global_callback_set
                0x0000000000007730        0x6 modules/hal_nordic/modules/hal_nordic/nrfx/libmodules__hal_nordic__nrfx.a(nrfx_gpiote.c.obj)
                0x0000000000007730                nrfx_gpiote_global_callback_set
 .text.nrfx_gpiote_channel_get
                0x0000000000007736       0x18 modules/hal_nordic/modules/hal_nordic/nrfx/libmodules__hal_nordic__nrfx.a(nrfx_gpiote.c.obj)
                0x0000000000007736                nrfx_gpiote_channel_get
 .text.nrfx_gpiote_init
                0x000000000000774e       0x38 modules/hal_nordic/modules/hal_nordic/nrfx/libmodules__hal_nordic__nrfx.a(nrfx_gpiote.c.obj)
                0x000000000000774e                nrfx_gpiote_init
 .text.nrfx_gpiote_init_check
                0x0000000000007786        0xc modules/hal_nordic/modules/hal_nordic/nrfx/libmodules__hal_nordic__nrfx.a(nrfx_gpiote.c.obj)
                0x0000000000007786                nrfx_gpiote_init_check
 .text.nrfx_gpiote_pin_uninit
                0x0000000000007792        0x4 modules/hal_nordic/modules/hal_nordic/nrfx/libmodules__hal_nordic__nrfx.a(nrfx_gpiote.c.obj)
                0x0000000000007792                nrfx_gpiote_pin_uninit
 .text.nrfx_gpiote_trigger_enable
                0x0000000000007796       0x8e modules/hal_nordic/modules/hal_nordic/nrfx/libmodules__hal_nordic__nrfx.a(nrfx_gpiote.c.obj)
                0x0000000000007796                nrfx_gpiote_trigger_enable
 .text.nrfx_gpiote_trigger_disable
                0x0000000000007824        0x4 modules/hal_nordic/modules/hal_nordic/nrfx/libmodules__hal_nordic__nrfx.a(nrfx_gpiote.c.obj)
                0x0000000000007824                nrfx_gpiote_trigger_disable
 .text.nrfx_gpiote_irq_handler
                0x0000000000007828      0x172 modules/hal_nordic/modules/hal_nordic/nrfx/libmodules__hal_nordic__nrfx.a(nrfx_gpiote.c.obj)
                0x0000000000007828                nrfx_gpiote_irq_handler
 .text.__nrfy_internal_saadc_event_handle.constprop.0
                0x000000000000799a       0x2e modules/hal_nordic/modules/hal_nordic/nrfx/libmodules__hal_nordic__nrfx.a(nrfx_saadc.c.obj)
 .text.__nrfy_internal_saadc_buffer_latch.part.0.constprop.0
                0x00000000000079c8       0x10 modules/hal_nordic/modules/hal_nordic/nrfx/libmodules__hal_nordic__nrfx.a(nrfx_saadc.c.obj)
 .text.z_impl_k_busy_wait
                0x00000000000079d8        0x8 zephyr/kernel/libkernel.a(busy_wait.c.obj)
                0x00000000000079d8                z_impl_k_busy_wait
 .text.do_device_init
                0x00000000000079e0       0x30 zephyr/kernel/libkernel.a(device.c.obj)
                0x00000000000079e0                do_device_init
 .text.z_impl_device_is_ready
                0x0000000000007a10       0x16 zephyr/kernel/libkernel.a(device.c.obj)
                0x0000000000007a10                z_impl_device_is_ready
 .text.arch_system_halt
                0x0000000000007a26       0x10 zephyr/kernel/libkernel.a(fatal.c.obj)
                0x0000000000007a26                arch_system_halt
 .text.idle     0x0000000000007a36       0x16 zephyr/kernel/libkernel.a(idle.c.obj)
                0x0000000000007a36                idle
 .text.z_impl_k_sem_init
                0x0000000000007a4c       0x18 zephyr/kernel/libkernel.a(sem.c.obj)
                0x0000000000007a4c                z_impl_k_sem_init
 .text.k_is_in_isr
                0x0000000000007a64        0xc zephyr/kernel/libkernel.a(thread.c.obj)
                0x0000000000007a64                k_is_in_isr
 .text.k_thread_name_get
                0x0000000000007a70        0x4 zephyr/kernel/libkernel.a(thread.c.obj)
                0x0000000000007a70                k_thread_name_get
 .text.sys_dlist_remove
                0x0000000000007a74       0x10 zephyr/kernel/libkernel.a(sched.c.obj)
 .text.unpend_thread_no_timeout
                0x0000000000007a84       0x14 zephyr/kernel/libkernel.a(sched.c.obj)
 .text.add_to_waitq_locked
                0x0000000000007a98       0x50 zephyr/kernel/libkernel.a(sched.c.obj)
 .text.z_ready_thread
                0x0000000000007ae8       0x1e zephyr/kernel/libkernel.a(sched.c.obj)
                0x0000000000007ae8                z_ready_thread
 .text.z_unpend_thread_no_timeout
                0x0000000000007b06       0x22 zephyr/kernel/libkernel.a(sched.c.obj)
                0x0000000000007b06                z_unpend_thread_no_timeout
 .text.z_sched_wake_thread
                0x0000000000007b28       0x3a zephyr/kernel/libkernel.a(sched.c.obj)
                0x0000000000007b28                z_sched_wake_thread
 .text.z_thread_timeout
                0x0000000000007b62        0x8 zephyr/kernel/libkernel.a(sched.c.obj)
                0x0000000000007b62                z_thread_timeout
 .text.z_unpend1_no_timeout
                0x0000000000007b6a       0x2c zephyr/kernel/libkernel.a(sched.c.obj)
                0x0000000000007b6a                z_unpend1_no_timeout
 .text.z_impl_k_sleep
                0x0000000000007b96       0x4e zephyr/kernel/libkernel.a(sched.c.obj)
                0x0000000000007b96                z_impl_k_sleep
 .text.next_timeout
                0x0000000000007be4       0x2e zephyr/kernel/libkernel.a(timeout.c.obj)
 .text.z_abort_timeout
                0x0000000000007c12       0x50 zephyr/kernel/libkernel.a(timeout.c.obj)
                0x0000000000007c12                z_abort_timeout
 .text.sys_clock_tick_get_32
                0x0000000000007c62        0x8 zephyr/kernel/libkernel.a(timeout.c.obj)
                0x0000000000007c62                sys_clock_tick_get_32
 .text.z_impl_k_uptime_ticks
                0x0000000000007c6a        0x4 zephyr/kernel/libkernel.a(timeout.c.obj)
                0x0000000000007c6a                z_impl_k_uptime_ticks
 .text.k_timer_init
                0x0000000000007c6e       0x18 zephyr/kernel/libkernel.a(timer.c.obj)
                0x0000000000007c6e                k_timer_init
 .text.z_impl_k_timer_stop
                0x0000000000007c86       0x38 zephyr/kernel/libkernel.a(timer.c.obj)
                0x0000000000007c86                z_impl_k_timer_stop
 .text.memcpy   0x0000000000007cbe       0x1c c:\ncs\toolchains\66cdf9b75e\opt\zephyr-sdk\arm-zephyr-eabi\bin\../lib/gcc/../../picolibc/arm-zephyr-eabi/lib/thumb/v7e-m/nofp\libc.a(memcpy.c.o)
                0x0000000000007cbe                __aeabi_memcpy
                0x0000000000007cbe                __aeabi_memcpy4
                0x0000000000007cbe                __aeabi_memcpy8
                0x0000000000007cbe                memcpy
 .text.memmove  0x0000000000007cda       0x34 c:\ncs\toolchains\66cdf9b75e\opt\zephyr-sdk\arm-zephyr-eabi\bin\../lib/gcc/../../picolibc/arm-zephyr-eabi/lib/thumb/v7e-m/nofp\libc.a(memmove.c.o)
                0x0000000000007cda                __aeabi_memmove8
                0x0000000000007cda                __aeabi_memmove
                0x0000000000007cda                __aeabi_memmove4
                0x0000000000007cda                memmove
 .text.memset   0x0000000000007d0e       0x10 c:\ncs\toolchains\66cdf9b75e\opt\zephyr-sdk\arm-zephyr-eabi\bin\../lib/gcc/../../picolibc/arm-zephyr-eabi/lib/thumb/v7e-m/nofp\libc.a(memset.c.o)
                0x0000000000007d0e                memset
 .text.strncpy  0x0000000000007d1e       0x20 c:\ncs\toolchains\66cdf9b75e\opt\zephyr-sdk\arm-zephyr-eabi\bin\../lib/gcc/../../picolibc/arm-zephyr-eabi/lib/thumb/v7e-m/nofp\libc.a(libc_string_strncpy.c.o)
                0x0000000000007d1e                strncpy
 .text.strnlen  0x0000000000007d3e       0x18 c:\ncs\toolchains\66cdf9b75e\opt\zephyr-sdk\arm-zephyr-eabi\bin\../lib/gcc/../../picolibc/arm-zephyr-eabi/lib/thumb/v7e-m/nofp\libc.a(libc_string_strnlen.c.o)
                0x0000000000007d3e                strnlen
 .text.__ultoa_invert
                0x0000000000007d56       0xae c:\ncs\toolchains\66cdf9b75e\opt\zephyr-sdk\arm-zephyr-eabi\bin\../lib/gcc/../../picolibc/arm-zephyr-eabi/lib/thumb/v7e-m/nofp\libc.a(libc_tinystdio_vflprintf.c.o)
 .text.__file_str_put
                0x0000000000007e04       0x10 c:\ncs\toolchains\66cdf9b75e\opt\zephyr-sdk\arm-zephyr-eabi\bin\../lib/gcc/../../picolibc/arm-zephyr-eabi/lib/thumb/v7e-m/nofp\libc.a(libc_tinystdio_filestrput.c.o)
                0x0000000000007e04                __file_str_put
 *(SORT_BY_ALIGNMENT(.TEXT.*))
 .TEXT.__aeabi_read_tp
                0x0000000000007e14        0xc zephyr/arch/arch/arm/core/cortex_m/libarch__arm__core__cortex_m.a(__aeabi_read_tp.S.obj)
                0x0000000000007e14                __aeabi_read_tp
 *(SORT_BY_ALIGNMENT(.gnu.linkonce.t.*))
 *(SORT_BY_ALIGNMENT(.glue_7t))
 .glue_7t       0x0000000000007e20        0x0 linker stubs
 *(SORT_BY_ALIGNMENT(.glue_7))
 .glue_7        0x0000000000007e20        0x0 linker stubs
 *(SORT_BY_ALIGNMENT(.vfp11_veneer))
 .vfp11_veneer  0x0000000000007e20        0x0 linker stubs
 *(SORT_BY_ALIGNMENT(.v4_bx))
 .v4_bx         0x0000000000007e20        0x0 linker stubs
                0x0000000000007e20                . = ALIGN (0x4)
                0x0000000000007e20                __text_region_end = .

.ARM.exidx      0x0000000000007e20        0x8
                0x0000000000007e20                __exidx_start = .
 *(SORT_BY_ALIGNMENT(.ARM.exidx*) SORT_BY_ALIGNMENT(gnu.linkonce.armexidx.*))
 .ARM.exidx     0x0000000000007e20        0x8 c:\ncs\toolchains\66cdf9b75e\opt\zephyr-sdk\arm-zephyr-eabi\bin\../lib/gcc/../../picolibc/arm-zephyr-eabi/lib/thumb/v7e-m/nofp\libc.a(strlen.S.o)
 .ARM.exidx     0x0000000000007e28        0x0 c:/ncs/toolchains/66cdf9b75e/opt/zephyr-sdk/arm-zephyr-eabi/bin/../lib/gcc/arm-zephyr-eabi/12.2.0/thumb/v7e-m/nofp\libgcc.a(_udivmoddi4.o)
                                          0x8 (size before relaxing)
                0x0000000000007e28                __exidx_end = .
                0x0000000000007e28                __rodata_region_start = .

initlevel       0x0000000000007e28       0x48
                0x0000000000007e28                __init_start = .
                0x0000000000007e28                __init_EARLY_start = .
 *(SORT_BY_NAME(SORT_BY_ALIGNMENT(.z_init_EARLY_P_?_*)))
 *(SORT_BY_NAME(SORT_BY_ALIGNMENT(.z_init_EARLY_P_??_*)))
 *(SORT_BY_NAME(SORT_BY_ALIGNMENT(.z_init_EARLY_P_???_*)))
                0x0000000000007e28                __init_PRE_KERNEL_1_start = .
 *(SORT_BY_NAME(SORT_BY_ALIGNMENT(.z_init_PRE_KERNEL_1_P_?_*)))
 .z_init_PRE_KERNEL_1_P_0_SUB_0_
                0x0000000000007e28        0x8 zephyr/soc/soc/nrf52832/libsoc__nordic.a(soc.c.obj)
 .z_init_PRE_KERNEL_1_P_0_SUB_0_
                0x0000000000007e30        0x8 zephyr/soc/soc/nrf52832/libsoc__nordic.a(gppi_init.c.obj)
 *(SORT_BY_NAME(SORT_BY_ALIGNMENT(.z_init_PRE_KERNEL_1_P_??_*)))
 .z_init_PRE_KERNEL_1_P_30_SUB_00062_
                0x0000000000007e38        0x8 zephyr/drivers/clock_control/libdrivers__clock_control.a(clock_control_nrf.c.obj)
 .z_init_PRE_KERNEL_1_P_40_SUB_00011_
                0x0000000000007e40        0x8 zephyr/drivers/gpio/libdrivers__gpio.a(gpio_nrfx.c.obj)
 .z_init_PRE_KERNEL_1_P_50_SUB_00096_
                0x0000000000007e48        0x8 zephyr/drivers/serial/libdrivers__serial.a(uart_nrfx_uarte.c.obj)
 .z_init_PRE_KERNEL_1_P_60_SUB_0_
                0x0000000000007e50        0x8 zephyr/drivers/console/libdrivers__console.a(uart_console.c.obj)
 *(SORT_BY_NAME(SORT_BY_ALIGNMENT(.z_init_PRE_KERNEL_1_P_???_*)))
                0x0000000000007e58                __init_PRE_KERNEL_2_start = .
 *(SORT_BY_NAME(SORT_BY_ALIGNMENT(.z_init_PRE_KERNEL_2_P_?_*)))
 .z_init_PRE_KERNEL_2_P_0_SUB_0_
                0x0000000000007e58        0x8 zephyr/drivers/timer/libdrivers__timer.a(nrf_rtc_timer.c.obj)
 *(SORT_BY_NAME(SORT_BY_ALIGNMENT(.z_init_PRE_KERNEL_2_P_??_*)))
 *(SORT_BY_NAME(SORT_BY_ALIGNMENT(.z_init_PRE_KERNEL_2_P_???_*)))
                0x0000000000007e60                __init_POST_KERNEL_start = .
 *(SORT_BY_NAME(SORT_BY_ALIGNMENT(.z_init_POST_KERNEL_P_?_*)))
 .z_init_POST_KERNEL_P_0_SUB_0_
                0x0000000000007e60        0x8 zephyr/libzephyr.a(log_core.c.obj)
 *(SORT_BY_NAME(SORT_BY_ALIGNMENT(.z_init_POST_KERNEL_P_??_*)))
 .z_init_POST_KERNEL_P_35_SUB_0_
                0x0000000000007e68        0x8 zephyr/lib/libc/common/liblib__libc__common.a(malloc.c.obj)
 *(SORT_BY_NAME(SORT_BY_ALIGNMENT(.z_init_POST_KERNEL_P_???_*)))
                0x0000000000007e70                __init_APPLICATION_start = .
 *(SORT_BY_NAME(SORT_BY_ALIGNMENT(.z_init_APPLICATION_P_?_*)))
 *(SORT_BY_NAME(SORT_BY_ALIGNMENT(.z_init_APPLICATION_P_??_*)))
 *(SORT_BY_NAME(SORT_BY_ALIGNMENT(.z_init_APPLICATION_P_???_*)))
                0x0000000000007e70                __init_SMP_start = .
 *(SORT_BY_NAME(SORT_BY_ALIGNMENT(.z_init_SMP_P_?_*)))
 *(SORT_BY_NAME(SORT_BY_ALIGNMENT(.z_init_SMP_P_??_*)))
 *(SORT_BY_NAME(SORT_BY_ALIGNMENT(.z_init_SMP_P_???_*)))
                0x0000000000007e70                __init_end = .

device_area     0x0000000000007e70       0x60
                0x0000000000007e70                _device_list_start = .
 *(SORT_BY_NAME(SORT_BY_ALIGNMENT(._device.static.*_?_*)))
 *(SORT_BY_NAME(SORT_BY_ALIGNMENT(._device.static.*_??_*)))
 ._device.static.1_30_
                0x0000000000007e70       0x20 zephyr/drivers/clock_control/libdrivers__clock_control.a(clock_control_nrf.c.obj)
                0x0000000000007e70                __device_dts_ord_62
 ._device.static.1_40_
                0x0000000000007e90       0x20 zephyr/drivers/gpio/libdrivers__gpio.a(gpio_nrfx.c.obj)
                0x0000000000007e90                __device_dts_ord_11
 ._device.static.1_50_
                0x0000000000007eb0       0x20 zephyr/drivers/serial/libdrivers__serial.a(uart_nrfx_uarte.c.obj)
                0x0000000000007eb0                __device_dts_ord_96
 *(SORT_BY_NAME(SORT_BY_ALIGNMENT(._device.static.*_???_*)))
 *(SORT_BY_NAME(SORT_BY_ALIGNMENT(._device.static.*_????_*)))
 *(SORT_BY_NAME(SORT_BY_ALIGNMENT(._device.static.*_?????_*)))
                0x0000000000007ed0                _device_list_end = .

sw_isr_table    0x0000000000007ed0      0x138
                0x0000000000007ed0                . = ALIGN (0x4)
 *(SORT_BY_ALIGNMENT(.gnu.linkonce.sw_isr_table*))
 .gnu.linkonce.sw_isr_table
                0x0000000000007ed0      0x138 zephyr/arch/common/libisr_tables.a(isr_tables.c.obj)
                0x0000000000007ed0                _sw_isr_table

initlevel_error
                0x0000000000007e28        0x0
 *(SORT_BY_NAME(SORT_BY_ALIGNMENT(.z_init_*)))
                0x0000000000000001                ASSERT ((SIZEOF (initlevel_error) == 0x0), Undefined initialization levels used.)

app_shmem_regions
                0x0000000000008008        0x0
                0x0000000000008008                __app_shmem_regions_start = .
 *(SORT_BY_NAME(SORT_BY_ALIGNMENT(.app_regions.*)))
                0x0000000000008008                __app_shmem_regions_end = .

k_p4wq_initparam_area
                0x0000000000008008        0x0
                0x0000000000008008                _k_p4wq_initparam_list_start = .
 *(SORT_BY_NAME(SORT_BY_ALIGNMENT(._k_p4wq_initparam.static.*)))
                0x0000000000008008                _k_p4wq_initparam_list_end = .

_static_thread_data_area
                0x0000000000008008        0x0
                0x0000000000008008                __static_thread_data_list_start = .
 *(SORT_BY_NAME(SORT_BY_ALIGNMENT(.__static_thread_data.static.*)))
                0x0000000000008008                __static_thread_data_list_end = .

device_deps     0x0000000000008008        0x0
                0x0000000000008008                __device_deps_start = .
 *(SORT_BY_NAME(SORT_BY_ALIGNMENT(.__device_deps_pass2*)))
                0x0000000000008008                __device_deps_end = .

adc_driver_api_area
                0x0000000000008008        0x0
                0x0000000000008008                _adc_driver_api_list_start = .
 *(SORT_BY_NAME(SORT_BY_ALIGNMENT(._adc_driver_api.static.*)))
                0x0000000000008008                _adc_driver_api_list_end = .

gpio_driver_api_area
                0x0000000000008008       0x24
                0x0000000000008008                _gpio_driver_api_list_start = .
 *(SORT_BY_NAME(SORT_BY_ALIGNMENT(._gpio_driver_api.static.*)))
 ._gpio_driver_api.static.gpio_nrfx_drv_api_funcs_
                0x0000000000008008       0x24 zephyr/drivers/gpio/libdrivers__gpio.a(gpio_nrfx.c.obj)
                0x000000000000802c                _gpio_driver_api_list_end = .

shared_irq_driver_api_area
                0x000000000000802c        0x0
                0x000000000000802c                _shared_irq_driver_api_list_start = .
 *(SORT_BY_NAME(SORT_BY_ALIGNMENT(._shared_irq_driver_api.static.*)))
                0x000000000000802c                _shared_irq_driver_api_list_end = .

crypto_driver_api_area
                0x000000000000802c        0x0
                0x000000000000802c                _crypto_driver_api_list_start = .
 *(SORT_BY_NAME(SORT_BY_ALIGNMENT(._crypto_driver_api.static.*)))
                0x000000000000802c                _crypto_driver_api_list_end = .

auxdisplay_driver_api_area
                0x000000000000802c        0x0
                0x000000000000802c                _auxdisplay_driver_api_list_start = .
 *(SORT_BY_NAME(SORT_BY_ALIGNMENT(._auxdisplay_driver_api.static.*)))
                0x000000000000802c                _auxdisplay_driver_api_list_end = .

bbram_driver_api_area
                0x000000000000802c        0x0
                0x000000000000802c                _bbram_driver_api_list_start = .
 *(SORT_BY_NAME(SORT_BY_ALIGNMENT(._bbram_driver_api.static.*)))
                0x000000000000802c                _bbram_driver_api_list_end = .

bt_hci_driver_api_area
                0x000000000000802c        0x0
                0x000000000000802c                _bt_hci_driver_api_list_start = .
 *(SORT_BY_NAME(SORT_BY_ALIGNMENT(._bt_hci_driver_api.static.*)))
                0x000000000000802c                _bt_hci_driver_api_list_end = .

can_driver_api_area
                0x000000000000802c        0x0
                0x000000000000802c                _can_driver_api_list_start = .
 *(SORT_BY_NAME(SORT_BY_ALIGNMENT(._can_driver_api.static.*)))
                0x000000000000802c                _can_driver_api_list_end = .

cellular_driver_api_area
                0x000000000000802c        0x0
                0x000000000000802c                _cellular_driver_api_list_start = .
 *(SORT_BY_NAME(SORT_BY_ALIGNMENT(._cellular_driver_api.static.*)))
                0x000000000000802c                _cellular_driver_api_list_end = .

charger_driver_api_area
                0x000000000000802c        0x0
                0x000000000000802c                _charger_driver_api_list_start = .
 *(SORT_BY_NAME(SORT_BY_ALIGNMENT(._charger_driver_api.static.*)))
                0x000000000000802c                _charger_driver_api_list_end = .

clock_control_driver_api_area
                0x000000000000802c       0x1c
                0x000000000000802c                _clock_control_driver_api_list_start = .
 *(SORT_BY_NAME(SORT_BY_ALIGNMENT(._clock_control_driver_api.static.*)))
 ._clock_control_driver_api.static.clock_control_api_
                0x000000000000802c       0x1c zephyr/drivers/clock_control/libdrivers__clock_control.a(clock_control_nrf.c.obj)
                0x0000000000008048                _clock_control_driver_api_list_end = .

comparator_driver_api_area
                0x0000000000008048        0x0
                0x0000000000008048                _comparator_driver_api_list_start = .
 *(SORT_BY_NAME(SORT_BY_ALIGNMENT(._comparator_driver_api.static.*)))
                0x0000000000008048                _comparator_driver_api_list_end = .

coredump_driver_api_area
                0x0000000000008048        0x0
                0x0000000000008048                _coredump_driver_api_list_start = .
 *(SORT_BY_NAME(SORT_BY_ALIGNMENT(._coredump_driver_api.static.*)))
                0x0000000000008048                _coredump_driver_api_list_end = .

counter_driver_api_area
                0x0000000000008048        0x0
                0x0000000000008048                _counter_driver_api_list_start = .
 *(SORT_BY_NAME(SORT_BY_ALIGNMENT(._counter_driver_api.static.*)))
                0x0000000000008048                _counter_driver_api_list_end = .

crc_driver_api_area
                0x0000000000008048        0x0
                0x0000000000008048                _crc_driver_api_list_start = .
 *(SORT_BY_NAME(SORT_BY_ALIGNMENT(._crc_driver_api.static.*)))
                0x0000000000008048                _crc_driver_api_list_end = .

dac_driver_api_area
                0x0000000000008048        0x0
                0x0000000000008048                _dac_driver_api_list_start = .
 *(SORT_BY_NAME(SORT_BY_ALIGNMENT(._dac_driver_api.static.*)))
                0x0000000000008048                _dac_driver_api_list_end = .

dai_driver_api_area
                0x0000000000008048        0x0
                0x0000000000008048                _dai_driver_api_list_start = .
 *(SORT_BY_NAME(SORT_BY_ALIGNMENT(._dai_driver_api.static.*)))
                0x0000000000008048                _dai_driver_api_list_end = .

display_driver_api_area
                0x0000000000008048        0x0
                0x0000000000008048                _display_driver_api_list_start = .
 *(SORT_BY_NAME(SORT_BY_ALIGNMENT(._display_driver_api.static.*)))
                0x0000000000008048                _display_driver_api_list_end = .

dma_driver_api_area
                0x0000000000008048        0x0
                0x0000000000008048                _dma_driver_api_list_start = .
 *(SORT_BY_NAME(SORT_BY_ALIGNMENT(._dma_driver_api.static.*)))
                0x0000000000008048                _dma_driver_api_list_end = .

edac_driver_api_area
                0x0000000000008048        0x0
                0x0000000000008048                _edac_driver_api_list_start = .
 *(SORT_BY_NAME(SORT_BY_ALIGNMENT(._edac_driver_api.static.*)))
                0x0000000000008048                _edac_driver_api_list_end = .

eeprom_driver_api_area
                0x0000000000008048        0x0
                0x0000000000008048                _eeprom_driver_api_list_start = .
 *(SORT_BY_NAME(SORT_BY_ALIGNMENT(._eeprom_driver_api.static.*)))
                0x0000000000008048                _eeprom_driver_api_list_end = .

emul_bbram_driver_api_area
                0x0000000000008048        0x0
                0x0000000000008048                _emul_bbram_driver_api_list_start = .
 *(SORT_BY_NAME(SORT_BY_ALIGNMENT(._emul_bbram_driver_api.static.*)))
                0x0000000000008048                _emul_bbram_driver_api_list_end = .

fuel_gauge_emul_driver_api_area
                0x0000000000008048        0x0
                0x0000000000008048                _fuel_gauge_emul_driver_api_list_start = .
 *(SORT_BY_NAME(SORT_BY_ALIGNMENT(._fuel_gauge_emul_driver_api.static.*)))
                0x0000000000008048                _fuel_gauge_emul_driver_api_list_end = .

emul_sensor_driver_api_area
                0x0000000000008048        0x0
                0x0000000000008048                _emul_sensor_driver_api_list_start = .
 *(SORT_BY_NAME(SORT_BY_ALIGNMENT(._emul_sensor_driver_api.static.*)))
                0x0000000000008048                _emul_sensor_driver_api_list_end = .

entropy_driver_api_area
                0x0000000000008048        0x0
                0x0000000000008048                _entropy_driver_api_list_start = .
 *(SORT_BY_NAME(SORT_BY_ALIGNMENT(._entropy_driver_api.static.*)))
                0x0000000000008048                _entropy_driver_api_list_end = .

espi_driver_api_area
                0x0000000000008048        0x0
                0x0000000000008048                _espi_driver_api_list_start = .
 *(SORT_BY_NAME(SORT_BY_ALIGNMENT(._espi_driver_api.static.*)))
                0x0000000000008048                _espi_driver_api_list_end = .

espi_saf_driver_api_area
                0x0000000000008048        0x0
                0x0000000000008048                _espi_saf_driver_api_list_start = .
 *(SORT_BY_NAME(SORT_BY_ALIGNMENT(._espi_saf_driver_api.static.*)))
                0x0000000000008048                _espi_saf_driver_api_list_end = .

flash_driver_api_area
                0x0000000000008048        0x0
                0x0000000000008048                _flash_driver_api_list_start = .
 *(SORT_BY_NAME(SORT_BY_ALIGNMENT(._flash_driver_api.static.*)))
                0x0000000000008048                _flash_driver_api_list_end = .

fpga_driver_api_area
                0x0000000000008048        0x0
                0x0000000000008048                _fpga_driver_api_list_start = .
 *(SORT_BY_NAME(SORT_BY_ALIGNMENT(._fpga_driver_api.static.*)))
                0x0000000000008048                _fpga_driver_api_list_end = .

fuel_gauge_driver_api_area
                0x0000000000008048        0x0
                0x0000000000008048                _fuel_gauge_driver_api_list_start = .
 *(SORT_BY_NAME(SORT_BY_ALIGNMENT(._fuel_gauge_driver_api.static.*)))
                0x0000000000008048                _fuel_gauge_driver_api_list_end = .

gnss_driver_api_area
                0x0000000000008048        0x0
                0x0000000000008048                _gnss_driver_api_list_start = .
 *(SORT_BY_NAME(SORT_BY_ALIGNMENT(._gnss_driver_api.static.*)))
                0x0000000000008048                _gnss_driver_api_list_end = .

haptics_driver_api_area
                0x0000000000008048        0x0
                0x0000000000008048                _haptics_driver_api_list_start = .
 *(SORT_BY_NAME(SORT_BY_ALIGNMENT(._haptics_driver_api.static.*)))
                0x0000000000008048                _haptics_driver_api_list_end = .

hwspinlock_driver_api_area
                0x0000000000008048        0x0
                0x0000000000008048                _hwspinlock_driver_api_list_start = .
 *(SORT_BY_NAME(SORT_BY_ALIGNMENT(._hwspinlock_driver_api.static.*)))
                0x0000000000008048                _hwspinlock_driver_api_list_end = .

i2c_driver_api_area
                0x0000000000008048        0x0
                0x0000000000008048                _i2c_driver_api_list_start = .
 *(SORT_BY_NAME(SORT_BY_ALIGNMENT(._i2c_driver_api.static.*)))
                0x0000000000008048                _i2c_driver_api_list_end = .

i2c_target_driver_api_area
                0x0000000000008048        0x0
                0x0000000000008048                _i2c_target_driver_api_list_start = .
 *(SORT_BY_NAME(SORT_BY_ALIGNMENT(._i2c_target_driver_api.static.*)))
                0x0000000000008048                _i2c_target_driver_api_list_end = .

i2s_driver_api_area
                0x0000000000008048        0x0
                0x0000000000008048                _i2s_driver_api_list_start = .
 *(SORT_BY_NAME(SORT_BY_ALIGNMENT(._i2s_driver_api.static.*)))
                0x0000000000008048                _i2s_driver_api_list_end = .

i3c_driver_api_area
                0x0000000000008048        0x0
                0x0000000000008048                _i3c_driver_api_list_start = .
 *(SORT_BY_NAME(SORT_BY_ALIGNMENT(._i3c_driver_api.static.*)))
                0x0000000000008048                _i3c_driver_api_list_end = .

ipm_driver_api_area
                0x0000000000008048        0x0
                0x0000000000008048                _ipm_driver_api_list_start = .
 *(SORT_BY_NAME(SORT_BY_ALIGNMENT(._ipm_driver_api.static.*)))
                0x0000000000008048                _ipm_driver_api_list_end = .

led_driver_api_area
                0x0000000000008048        0x0
                0x0000000000008048                _led_driver_api_list_start = .
 *(SORT_BY_NAME(SORT_BY_ALIGNMENT(._led_driver_api.static.*)))
                0x0000000000008048                _led_driver_api_list_end = .

led_strip_driver_api_area
                0x0000000000008048        0x0
                0x0000000000008048                _led_strip_driver_api_list_start = .
 *(SORT_BY_NAME(SORT_BY_ALIGNMENT(._led_strip_driver_api.static.*)))
                0x0000000000008048                _led_strip_driver_api_list_end = .

lora_driver_api_area
                0x0000000000008048        0x0
                0x0000000000008048                _lora_driver_api_list_start = .
 *(SORT_BY_NAME(SORT_BY_ALIGNMENT(._lora_driver_api.static.*)))
                0x0000000000008048                _lora_driver_api_list_end = .

mbox_driver_api_area
                0x0000000000008048        0x0
                0x0000000000008048                _mbox_driver_api_list_start = .
 *(SORT_BY_NAME(SORT_BY_ALIGNMENT(._mbox_driver_api.static.*)))
                0x0000000000008048                _mbox_driver_api_list_end = .

mdio_driver_api_area
                0x0000000000008048        0x0
                0x0000000000008048                _mdio_driver_api_list_start = .
 *(SORT_BY_NAME(SORT_BY_ALIGNMENT(._mdio_driver_api.static.*)))
                0x0000000000008048                _mdio_driver_api_list_end = .

mipi_dbi_driver_api_area
                0x0000000000008048        0x0
                0x0000000000008048                _mipi_dbi_driver_api_list_start = .
 *(SORT_BY_NAME(SORT_BY_ALIGNMENT(._mipi_dbi_driver_api.static.*)))
                0x0000000000008048                _mipi_dbi_driver_api_list_end = .

mipi_dsi_driver_api_area
                0x0000000000008048        0x0
                0x0000000000008048                _mipi_dsi_driver_api_list_start = .
 *(SORT_BY_NAME(SORT_BY_ALIGNMENT(._mipi_dsi_driver_api.static.*)))
                0x0000000000008048                _mipi_dsi_driver_api_list_end = .

mspi_driver_api_area
                0x0000000000008048        0x0
                0x0000000000008048                _mspi_driver_api_list_start = .
 *(SORT_BY_NAME(SORT_BY_ALIGNMENT(._mspi_driver_api.static.*)))
                0x0000000000008048                _mspi_driver_api_list_end = .

peci_driver_api_area
                0x0000000000008048        0x0
                0x0000000000008048                _peci_driver_api_list_start = .
 *(SORT_BY_NAME(SORT_BY_ALIGNMENT(._peci_driver_api.static.*)))
                0x0000000000008048                _peci_driver_api_list_end = .

ps2_driver_api_area
                0x0000000000008048        0x0
                0x0000000000008048                _ps2_driver_api_list_start = .
 *(SORT_BY_NAME(SORT_BY_ALIGNMENT(._ps2_driver_api.static.*)))
                0x0000000000008048                _ps2_driver_api_list_end = .

ptp_clock_driver_api_area
                0x0000000000008048        0x0
                0x0000000000008048                _ptp_clock_driver_api_list_start = .
 *(SORT_BY_NAME(SORT_BY_ALIGNMENT(._ptp_clock_driver_api.static.*)))
                0x0000000000008048                _ptp_clock_driver_api_list_end = .

pwm_driver_api_area
                0x0000000000008048        0x0
                0x0000000000008048                _pwm_driver_api_list_start = .
 *(SORT_BY_NAME(SORT_BY_ALIGNMENT(._pwm_driver_api.static.*)))
                0x0000000000008048                _pwm_driver_api_list_end = .

regulator_parent_driver_api_area
                0x0000000000008048        0x0
                0x0000000000008048                _regulator_parent_driver_api_list_start = .
 *(SORT_BY_NAME(SORT_BY_ALIGNMENT(._regulator_parent_driver_api.static.*)))
                0x0000000000008048                _regulator_parent_driver_api_list_end = .

regulator_driver_api_area
                0x0000000000008048        0x0
                0x0000000000008048                _regulator_driver_api_list_start = .
 *(SORT_BY_NAME(SORT_BY_ALIGNMENT(._regulator_driver_api.static.*)))
                0x0000000000008048                _regulator_driver_api_list_end = .

reset_driver_api_area
                0x0000000000008048        0x0
                0x0000000000008048                _reset_driver_api_list_start = .
 *(SORT_BY_NAME(SORT_BY_ALIGNMENT(._reset_driver_api.static.*)))
                0x0000000000008048                _reset_driver_api_list_end = .

retained_mem_driver_api_area
                0x0000000000008048        0x0
                0x0000000000008048                _retained_mem_driver_api_list_start = .
 *(SORT_BY_NAME(SORT_BY_ALIGNMENT(._retained_mem_driver_api.static.*)))
                0x0000000000008048                _retained_mem_driver_api_list_end = .

rtc_driver_api_area
                0x0000000000008048        0x0
                0x0000000000008048                _rtc_driver_api_list_start = .
 *(SORT_BY_NAME(SORT_BY_ALIGNMENT(._rtc_driver_api.static.*)))
                0x0000000000008048                _rtc_driver_api_list_end = .

sdhc_driver_api_area
                0x0000000000008048        0x0
                0x0000000000008048                _sdhc_driver_api_list_start = .
 *(SORT_BY_NAME(SORT_BY_ALIGNMENT(._sdhc_driver_api.static.*)))
                0x0000000000008048                _sdhc_driver_api_list_end = .

sensor_driver_api_area
                0x0000000000008048        0x0
                0x0000000000008048                _sensor_driver_api_list_start = .
 *(SORT_BY_NAME(SORT_BY_ALIGNMENT(._sensor_driver_api.static.*)))
                0x0000000000008048                _sensor_driver_api_list_end = .

smbus_driver_api_area
                0x0000000000008048        0x0
                0x0000000000008048                _smbus_driver_api_list_start = .
 *(SORT_BY_NAME(SORT_BY_ALIGNMENT(._smbus_driver_api.static.*)))
                0x0000000000008048                _smbus_driver_api_list_end = .

spi_driver_api_area
                0x0000000000008048        0x0
                0x0000000000008048                _spi_driver_api_list_start = .