Archive member included to satisfy reference by file (symbol)

app/libapp.a(main.c.obj)      (--whole-archive)
zephyr/libzephyr.a(validate_libc.c.obj)
                              (--whole-archive)
zephyr/libzephyr.a(heap.c.obj)
                              (--whole-archive)
zephyr/libzephyr.a(cbprintf_packaged.c.obj)
                              (--whole-archive)
zephyr/libzephyr.a(clock.c.obj)
                              (--whole-archive)
zephyr/libzephyr.a(printk.c.obj)
                              (--whole-archive)
zephyr/libzephyr.a(sem.c.obj)
                              (--whole-archive)
zephyr/libzephyr.a(thread_entry.c.obj)
                              (--whole-archive)
zephyr/libzephyr.a(cbprintf_complete.c.obj)
                              (--whole-archive)
zephyr/libzephyr.a(assert.c.obj)
                              (--whole-archive)
zephyr/libzephyr.a(mpsc_pbuf.c.obj)
                              (--whole-archive)
zephyr/libzephyr.a(dec.c.obj)
                              (--whole-archive)
zephyr/libzephyr.a(hex.c.obj)
                              (--whole-archive)
zephyr/libzephyr.a(rb.c.obj)  (--whole-archive)
zephyr/libzephyr.a(timeutil.c.obj)
                              (--whole-archive)
zephyr/libzephyr.a(bitarray.c.obj)
                              (--whole-archive)
zephyr/libzephyr.a(bitmask.c.obj)
                              (--whole-archive)
zephyr/libzephyr.a(onoff.c.obj)
                              (--whole-archive)
zephyr/libzephyr.a(notify.c.obj)
                              (--whole-archive)
zephyr/libzephyr.a(ring_buffer.c.obj)
                              (--whole-archive)
zephyr/libzephyr.a(last_section_id.c.obj)
                              (--whole-archive)
zephyr/libzephyr.a(configs.c.obj)
                              (--whole-archive)
zephyr/libzephyr.a(thread_info.c.obj)
                              (--whole-archive)
zephyr/libzephyr.a(log_core.c.obj)
                              (--whole-archive)
zephyr/libzephyr.a(log_mgmt.c.obj)
                              (--whole-archive)
zephyr/libzephyr.a(log_cache.c.obj)
                              (--whole-archive)
zephyr/libzephyr.a(log_msg.c.obj)
                              (--whole-archive)
zephyr/libzephyr.a(log_output.c.obj)
                              (--whole-archive)
zephyr/libzephyr.a(log_backend_uart.c.obj)
                              (--whole-archive)
zephyr/libzephyr.a(mem_attr.c.obj)
                              (--whole-archive)
zephyr/libzephyr.a(tracing_none.c.obj)
                              (--whole-archive)
zephyr/libzephyr.a(banner.c.obj)
                              (--whole-archive)
zephyr/libzephyr.a(flash_map_partition_manager.c.obj)
                              (--whole-archive)
zephyr/arch/common/libarch__common.a(sw_isr_common.c.obj)
                              (--whole-archive)
zephyr/arch/common/libarch__common.a(init.c.obj)
                              (--whole-archive)
zephyr/arch/common/libarch__common.a(xip.c.obj)
                              (--whole-archive)
zephyr/arch/arch/arm/core/libarch__arm__core.a(fatal.c.obj)
                              (--whole-archive)
zephyr/arch/arch/arm/core/libarch__arm__core.a(nmi.c.obj)
                              (--whole-archive)
zephyr/arch/arch/arm/core/libarch__arm__core.a(nmi_on_reset.S.obj)
                              (--whole-archive)
zephyr/arch/arch/arm/core/libarch__arm__core.a(tls.c.obj)
                              (--whole-archive)
zephyr/arch/arch/arm/core/cortex_m/libarch__arm__core__cortex_m.a(exc_exit.c.obj)
                              (--whole-archive)
zephyr/arch/arch/arm/core/cortex_m/libarch__arm__core__cortex_m.a(fault.c.obj)
                              (--whole-archive)
zephyr/arch/arch/arm/core/cortex_m/libarch__arm__core__cortex_m.a(fault_s.S.obj)
                              (--whole-archive)
zephyr/arch/arch/arm/core/cortex_m/libarch__arm__core__cortex_m.a(fpu.c.obj)
                              (--whole-archive)
zephyr/arch/arch/arm/core/cortex_m/libarch__arm__core__cortex_m.a(reset.S.obj)
                              (--whole-archive)
zephyr/arch/arch/arm/core/cortex_m/libarch__arm__core__cortex_m.a(scb.c.obj)
                              (--whole-archive)
zephyr/arch/arch/arm/core/cortex_m/libarch__arm__core__cortex_m.a(thread_abort.c.obj)
                              (--whole-archive)
zephyr/arch/arch/arm/core/cortex_m/libarch__arm__core__cortex_m.a(vector_table.S.obj)
                              (--whole-archive)
zephyr/arch/arch/arm/core/cortex_m/libarch__arm__core__cortex_m.a(swap_helper.S.obj)
                              (--whole-archive)
zephyr/arch/arch/arm/core/cortex_m/libarch__arm__core__cortex_m.a(irq_manage.c.obj)
                              (--whole-archive)
zephyr/arch/arch/arm/core/cortex_m/libarch__arm__core__cortex_m.a(prep_c.c.obj)
                              (--whole-archive)
[...]
Memory Configuration

Name             Origin             Length             Attributes
FLASH            0x0000000000000000 0x0000000000165000 xr
RAM              0x0000000020000000 0x000000000002f000 xw
IDT_LIST         0x00000000ffff7fff 0x0000000000008000 xw
*default*        0x0000000000000000 0xffffffffffffffff

Linker script and memory map

                0x0000000000007b94                vfprintf = __l_vfprintf
                0x0000000000000000                vfscanf = __l_vfscanf
LOAD zephyr/CMakeFiles/zephyr_pre0.dir/misc/empty_file.c.obj
LOAD zephyr/CMakeFiles/offsets.dir/./arch/arm/core/offsets/offsets.c.obj
LOAD app/libapp.a
LOAD zephyr/libzephyr.a
LOAD zephyr/arch/common/libarch__common.a
LOAD zephyr/arch/arch/arm/core/libarch__arm__core.a
LOAD zephyr/arch/arch/arm/core/cortex_m/libarch__arm__core__cortex_m.a
LOAD zephyr/arch/arch/arm/core/cortex_m/cmse/libarch__arm__core__cortex_m__cmse.a
LOAD zephyr/arch/arch/arm/core/mpu/libarch__arm__core__mpu.a
LOAD zephyr/lib/libc/picolibc/liblib__libc__picolibc.a
LOAD zephyr/lib/libc/common/liblib__libc__common.a
LOAD zephyr/soc/soc/nrf54l15/libsoc__nordic.a
LOAD zephyr/drivers/cache/libdrivers__cache.a
LOAD zephyr/drivers/clock_control/libdrivers__clock_control.a
LOAD zephyr/drivers/console/libdrivers__console.a
LOAD zephyr/drivers/gpio/libdrivers__gpio.a
LOAD zephyr/drivers/pinctrl/libdrivers__pinctrl.a
LOAD zephyr/drivers/serial/libdrivers__serial.a
LOAD zephyr/drivers/spi/libdrivers__spi.a
LOAD zephyr/drivers/timer/libdrivers__timer.a
LOAD modules/nrf/subsys/nrf_security/src/zephyr/libmbedtls_zephyr.a
LOAD modules/hal_nordic/modules/hal_nordic/nrfx/libmodules__hal_nordic__nrfx.a
LOAD zephyr/kernel/libkernel.a
LOAD modules/nrf/subsys/nrf_security/src/libmbedcrypto.a
LOAD modules/nrf/subsys/nrf_security/src/core/nrf_oberon/libpsa_core.a
LOAD modules/nrf/subsys/nrf_security/src/drivers/cracen/libcracen_psa_driver.a
LOAD modules/nrf/subsys/nrf_security/src/libmbedcrypto_base.a
LOAD modules/nrf/subsys/nrf_security/src/libnrf_security_utils.a
LOAD zephyr/kernel/libkernel.a
LOAD zephyr/arch/common/libisr_tables.a
LOAD c:\ncs\toolchains\66cdf9b75e\opt\zephyr-sdk\arm-zephyr-eabi\bin\../lib/gcc/../../picolibc/arm-zephyr-eabi/lib/thumb/v8-m.main/nofp\libc.a
LOAD c:/ncs/toolchains/66cdf9b75e/opt/zephyr-sdk/arm-zephyr-eabi/bin/../lib/gcc/arm-zephyr-eabi/12.2.0/thumb/v8-m.main/nofp\libgcc.a
                0x0000000000000020                _region_min_align = 0x20

.rel.plt        0x0000000000000000        0x0
 *(SORT_BY_ALIGNMENT(.rel.plt))
                [!provide]                        PROVIDE (__rel_iplt_start = .)
 *(SORT_BY_ALIGNMENT(.rel.iplt))
 .rel.iplt      0x0000000000000000        0x0 app/libapp.a(main.c.obj)
                [!provide]                        PROVIDE (__rel_iplt_end = .)

.rela.plt       0x0000000000000000        0x0
 *(SORT_BY_ALIGNMENT(.rela.plt))
                [!provide]                        PROVIDE (__rela_iplt_start = .)
 *(SORT_BY_ALIGNMENT(.rela.iplt))
                [!provide]                        PROVIDE (__rela_iplt_end = .)

.rel.dyn
 *(SORT_BY_ALIGNMENT(.rel.*))

.rela.dyn
 *(SORT_BY_ALIGNMENT(.rela.*))

/DISCARD/
 *(SORT_BY_ALIGNMENT(.plt))

/DISCARD/
 *(SORT_BY_ALIGNMENT(.iplt))
                0x0000000000000000                __rom_region_start = 0x0

rom_start       0x0000000000000000      0x47c
                0x0000000000000000                __rom_start_address = .
 FILL mask 0x00
                0x0000000000000000                . = (. + (0x0 - (. - __rom_start_address)))
                0x0000000000000000                . = ALIGN (0x4)
                0x0000000000000000                . = ALIGN (0x80)
                0x0000000000000000                . = ALIGN (0x800)
                0x0000000000000000                _vector_start = .
 *(SORT_BY_ALIGNMENT(.exc_vector_table))
 *(SORT_BY_ALIGNMENT(.exc_vector_table.*))
 .exc_vector_table._vector_table_section
                0x0000000000000000       0x40 zephyr/arch/arch/arm/core/cortex_m/libarch__arm__core__cortex_m.a(vector_table.S.obj)
                0x0000000000000000                _vector_table
 *(SORT_BY_ALIGNMENT(.vectors))
                0x000000000000047c                _vector_end = .
                0x0000000000000040                . = ALIGN (0x4)
 *(SORT_BY_ALIGNMENT(.gnu.linkonce.irq_vector_table*))
 .gnu.linkonce.irq_vector_table
                0x0000000000000040      0x43c zephyr/arch/common/libisr_tables.a(isr_tables.c.obj)
                0x0000000000000040                _irq_vector_table
                0x000000000000047c                _vector_end = .

text            0x000000000000047c     0xa168
                0x000000000000047c                __text_region_start = .
 *(SORT_BY_ALIGNMENT(.text))
 .text          0x000000000000047c       0x30 c:/ncs/toolchains/66cdf9b75e/opt/zephyr-sdk/arm-zephyr-eabi/bin/../lib/gcc/arm-zephyr-eabi/12.2.0/thumb/v8-m.main/nofp\libgcc.a(_aeabi_uldivmod.o)
                0x000000000000047c                __aeabi_uldivmod
 .text          0x00000000000004ac        0x4 c:/ncs/toolchains/66cdf9b75e/opt/zephyr-sdk/arm-zephyr-eabi/bin/../lib/gcc/arm-zephyr-eabi/12.2.0/thumb/v8-m.main/nofp\libgcc.a(_dvmd_tls.o)
                0x00000000000004ac                __aeabi_idiv0
                0x00000000000004ac                __aeabi_ldiv0
 .text          0x00000000000004b0       0x10 c:\ncs\toolchains\66cdf9b75e\opt\zephyr-sdk\arm-zephyr-eabi\bin\../lib/gcc/../../picolibc/arm-zephyr-eabi/lib/thumb/v8-m.main/nofp\libc.a(strlen.S.o)
                0x00000000000004b0                strlen
 .text          0x00000000000004c0      0x29c c:/ncs/toolchains/66cdf9b75e/opt/zephyr-sdk/arm-zephyr-eabi/bin/../lib/gcc/arm-zephyr-eabi/12.2.0/thumb/v8-m.main/nofp\libgcc.a(_udivmoddi4.o)
                0x00000000000004c0                __udivmoddi4
 *(SORT_BY_ALIGNMENT(.text.*))
 .text.saadc_event_handler
                0x000000000000075c       0x94 app/libapp.a(main.c.obj)
 .text.spi_thread
                0x00000000000007f0       0x5c app/libapp.a(main.c.obj)
 .text.main     0x000000000000084c      0x184 app/libapp.a(main.c.obj)
                0x000000000000084c                main
 .text.cbvprintf_package
                0x00000000000009d0      0x3a4 zephyr/libzephyr.a(cbprintf_packaged.c.obj)
                0x00000000000009d0                cbvprintf_package
 .text.cbprintf_package_convert
                0x0000000000000d74      0x3cc zephyr/libzephyr.a(cbprintf_packaged.c.obj)
                0x0000000000000d74                cbprintf_package_convert
 .text.__printk_hook_install
                0x0000000000001140        0xc zephyr/libzephyr.a(printk.c.obj)
                0x0000000000001140                __printk_hook_install
 .text.z_thread_entry
                0x000000000000114c       0x34 zephyr/libzephyr.a(thread_entry.c.obj)
                0x000000000000114c                z_thread_entry
 .text.process_event
                0x0000000000001180      0x21c zephyr/libzephyr.a(onoff.c.obj)
 .text.activate_foreach_backend
                0x000000000000139c       0x64 zephyr/libzephyr.a(log_core.c.obj)
 .text.enable_logger
                0x0000000000001400       0x5c zephyr/libzephyr.a(log_core.c.obj)
 .text.log_process_thread_timer_expiry_fn
                0x000000000000145c        0xc zephyr/libzephyr.a(log_core.c.obj)
 .text.z_log_init
                0x0000000000001468       0x98 zephyr/libzephyr.a(log_core.c.obj)
 .text.log_format_func_t_get
                0x0000000000001500        0xc zephyr/libzephyr.a(log_core.c.obj)
                0x0000000000001500                log_format_func_t_get
 .text.log_set_timestamp_func
                0x000000000000150c       0x20 zephyr/libzephyr.a(log_core.c.obj)
                0x000000000000150c                log_set_timestamp_func
 .text.z_log_notify_backend_enabled
                0x000000000000152c       0x1c zephyr/libzephyr.a(log_core.c.obj)
                0x000000000000152c                z_log_notify_backend_enabled
 .text.z_log_dropped
                0x0000000000001548       0x3c zephyr/libzephyr.a(log_core.c.obj)
                0x0000000000001548                z_log_dropped
 .text.z_log_dropped_read_and_clear
                0x0000000000001584       0x18 zephyr/libzephyr.a(log_core.c.obj)
                0x0000000000001584                z_log_dropped_read_and_clear
 .text.dropped_notify
                0x000000000000159c       0x30 zephyr/libzephyr.a(log_core.c.obj)
                0x000000000000159c                dropped_notify
 .text.z_log_msg_init
                0x00000000000015cc       0x20 zephyr/libzephyr.a(log_core.c.obj)
                0x00000000000015cc                z_log_msg_init
 .text.log_core_init
                0x00000000000015ec       0x54 zephyr/libzephyr.a(log_core.c.obj)
                0x00000000000015ec                log_core_init
 .text.z_log_msg_alloc
                0x0000000000001640       0x10 zephyr/libzephyr.a(log_core.c.obj)
                0x0000000000001640                z_log_msg_alloc
 .text.z_log_msg_local_claim
                0x0000000000001650        0xc zephyr/libzephyr.a(log_core.c.obj)
                0x0000000000001650                z_log_msg_local_claim
 .text.z_log_msg_free
                0x000000000000165c       0x10 zephyr/libzephyr.a(log_core.c.obj)
                0x000000000000165c                z_log_msg_free
 .text.z_log_msg_pending
                0x000000000000166c        0xc zephyr/libzephyr.a(log_core.c.obj)
                0x000000000000166c                z_log_msg_pending
 .text.z_impl_log_process
                0x0000000000001678       0xb8 zephyr/libzephyr.a(log_core.c.obj)
                0x0000000000001678                z_impl_log_process
 .text.z_impl_log_panic
                0x0000000000001730       0x44 zephyr/libzephyr.a(log_core.c.obj)
                0x0000000000001730                z_impl_log_panic
 .text.log_process_thread_func
                0x0000000000001774       0xa4 zephyr/libzephyr.a(log_core.c.obj)
 .text.z_log_msg_post_finalize
                0x0000000000001818       0x78 zephyr/libzephyr.a(log_core.c.obj)
 .text.z_log_msg_commit
                0x0000000000001890       0x24 zephyr/libzephyr.a(log_core.c.obj)
                0x0000000000001890                z_log_msg_commit
 .text.log_source_name_get
                0x00000000000018b4       0x1c zephyr/libzephyr.a(log_mgmt.c.obj)
                0x00000000000018b4                log_source_name_get
 .text.z_impl_z_log_msg_static_create
                0x00000000000018d0      0x108 zephyr/libzephyr.a(log_msg.c.obj)
                0x00000000000018d0                z_impl_z_log_msg_static_create
 .text.z_log_msg_runtime_vcreate
                0x00000000000019d8       0xa0 zephyr/libzephyr.a(log_msg.c.obj)
                0x00000000000019d8                z_log_msg_runtime_vcreate
 .text.log_msg_get_source_id
                0x0000000000001a78       0x18 zephyr/libzephyr.a(log_msg.c.obj)
                0x0000000000001a78                log_msg_get_source_id
 .text.print_formatted
                0x0000000000001a90       0x24 zephyr/libzephyr.a(log_output.c.obj)
 .text.newline_print
                0x0000000000001ab4       0x1c zephyr/libzephyr.a(log_output.c.obj)
 .text.log_output_process
                0x0000000000001ad0      0x2d4 zephyr/libzephyr.a(log_output.c.obj)
                0x0000000000001ad0                log_output_process
 .text.log_output_dropped_process
                0x0000000000001da4       0x58 zephyr/libzephyr.a(log_output.c.obj)
                0x0000000000001da4                log_output_dropped_process
 .text.log_output_timestamp_freq_set
                0x0000000000001dfc       0x2c zephyr/libzephyr.a(log_output.c.obj)
                0x0000000000001dfc                log_output_timestamp_freq_set
 .text.char_out
                0x0000000000001e28       0x24 zephyr/libzephyr.a(log_backend_uart.c.obj)
 .text.mem_attr_get_regions
                0x0000000000001e4c        0xc zephyr/libzephyr.a(mem_attr.c.obj)
                0x0000000000001e4c                mem_attr_get_regions
 .text.boot_banner
                0x0000000000001e58       0x1c zephyr/libzephyr.a(banner.c.obj)
                0x0000000000001e58                boot_banner
 .text.arch_bss_zero
                0x0000000000001e74       0x18 zephyr/arch/common/libarch__common.a(init.c.obj)
                0x0000000000001e74                arch_bss_zero
 .text.arch_data_copy
                0x0000000000001e8c       0x38 zephyr/arch/common/libarch__common.a(xip.c.obj)
                0x0000000000001e8c                arch_data_copy
 .text.z_arm_fatal_error
                0x0000000000001ec4       0xb8 zephyr/arch/arch/arm/core/libarch__arm__core.a(fatal.c.obj)
                0x0000000000001ec4                z_arm_fatal_error
 .text.z_SysNmiOnReset
                0x0000000000001f7c        0x8 zephyr/arch/arch/arm/core/libarch__arm__core.a(nmi_on_reset.S.obj)
                0x0000000000001f7c                z_SysNmiOnReset
 .text.arch_tls_stack_setup
                0x0000000000001f84       0x40 zephyr/arch/arch/arm/core/libarch__arm__core.a(tls.c.obj)
                0x0000000000001f84                arch_tls_stack_setup
 .text._HandlerModeExit
                0x0000000000001fc4       0x20 zephyr/arch/arch/arm/core/cortex_m/libarch__arm__core__cortex_m.a(exc_exit.c.obj)
                0x0000000000001fc4                z_arm_int_exit
                0x0000000000001fc4                z_arm_exc_exit
 .text.mem_manage_fault.constprop.0
                0x0000000000001fe4       0xd0 zephyr/arch/arch/arm/core/cortex_m/libarch__arm__core__cortex_m.a(fault.c.obj)
 .text.usage_fault.constprop.0
                0x00000000000020b4       0xbc zephyr/arch/arch/arm/core/cortex_m/libarch__arm__core__cortex_m.a(fault.c.obj)
 .text.bus_fault.constprop.0
                0x0000000000002170       0xd0 zephyr/arch/arch/arm/core/cortex_m/libarch__arm__core__cortex_m.a(fault.c.obj)
 .text.z_arm_fault
                0x0000000000002240      0x1d0 zephyr/arch/arch/arm/core/cortex_m/libarch__arm__core__cortex_m.a(fault.c.obj)
                0x0000000000002240                z_arm_fault
 .text.z_arm_fault_init
                0x0000000000002410       0x20 zephyr/arch/arch/arm/core/cortex_m/libarch__arm__core__cortex_m.a(fault.c.obj)
                0x0000000000002410                z_arm_fault_init
 .text.__fault  0x0000000000002430       0x14 zephyr/arch/arch/arm/core/cortex_m/libarch__arm__core__cortex_m.a(fault_s.S.obj)
                0x0000000000002430                z_arm_usage_fault
                0x0000000000002430                z_arm_mpu_fault
                0x0000000000002430                z_arm_exc_spurious
                0x0000000000002430                z_arm_debug_monitor
                0x0000000000002430                z_arm_hard_fault
                0x0000000000002430                z_arm_bus_fault
 .text._reset_section
                0x0000000000002444       0x68 zephyr/arch/arch/arm/core/cortex_m/libarch__arm__core__cortex_m.a(reset.S.obj)
                0x0000000000002444                __start
                0x0000000000002444                z_arm_reset
 .text.z_arm_clear_arm_mpu_config
                0x00000000000024ac       0x24 zephyr/arch/arch/arm/core/cortex_m/libarch__arm__core__cortex_m.a(scb.c.obj)
                0x00000000000024ac                z_arm_clear_arm_mpu_config
 .text.z_arm_init_arch_hw_at_boot
                0x00000000000024d0       0x4c zephyr/arch/arch/arm/core/cortex_m/libarch__arm__core__cortex_m.a(scb.c.obj)
                0x00000000000024d0                z_arm_init_arch_hw_at_boot
 .text.z_impl_k_thread_abort
                0x000000000000251c       0x2c zephyr/arch/arch/arm/core/cortex_m/libarch__arm__core__cortex_m.a(thread_abort.c.obj)
                0x000000000000251c                z_impl_k_thread_abort
 .text.z_arm_pendsv
                0x0000000000002548       0x68 zephyr/arch/arch/arm/core/cortex_m/libarch__arm__core__cortex_m.a(swap_helper.S.obj)
                0x0000000000002548                z_arm_pendsv
 .text.z_arm_svc
                0x00000000000025b0       0x24 zephyr/arch/arch/arm/core/cortex_m/libarch__arm__core__cortex_m.a(swap_helper.S.obj)
                0x00000000000025b0                z_arm_svc
 .text.arm_irq_enable
                0x00000000000025d4       0x1c zephyr/arch/arch/arm/core/cortex_m/libarch__arm__core__cortex_m.a(irq_manage.c.obj)
                0x00000000000025d4                arm_irq_enable
 .text.arm_irq_disable
                0x00000000000025f0       0x28 zephyr/arch/arch/arm/core/cortex_m/libarch__arm__core__cortex_m.a(irq_manage.c.obj)
                0x00000000000025f0                arm_irq_disable
 .text.arm_irq_is_enabled
                0x0000000000002618       0x1c zephyr/arch/arch/arm/core/cortex_m/libarch__arm__core__cortex_m.a(irq_manage.c.obj)
                0x0000000000002618                arm_irq_is_enabled
 .text.arm_irq_priority_set
                0x0000000000002634       0x2c zephyr/arch/arch/arm/core/cortex_m/libarch__arm__core__cortex_m.a(irq_manage.c.obj)
                0x0000000000002634                arm_irq_priority_set
 .text.relocate_vector_table
                0x0000000000002660       0x1c zephyr/arch/arch/arm/core/cortex_m/libarch__arm__core__cortex_m.a(prep_c.c.obj)
                0x0000000000002660                relocate_vector_table
 .text.z_prep_c
                0x000000000000267c       0x28 zephyr/arch/arch/arm/core/cortex_m/libarch__arm__core__cortex_m.a(prep_c.c.obj)
                0x000000000000267c                z_prep_c
 .text.arch_new_thread
                0x00000000000026a4       0x38 zephyr/arch/arch/arm/core/cortex_m/libarch__arm__core__cortex_m.a(thread.c.obj)
                0x00000000000026a4                arch_new_thread
 .text.arch_switch_to_main_thread
                0x00000000000026dc       0x44 zephyr/arch/arch/arm/core/cortex_m/libarch__arm__core__cortex_m.a(thread.c.obj)
                0x00000000000026dc                arch_switch_to_main_thread
 .text.z_arm_cpu_idle_init
                0x0000000000002720        0xc zephyr/arch/arch/arm/core/cortex_m/libarch__arm__core__cortex_m.a(cpu_idle.c.obj)
                0x0000000000002720                z_arm_cpu_idle_init
 .text.z_arm_interrupt_init
                0x000000000000272c       0x20 zephyr/arch/arch/arm/core/cortex_m/libarch__arm__core__cortex_m.a(irq_init.c.obj)
                0x000000000000272c                z_arm_interrupt_init
 .text._isr_wrapper
                0x000000000000274c       0x24 zephyr/arch/arch/arm/core/cortex_m/libarch__arm__core__cortex_m.a(isr_wrapper.c.obj)
                0x000000000000274c                _isr_wrapper
 .text.z_arm_configure_static_mpu_regions
                0x0000000000002770       0x38 zephyr/arch/arch/arm/core/mpu/libarch__arm__core__mpu.a(arm_core_mpu.c.obj)
                0x0000000000002770                z_arm_configure_static_mpu_regions
 .text.region_init
                0x00000000000027a8       0x34 zephyr/arch/arch/arm/core/mpu/libarch__arm__core__mpu.a(arm_mpu.c.obj)
 .text.region_allocate_and_init
                0x00000000000027dc       0x38 zephyr/arch/arch/arm/core/mpu/libarch__arm__core__mpu.a(arm_mpu.c.obj)
 .text.mpu_configure_regions_and_partition.constprop.0
                0x0000000000002814      0x164 zephyr/arch/arch/arm/core/mpu/libarch__arm__core__mpu.a(arm_mpu.c.obj)
 .text.arm_core_mpu_enable
                0x0000000000002978       0x18 zephyr/arch/arch/arm/core/mpu/libarch__arm__core__mpu.a(arm_mpu.c.obj)
                0x0000000000002978                arm_core_mpu_enable
 .text.arm_core_mpu_disable
                0x0000000000002990       0x14 zephyr/arch/arch/arm/core/mpu/libarch__arm__core__mpu.a(arm_mpu.c.obj)
                0x0000000000002990                arm_core_mpu_disable
 .text.arm_core_mpu_configure_static_mpu_regions
                0x00000000000029a4       0x14 zephyr/arch/arch/arm/core/mpu/libarch__arm__core__mpu.a(arm_mpu.c.obj)
                0x00000000000029a4                arm_core_mpu_configure_static_mpu_regions
 .text.arm_core_mpu_mark_areas_for_dynamic_regions
                0x00000000000029b8       0xb8 zephyr/arch/arch/arm/core/mpu/libarch__arm__core__mpu.a(arm_mpu.c.obj)
                0x00000000000029b8                arm_core_mpu_mark_areas_for_dynamic_regions
 .text.z_arm_mpu_init
                0x0000000000002a70      0x11c zephyr/arch/arch/arm/core/mpu/libarch__arm__core__mpu.a(arm_mpu.c.obj)
                0x0000000000002a70                z_arm_mpu_init
 .text.cbvprintf
                0x0000000000002b8c       0x38 zephyr/lib/libc/picolibc/liblib__libc__picolibc.a(cbprintf.c.obj)
                0x0000000000002b8c                cbvprintf
 .text.z_impl_zephyr_fputc
                0x0000000000002bc4       0x10 zephyr/lib/libc/picolibc/liblib__libc__picolibc.a(stdio.c.obj)
                0x0000000000002bc4                z_impl_zephyr_fputc
 .text.__stdout_hook_install
                0x0000000000002bd4       0x18 zephyr/lib/libc/picolibc/liblib__libc__picolibc.a(stdio.c.obj)
                0x0000000000002bd4                __stdout_hook_install
 .text.malloc_prepare
                0x0000000000002bec       0x24 zephyr/lib/libc/common/liblib__libc__common.a(malloc.c.obj)
 .text.nordicsemi_nrf54l_init
                0x0000000000002c10       0xa4 zephyr/soc/soc/nrf54l15/libsoc__nordic.a(soc.c.obj)
                0x0000000000002c10                nordicsemi_nrf54l_init
 .text.arch_busy_wait
                0x0000000000002cb4       0x24 zephyr/soc/soc/nrf54l15/libsoc__nordic.a(soc.c.obj)
                0x0000000000002cb4                arch_busy_wait
 .text.gppi_init
                0x0000000000002cd8       0x8c zephyr/soc/soc/nrf54l15/libsoc__nordic.a(gppi_init.c.obj)
 .text.cache_instr_enable
                0x0000000000002d64       0x10 zephyr/drivers/cache/libdrivers__cache.a(cache_nrf.c.obj)
                0x0000000000002d64                cache_instr_enable
 .text.onoff_stop
                0x0000000000002d74       0x30 zephyr/drivers/clock_control/libdrivers__clock_control.a(clock_control_nrf.c.obj)
 .text.onoff_start
                0x0000000000002da4       0x44 zephyr/drivers/clock_control/libdrivers__clock_control.a(clock_control_nrf.c.obj)
 .text.clk_init
                0x0000000000002de8       0x58 zephyr/drivers/clock_control/libdrivers__clock_control.a(clock_control_nrf.c.obj)
 .text.api_blocking_start
                0x0000000000002e40       0x34 zephyr/drivers/clock_control/libdrivers__clock_control.a(clock_control_nrf.c.obj)
 .text.generic_hfclk_stop
                0x0000000000002e74       0x34 zephyr/drivers/clock_control/libdrivers__clock_control.a(clock_control_nrf.c.obj)
 .text.clkstarted_handle.constprop.0
                0x0000000000002ea8       0x4c zephyr/drivers/clock_control/libdrivers__clock_control.a(clock_control_nrf.c.obj)
 .text.generic_hfclk_start
                0x0000000000002ef4       0x78 zephyr/drivers/clock_control/libdrivers__clock_control.a(clock_control_nrf.c.obj)
 .text.z_nrf_clock_control_lf_on
                0x0000000000002f6c       0xf4 zephyr/drivers/clock_control/libdrivers__clock_control.a(clock_control_nrf.c.obj)
                0x0000000000002f6c                z_nrf_clock_control_lf_on
 .text.uart_console_init
                0x0000000000003060       0x28 zephyr/drivers/console/libdrivers__console.a(uart_console.c.obj)
 .text.console_out
                0x0000000000003088       0x28 zephyr/drivers/console/libdrivers__console.a(uart_console.c.obj)
 .text.gpio_nrfx_pin_configure
                0x00000000000030b0      0x17c zephyr/drivers/gpio/libdrivers__gpio.a(gpio_nrfx.c.obj)
 .text.nrfx_gpio_handler
                0x000000000000322c       0x58 zephyr/drivers/gpio/libdrivers__gpio.a(gpio_nrfx.c.obj)
 .text.gpio_nrfx_init
                0x0000000000003284       0x48 zephyr/drivers/gpio/libdrivers__gpio.a(gpio_nrfx.c.obj)
 .text.gpio_nrfx_pin_interrupt_configure
                0x00000000000032cc       0xfc zephyr/drivers/gpio/libdrivers__gpio.a(gpio_nrfx.c.obj)
 .text.nrf_gpio_pin_port_decode
                0x00000000000033c8       0x20 zephyr/drivers/pinctrl/libdrivers__pinctrl.a(pinctrl_nrf.c.obj)
 .text.pinctrl_configure_pins
                0x00000000000033e8      0x180 zephyr/drivers/pinctrl/libdrivers__pinctrl.a(pinctrl_nrf.c.obj)
                0x00000000000033e8                pinctrl_configure_pins
 .text.uarte_nrfx_poll_out
                0x0000000000003568       0xb4 zephyr/drivers/serial/libdrivers__serial.a(uart_nrfx_uarte.c.obj)
 .text.spi_nrfx_init
                0x000000000000361c      0x110 zephyr/drivers/spi/libdrivers__spi.a(spi_nrfx_spim.c.obj)
 .text.event_handler
                0x000000000000372c       0xdc zephyr/drivers/spi/libdrivers__spi.a(spi_nrfx_spim.c.obj)
 .text.spi_nrfx_transceive
                0x0000000000003808      0x354 zephyr/drivers/spi/libdrivers__spi.a(spi_nrfx_spim.c.obj)
 .text.nrf_gpio_cfg_input
                0x0000000000003b5c       0x3c zephyr/drivers/spi/libdrivers__spi.a(spi_nrfx_common.c.obj)
 .text.sys_clock_timeout_handler
                0x0000000000003b98       0x44 zephyr/drivers/timer/libdrivers__timer.a(nrf_grtc_timer.c.obj)
 .text.sys_clock_driver_init
                0x0000000000003bdc       0x88 zephyr/drivers/timer/libdrivers__timer.a(nrf_grtc_timer.c.obj)
 .text.sys_clock_elapsed
                0x0000000000003c64       0x28 zephyr/drivers/timer/libdrivers__timer.a(nrf_grtc_timer.c.obj)
                0x0000000000003c64                sys_clock_elapsed
 .text.sys_clock_set_timeout
                0x0000000000003c8c       0xa0 zephyr/drivers/timer/libdrivers__timer.a(nrf_grtc_timer.c.obj)
                0x0000000000003c8c                sys_clock_set_timeout
 .text.nrf54l_errata_31
                0x0000000000003d2c       0x20 modules/hal_nordic/modules/hal_nordic/nrfx/libmodules__hal_nordic__nrfx.a(system_nrf54l.c.obj)
 .text.nrf54l_handle_approtect_signal
                0x0000000000003d4c       0x34 modules/hal_nordic/modules/hal_nordic/nrfx/libmodules__hal_nordic__nrfx.a(system_nrf54l.c.obj)
 .text.SystemInit
                0x0000000000003d80      0x124 modules/hal_nordic/modules/hal_nordic/nrfx/libmodules__hal_nordic__nrfx.a(system_nrf54l.c.obj)
                0x0000000000003d80                SystemInit
 .text.nrfx_gppi_init
                0x0000000000003ea4        0xc modules/hal_nordic/modules/hal_nordic/nrfx/libmodules__hal_nordic__nrfx.a(nrfx_gppi_dppi.c.obj)
                0x0000000000003ea4                nrfx_gppi_init
 .text.nrfx_gppi_ext_conn_alloc
                0x0000000000003eb0      0x16c modules/hal_nordic/modules/hal_nordic/nrfx/libmodules__hal_nordic__nrfx.a(nrfx_gppi_dppi.c.obj)
                0x0000000000003eb0                nrfx_gppi_ext_conn_alloc
 .text.nrfx_gppi_conn_enable
                0x000000000000401c       0x50 modules/hal_nordic/modules/hal_nordic/nrfx/libmodules__hal_nordic__nrfx.a(nrfx_gppi_dppi.c.obj)
                0x000000000000401c                nrfx_gppi_conn_enable
 .text.nrfx_gppi_domain_channel_get
                0x000000000000406c       0x3c modules/hal_nordic/modules/hal_nordic/nrfx/libmodules__hal_nordic__nrfx.a(nrfx_gppi_dppi.c.obj)
                0x000000000000406c                nrfx_gppi_domain_channel_get
 .text.nrfx_gppi_route_map_get
                0x00000000000040a8        0x8 modules/hal_nordic/modules/hal_nordic/nrfx/libmodules__hal_nordic__nrfx.a(nrfx_gppi_lumos.c.obj)
                0x00000000000040a8                nrfx_gppi_route_map_get
 .text.nrfx_gppi_routes_get
                0x00000000000040b0        0x8 modules/hal_nordic/modules/hal_nordic/nrfx/libmodules__hal_nordic__nrfx.a(nrfx_gppi_lumos.c.obj)
                0x00000000000040b0                nrfx_gppi_routes_get
 .text.nrfx_gppi_nodes_get
                0x00000000000040b8        0x8 modules/hal_nordic/modules/hal_nordic/nrfx/libmodules__hal_nordic__nrfx.a(nrfx_gppi_lumos.c.obj)
                0x00000000000040b8                nrfx_gppi_nodes_get
 .text.nrfx_gppi_channel_init
                0x00000000000040c0       0x10 modules/hal_nordic/modules/hal_nordic/nrfx/libmodules__hal_nordic__nrfx.a(nrfx_gppi_lumos.c.obj)
                0x00000000000040c0                nrfx_gppi_channel_init
 .text.nrfx_gppi_groups_init
                0x00000000000040d0       0x10 modules/hal_nordic/modules/hal_nordic/nrfx/libmodules__hal_nordic__nrfx.a(nrfx_gppi_lumos.c.obj)
                0x00000000000040d0                nrfx_gppi_groups_init
 .text.xo_event_handler
                0x00000000000040e0        0xc modules/hal_nordic/modules/hal_nordic/nrfx/libmodules__hal_nordic__nrfx.a(nrfx_clock.c.obj)
 .text.nrfx_clock_init
                0x00000000000040ec       0x40 modules/hal_nordic/modules/hal_nordic/nrfx/libmodules__hal_nordic__nrfx.a(nrfx_clock.c.obj)
                0x00000000000040ec                nrfx_clock_init
 .text.nrfx_clock_enable
                0x000000000000412c       0x24 modules/hal_nordic/modules/hal_nordic/nrfx/libmodules__hal_nordic__nrfx.a(nrfx_clock.c.obj)
                0x000000000000412c                nrfx_clock_enable
 .text.clock_stop
                0x0000000000004150       0x34 modules/hal_nordic/modules/hal_nordic/nrfx/libmodules__hal_nordic__nrfx.a(nrfx_clock_lfclk.c.obj)
 .text.nrfx_clock_lfclk_init
                0x0000000000004184       0x24 modules/hal_nordic/modules/hal_nordic/nrfx/libmodules__hal_nordic__nrfx.a(nrfx_clock_lfclk.c.obj)
                0x0000000000004184                nrfx_clock_lfclk_init
 .text.nrfx_clock_lfclk_start
                0x00000000000041a8       0x80 modules/hal_nordic/modules/hal_nordic/nrfx/libmodules__hal_nordic__nrfx.a(nrfx_clock_lfclk.c.obj)
                0x00000000000041a8                nrfx_clock_lfclk_start
 .text.nrfx_clock_lfclk_irq_handler
                0x0000000000004228       0x70 modules/hal_nordic/modules/hal_nordic/nrfx/libmodules__hal_nordic__nrfx.a(nrfx_clock_lfclk.c.obj)
                0x0000000000004228                nrfx_clock_lfclk_irq_handler
 .text.clock_stop
                0x0000000000004298       0x54 modules/hal_nordic/modules/hal_nordic/nrfx/libmodules__hal_nordic__nrfx.a(nrfx_clock_xo.c.obj)
 .text.nrfx_clock_xo_init
                0x00000000000042ec       0x1c modules/hal_nordic/modules/hal_nordic/nrfx/libmodules__hal_nordic__nrfx.a(nrfx_clock_xo.c.obj)
                0x00000000000042ec                nrfx_clock_xo_init
 .text.nrfx_clock_xo_start
                0x0000000000004308       0x68 modules/hal_nordic/modules/hal_nordic/nrfx/libmodules__hal_nordic__nrfx.a(nrfx_clock_xo.c.obj)
                0x0000000000004308                nrfx_clock_xo_start
 .text.nrfx_clock_xo_irq_handler
                0x0000000000004370       0x74 modules/hal_nordic/modules/hal_nordic/nrfx/libmodules__hal_nordic__nrfx.a(nrfx_clock_xo.c.obj)
                0x0000000000004370                nrfx_clock_xo_irq_handler
 .text.nrf_gpio_pin_port_decode
                0x00000000000043e4       0x20 modules/hal_nordic/modules/hal_nordic/nrfx/libmodules__hal_nordic__nrfx.a(nrfx_gpiote.c.obj)
 .text.get_pin_idx
                0x0000000000004404       0x14 modules/hal_nordic/modules/hal_nordic/nrfx/libmodules__hal_nordic__nrfx.a(nrfx_gpiote.c.obj)
 .text.latch_pending_read_and_check
                0x0000000000004418       0x58 modules/hal_nordic/modules/hal_nordic/nrfx/libmodules__hal_nordic__nrfx.a(nrfx_gpiote.c.obj)
 .text.pin_uninit
                0x0000000000004470       0x7c modules/hal_nordic/modules/hal_nordic/nrfx/libmodules__hal_nordic__nrfx.a(nrfx_gpiote.c.obj)
 .text.nrfx_gpiote_output_configure
                0x00000000000044ec       0xf4 modules/hal_nordic/modules/hal_nordic/nrfx/libmodules__hal_nordic__nrfx.a(nrfx_gpiote.c.obj)
                0x00000000000044ec                nrfx_gpiote_output_configure
 .text.nrfx_gpiote_init
                0x00000000000045e0       0x70 modules/hal_nordic/modules/hal_nordic/nrfx/libmodules__hal_nordic__nrfx.a(nrfx_gpiote.c.obj)
                0x00000000000045e0                nrfx_gpiote_init
 .text.nrfx_gpiote_channel_free
                0x0000000000004650       0x14 modules/hal_nordic/modules/hal_nordic/nrfx/libmodules__hal_nordic__nrfx.a(nrfx_gpiote.c.obj)
                0x0000000000004650                nrfx_gpiote_channel_free
 .text.nrfx_gpiote_channel_alloc
                0x0000000000004664       0x20 modules/hal_nordic/modules/hal_nordic/nrfx/libmodules__hal_nordic__nrfx.a(nrfx_gpiote.c.obj)
                0x0000000000004664                nrfx_gpiote_channel_alloc
 .text.nrfx_gpiote_irq_handler
                0x0000000000004684      0x1d4 modules/hal_nordic/modules/hal_nordic/nrfx/libmodules__hal_nordic__nrfx.a(nrfx_gpiote.c.obj)
                0x0000000000004684                nrfx_gpiote_irq_handler
 .text.sleep_configure
                0x0000000000004858       0x24 modules/hal_nordic/modules/hal_nordic/nrfx/libmodules__hal_nordic__nrfx.a(nrfx_grtc.c.obj)
 .text.nrfx_grtc_syscounter_get
                0x000000000000487c       0x20 modules/hal_nordic/modules/hal_nordic/nrfx/libmodules__hal_nordic__nrfx.a(nrfx_grtc.c.obj)
                0x000000000000487c                nrfx_grtc_syscounter_get
 .text.nrfx_grtc_channel_callback_set
                0x000000000000489c       0x2c modules/hal_nordic/modules/hal_nordic/nrfx/libmodules__hal_nordic__nrfx.a(nrfx_grtc.c.obj)
                0x000000000000489c                nrfx_grtc_channel_callback_set
 .text.nrfx_grtc_init
                0x00000000000048c8      0x118 modules/hal_nordic/modules/hal_nordic/nrfx/libmodules__hal_nordic__nrfx.a(nrfx_grtc.c.obj)
                0x00000000000048c8                nrfx_grtc_init
 .text.nrfx_grtc_syscounter_start
                0x00000000000049e0       0xc0 modules/hal_nordic/modules/hal_nordic/nrfx/libmodules__hal_nordic__nrfx.a(nrfx_grtc.c.obj)
                0x00000000000049e0                nrfx_grtc_syscounter_start
 .text.nrfx_grtc_syscounter_cc_abs_set
                0x0000000000004aa0       0x70 modules/hal_nordic/modules/hal_nordic/nrfx/libmodules__hal_nordic__nrfx.a(nrfx_grtc.c.obj)
                0x0000000000004aa0                nrfx_grtc_syscounter_cc_abs_set
 .text.nrfx_grtc_syscounter_cc_rel_set
                0x0000000000004b10       0x40 modules/hal_nordic/modules/hal_nordic/nrfx/libmodules__hal_nordic__nrfx.a(nrfx_grtc.c.obj)
                0x0000000000004b10                nrfx_grtc_syscounter_cc_rel_set
 .text.GRTC_2_IRQHandler
                0x0000000000004b50       0xb0 modules/hal_nordic/modules/hal_nordic/nrfx/libmodules__hal_nordic__nrfx.a(nrfx_grtc.c.obj)
                0x0000000000004b50                GRTC_2_IRQHandler
 .text.__nrfy_internal_rramc_config_set.constprop.0.isra.0
                0x0000000000004c00       0x18 modules/hal_nordic/modules/hal_nordic/nrfx/libmodules__hal_nordic__nrfx.a(nrfx_rramc.c.obj)
 .text.nrfx_saadc_ain_get
                0x0000000000004c18       0x2c modules/hal_nordic/modules/hal_nordic/nrfx/libmodules__hal_nordic__nrfx.a(nrfx_saadc.c.obj)
 .text.saadc_channel_count_get
                0x0000000000004c44       0x34 modules/hal_nordic/modules/hal_nordic/nrfx/libmodules__hal_nordic__nrfx.a(nrfx_saadc.c.obj)
 .text.saadc_busy_check
                0x0000000000004c78       0x1c modules/hal_nordic/modules/hal_nordic/nrfx/libmodules__hal_nordic__nrfx.a(nrfx_saadc.c.obj)
 .text.saadc_pre_calibration_state_restore
                0x0000000000004c94       0x64 modules/hal_nordic/modules/hal_nordic/nrfx/libmodules__hal_nordic__nrfx.a(nrfx_saadc.c.obj)
 .text.saadc_channels_deconfig
                0x0000000000004cf8       0x44 modules/hal_nordic/modules/hal_nordic/nrfx/libmodules__hal_nordic__nrfx.a(nrfx_saadc.c.obj)
 .text.__nrfy_internal_saadc_events_process.constprop.0
                0x0000000000004d3c       0x8c modules/hal_nordic/modules/hal_nordic/nrfx/libmodules__hal_nordic__nrfx.a(nrfx_saadc.c.obj)
 .text.saadc_channel_config
                0x0000000000004dc8       0xa4 modules/hal_nordic/modules/hal_nordic/nrfx/libmodules__hal_nordic__nrfx.a(nrfx_saadc.c.obj)
 .text.saadc_generic_mode_set
                0x0000000000004e6c       0xd4 modules/hal_nordic/modules/hal_nordic/nrfx/libmodules__hal_nordic__nrfx.a(nrfx_saadc.c.obj)
 .text.nrfx_saadc_init
                0x0000000000004f40       0x8c modules/hal_nordic/modules/hal_nordic/nrfx/libmodules__hal_nordic__nrfx.a(nrfx_saadc.c.obj)
                0x0000000000004f40                nrfx_saadc_init
 .text.nrfx_saadc_channels_config
                0x0000000000004fcc       0x54 modules/hal_nordic/modules/hal_nordic/nrfx/libmodules__hal_nordic__nrfx.a(nrfx_saadc.c.obj)
                0x0000000000004fcc                nrfx_saadc_channels_config
 .text.nrfx_saadc_advanced_mode_set
                0x0000000000005020       0xa8 modules/hal_nordic/modules/hal_nordic/nrfx/libmodules__hal_nordic__nrfx.a(nrfx_saadc.c.obj)
                0x0000000000005020                nrfx_saadc_advanced_mode_set
 .text.nrfx_saadc_buffer_set
                0x00000000000050c8       0x84 modules/hal_nordic/modules/hal_nordic/nrfx/libmodules__hal_nordic__nrfx.a(nrfx_saadc.c.obj)
                0x00000000000050c8                nrfx_saadc_buffer_set
 .text.nrfx_saadc_mode_trigger
                0x000000000000514c      0x16c modules/hal_nordic/modules/hal_nordic/nrfx/libmodules__hal_nordic__nrfx.a(nrfx_saadc.c.obj)
                0x000000000000514c                nrfx_saadc_mode_trigger
 .text.SAADC_IRQHandler
                0x00000000000052b8      0x1b0 modules/hal_nordic/modules/hal_nordic/nrfx/libmodules__hal_nordic__nrfx.a(nrfx_saadc.c.obj)
                0x00000000000052b8                SAADC_IRQHandler
 .text.nrf_gpio_pin_port_decode
                0x0000000000005468       0x20 modules/hal_nordic/modules/hal_nordic/nrfx/libmodules__hal_nordic__nrfx.a(nrfx_spim.c.obj)
 .text.spim_frequency_valid_check
                0x0000000000005488       0x40 modules/hal_nordic/modules/hal_nordic/nrfx/libmodules__hal_nordic__nrfx.a(nrfx_spim.c.obj)
 .text.pin_init.constprop.0
                0x00000000000054c8       0x4c modules/hal_nordic/modules/hal_nordic/nrfx/libmodules__hal_nordic__nrfx.a(nrfx_spim.c.obj)
 .text.spim_configure
                0x0000000000005514      0x198 modules/hal_nordic/modules/hal_nordic/nrfx/libmodules__hal_nordic__nrfx.a(nrfx_spim.c.obj)
 .text.spim_pin_uninit
                0x00000000000056ac       0x30 modules/hal_nordic/modules/hal_nordic/nrfx/libmodules__hal_nordic__nrfx.a(nrfx_spim.c.obj)
 .text.nrfx_spim_uninit
                0x00000000000056dc       0x70 modules/hal_nordic/modules/hal_nordic/nrfx/libmodules__hal_nordic__nrfx.a(nrfx_spim.c.obj)
                0x00000000000056dc                nrfx_spim_uninit
 .text.timer_configure
                0x000000000000574c       0xa4 modules/hal_nordic/modules/hal_nordic/nrfx/libmodules__hal_nordic__nrfx.a(nrfx_timer.c.obj)
 .text.nrfx_timer_us_to_ticks
                0x00000000000057f0       0x40 modules/hal_nordic/modules/hal_nordic/nrfx/libmodules__hal_nordic__nrfx.a(nrfx_timer.c.obj)
                0x00000000000057f0                nrfx_timer_us_to_ticks
 .text.k_sys_fatal_error_handler
                0x0000000000005830       0x20 zephyr/kernel/libkernel.a(fatal.c.obj)
                0x0000000000005830                k_sys_fatal_error_handler
 .text.z_fatal_error
                0x0000000000005850       0xe8 zephyr/kernel/libkernel.a(fatal.c.obj)
                0x0000000000005850                z_fatal_error
 .text.z_sys_init_run_level
                0x0000000000005938       0x30 zephyr/kernel/libkernel.a(init.c.obj)
 .text.bg_thread_main
                0x0000000000005968       0xc0 zephyr/kernel/libkernel.a(init.c.obj)
 .text.z_init_cpu
                0x0000000000005a28       0x70 zephyr/kernel/libkernel.a(init.c.obj)
                0x0000000000005a28                z_init_cpu
 .text.z_cstart
                0x0000000000005a98       0xd0 zephyr/kernel/libkernel.a(init.c.obj)
                0x0000000000005a98                z_cstart
 .text.put_msg_in_queue
                0x0000000000005b68       0xd4 zephyr/kernel/libkernel.a(msg_q.c.obj)
 .text.z_impl_k_msgq_get
                0x0000000000005c3c       0xc8 zephyr/kernel/libkernel.a(msg_q.c.obj)
                0x0000000000005c3c                z_impl_k_msgq_get
 .text.z_impl_k_mutex_lock
                0x0000000000005d04       0xf0 zephyr/kernel/libkernel.a(mutex.c.obj)
                0x0000000000005d04                z_impl_k_mutex_lock
 .text.z_impl_k_mutex_unlock
                0x0000000000005df4       0xa0 zephyr/kernel/libkernel.a(mutex.c.obj)
                0x0000000000005df4                z_impl_k_mutex_unlock
 .text.z_impl_k_sem_give
                0x0000000000005e94       0x68 zephyr/kernel/libkernel.a(sem.c.obj)
                0x0000000000005e94                z_impl_k_sem_give
 .text.z_impl_k_sem_take
                0x0000000000005efc       0x4c zephyr/kernel/libkernel.a(sem.c.obj)
                0x0000000000005efc                z_impl_k_sem_take
 .text.z_impl_k_sem_reset
                0x0000000000005f48       0x74 zephyr/kernel/libkernel.a(sem.c.obj)
                0x0000000000005f48                z_impl_k_sem_reset
 .text.z_impl_k_thread_name_set
                0x0000000000005fbc       0x20 zephyr/kernel/libkernel.a(thread.c.obj)
                0x0000000000005fbc                z_impl_k_thread_name_set
 .text.z_setup_new_thread
                0x0000000000005fdc       0xd0 zephyr/kernel/libkernel.a(thread.c.obj)
                0x0000000000005fdc                z_setup_new_thread
 .text.z_impl_k_thread_create
                0x00000000000060ac       0x58 zephyr/kernel/libkernel.a(thread.c.obj)
                0x00000000000060ac                z_impl_k_thread_create
 .text.z_dummy_thread_init
                0x0000000000006104       0x1c zephyr/kernel/libkernel.a(thread.c.obj)
                0x0000000000006104                z_dummy_thread_init
 .text.z_swap_irqlock
                0x0000000000006120       0x34 zephyr/kernel/libkernel.a(sched.c.obj)
 .text.ready_thread
                0x0000000000006154       0x84 zephyr/kernel/libkernel.a(sched.c.obj)
 .text.unready_thread
                0x00000000000061d8       0x54 zephyr/kernel/libkernel.a(sched.c.obj)
 .text.add_thread_timeout
                0x000000000000622c       0x1c zephyr/kernel/libkernel.a(sched.c.obj)
 .text.move_thread_to_end_of_prio_q
                0x0000000000006248       0x90 zephyr/kernel/libkernel.a(sched.c.obj)
                0x0000000000006248                move_thread_to_end_of_prio_q
 .text.z_pend_curr
                0x00000000000062d8       0x44 zephyr/kernel/libkernel.a(sched.c.obj)
                0x00000000000062d8                z_pend_curr
 .text.z_thread_prio_set
                0x000000000000631c       0xe4 zephyr/kernel/libkernel.a(sched.c.obj)
                0x000000000000631c                z_thread_prio_set
 .text.z_reschedule
                0x0000000000006400       0x24 zephyr/kernel/libkernel.a(sched.c.obj)
                0x0000000000006400                z_reschedule
 .text.z_reschedule_irqlock
                0x0000000000006424       0x28 zephyr/kernel/libkernel.a(sched.c.obj)
                0x0000000000006424                z_reschedule_irqlock
 .text.k_sched_lock
                0x000000000000644c       0x28 zephyr/kernel/libkernel.a(sched.c.obj)
                0x000000000000644c                k_sched_lock
 .text.k_sched_unlock
                0x0000000000006474       0x68 zephyr/kernel/libkernel.a(sched.c.obj)
                0x0000000000006474                k_sched_unlock
 .text.z_sched_init
                0x00000000000064dc       0x10 zephyr/kernel/libkernel.a(sched.c.obj)
                0x00000000000064dc                z_sched_init
 .text.z_impl_k_yield
                0x00000000000064ec       0x88 zephyr/kernel/libkernel.a(sched.c.obj)
                0x00000000000064ec                z_impl_k_yield
 .text.z_tick_sleep
                0x0000000000006574       0x78 zephyr/kernel/libkernel.a(sched.c.obj)
 .text.z_impl_k_sleep
                0x00000000000065ec       0x5c zephyr/kernel/libkernel.a(sched.c.obj)
                0x00000000000065ec                z_impl_k_sleep
 .text.z_impl_k_wakeup
                0x0000000000006648       0x48 zephyr/kernel/libkernel.a(sched.c.obj)
                0x0000000000006648                z_impl_k_wakeup
 .text.z_impl_k_sched_current_thread_query
                0x0000000000006690        0xc zephyr/kernel/libkernel.a(sched.c.obj)
                0x0000000000006690                z_impl_k_sched_current_thread_query
 .text.z_thread_abort
                0x000000000000669c      0x144 zephyr/kernel/libkernel.a(sched.c.obj)
                0x000000000000669c                z_thread_abort
 .text.slice_timeout
                0x00000000000067e0       0x20 zephyr/kernel/libkernel.a(timeslicing.c.obj)
 .text.thread_is_sliceable
                0x0000000000006800       0x3c zephyr/kernel/libkernel.a(timeslicing.c.obj)
                0x0000000000006800                thread_is_sliceable
 .text.z_reset_time_slice
                0x000000000000683c       0x50 zephyr/kernel/libkernel.a(timeslicing.c.obj)
                0x000000000000683c                z_reset_time_slice
 .text.z_time_slice
                0x000000000000688c       0x60 zephyr/kernel/libkernel.a(timeslicing.c.obj)
                0x000000000000688c                z_time_slice
 .text.z_thread_monitor_exit
                0x00000000000068ec       0x44 zephyr/kernel/libkernel.a(thread_monitor.c.obj)
                0x00000000000068ec                z_thread_monitor_exit
 .text.first    0x0000000000006930       0x10 zephyr/kernel/libkernel.a(timeout.c.obj)
 .text.elapsed  0x0000000000006940       0x14 zephyr/kernel/libkernel.a(timeout.c.obj)
 .text.remove_timeout
                0x0000000000006954       0x38 zephyr/kernel/libkernel.a(timeout.c.obj)
 .text.z_add_timeout
                0x000000000000698c      0x120 zephyr/kernel/libkernel.a(timeout.c.obj)
                0x000000000000698c                z_add_timeout
 .text.sys_clock_announce
                0x0000000000006aac       0xbc zephyr/kernel/libkernel.a(timeout.c.obj)
                0x0000000000006aac                sys_clock_announce
 .text.sys_clock_tick_get
                0x0000000000006b68       0x30 zephyr/kernel/libkernel.a(timeout.c.obj)
                0x0000000000006b68                sys_clock_tick_get
 .text.z_timer_expiration_handler
                0x0000000000006b98      0x110 zephyr/kernel/libkernel.a(timer.c.obj)
                0x0000000000006b98                z_timer_expiration_handler
 .text.z_impl_k_timer_start
                0x0000000000006ca8       0x70 zephyr/kernel/libkernel.a(timer.c.obj)
                0x0000000000006ca8                z_impl_k_timer_start
 .text.statics_init
                0x0000000000006d18       0x24 zephyr/kernel/libkernel.a(kheap.c.obj)
 .text.psa_get_initialized
                0x0000000000006d3c       0x4c modules/nrf/subsys/nrf_security/src/core/nrf_oberon/libpsa_core.a(psa_crypto.c.obj)
 .text.mbedtls_psa_crypto_free
                0x0000000000006d88       0x90 modules/nrf/subsys/nrf_security/src/core/nrf_oberon/libpsa_core.a(psa_crypto.c.obj)
                0x0000000000006d88                mbedtls_psa_crypto_free
 .text.psa_crypto_init
                0x0000000000006e18      0x104 modules/nrf/subsys/nrf_security/src/core/nrf_oberon/libpsa_core.a(psa_crypto.c.obj)
                0x0000000000006e18                psa_crypto_init
 .text.psa_initialize_key_slots
                0x0000000000006f1c       0x10 modules/nrf/subsys/nrf_security/src/core/nrf_oberon/libpsa_core.a(psa_crypto_slot_management.c.obj)
                0x0000000000006f1c                psa_initialize_key_slots
 .text.psa_wipe_all_key_slots
                0x0000000000006f2c       0x34 modules/nrf/subsys/nrf_security/src/core/nrf_oberon/libpsa_core.a(psa_crypto_slot_management.c.obj)
                0x0000000000006f2c                psa_wipe_all_key_slots
 .text.mbedtls_free
                0x0000000000006f60        0xc modules/nrf/subsys/nrf_security/src/core/nrf_oberon/libpsa_core.a(platform.c.obj)
                0x0000000000006f60                mbedtls_free
 .text.mbedtls_platform_zeroize
                0x0000000000006f6c       0x18 modules/nrf/subsys/nrf_security/src/core/nrf_oberon/libpsa_core.a(platform_util.c.obj)
                0x0000000000006f6c                mbedtls_platform_zeroize
 .text.cracen_acquire
                0x0000000000006f84       0x40 modules/nrf/subsys/nrf_security/src/drivers/cracen/libcracen_psa_driver.a(cracen.c.obj)
                0x0000000000006f84                cracen_acquire
 .text.cracen_release
                0x0000000000006fc4       0x6c modules/nrf/subsys/nrf_security/src/drivers/cracen/libcracen_psa_driver.a(cracen.c.obj)
                0x0000000000006fc4                cracen_release
 .text.cracen_init
                0x0000000000007030       0x4c modules/nrf/subsys/nrf_security/src/drivers/cracen/libcracen_psa_driver.a(cracen.c.obj)
                0x0000000000007030                cracen_init
 .text.ctr_drbg_update
                0x000000000000707c       0x9c modules/nrf/subsys/nrf_security/src/drivers/cracen/libcracen_psa_driver.a(ctr_drbg.c.obj)
 .text.cracen_init_random
                0x0000000000007118       0x74 modules/nrf/subsys/nrf_security/src/drivers/cracen/libcracen_psa_driver.a(ctr_drbg.c.obj)
                0x0000000000007118                cracen_init_random
 .text.cracen_get_random
                0x000000000000718c      0x110 modules/nrf/subsys/nrf_security/src/drivers/cracen/libcracen_psa_driver.a(ctr_drbg.c.obj)
                0x000000000000718c                cracen_get_random
 .text.lib_kmu_clear_all_events
                0x000000000000729c       0x24 modules/nrf/subsys/nrf_security/src/drivers/cracen/libcracen_psa_driver.a(lib_kmu.c.obj)
                0x000000000000729c                lib_kmu_clear_all_events
 .text.trigger_task_and_wait_for_event_or_error
                0x00000000000072c0       0x54 modules/nrf/subsys/nrf_security/src/drivers/cracen/libcracen_psa_driver.a(lib_kmu.c.obj)
 .text.lib_kmu_provision_slot
                0x0000000000007314       0x3c modules/nrf/subsys/nrf_security/src/drivers/cracen/libcracen_psa_driver.a(lib_kmu.c.obj)
                0x0000000000007314                lib_kmu_provision_slot
 .text.lib_kmu_push_slot
                0x0000000000007350       0x1c modules/nrf/subsys/nrf_security/src/drivers/cracen/libcracen_psa_driver.a(lib_kmu.c.obj)
                0x0000000000007350                lib_kmu_push_slot
 .text.lib_kmu_revoke_slot
                0x000000000000736c       0x34 modules/nrf/subsys/nrf_security/src/drivers/cracen/libcracen_psa_driver.a(lib_kmu.c.obj)
                0x000000000000736c                lib_kmu_revoke_slot
 .text.lib_kmu_read_metadata
                0x00000000000073a0       0x30 modules/nrf/subsys/nrf_security/src/drivers/cracen/libcracen_psa_driver.a(lib_kmu.c.obj)
                0x00000000000073a0                lib_kmu_read_metadata
 .text.cracen_kmu_provision
                0x00000000000073d0      0x250 modules/nrf/subsys/nrf_security/src/drivers/cracen/libcracen_psa_driver.a(kmu.c.obj)
                0x00000000000073d0                cracen_kmu_provision
 .text.cracen_provision_prot_ram_inv_slots
                0x0000000000007620       0x7c modules/nrf/subsys/nrf_security/src/drivers/cracen/libcracen_psa_driver.a(kmu.c.obj)
                0x0000000000007620                cracen_provision_prot_ram_inv_slots
 .text.sx_blkcipher_ecb_simple
                0x000000000000769c       0xb8 modules/nrf/subsys/nrf_security/src/drivers/cracen/libcracen_psa_driver.a(blkcipher.c.obj)
                0x000000000000769c                sx_blkcipher_ecb_simple
 .text.sx_trng_flush
                0x0000000000007754       0x30 modules/nrf/subsys/nrf_security/src/drivers/cracen/libcracen_psa_driver.a(trng.c.obj)
 .text.sx_trng_restart
                0x0000000000007784       0x28 modules/nrf/subsys/nrf_security/src/drivers/cracen/libcracen_psa_driver.a(trng.c.obj)
                0x0000000000007784                sx_trng_restart
 .text.sx_trng_open
                0x00000000000077ac       0xa4 modules/nrf/subsys/nrf_security/src/drivers/cracen/libcracen_psa_driver.a(trng.c.obj)
                0x00000000000077ac                sx_trng_open
 .text.sx_trng_get
                0x0000000000007850       0xd4 modules/nrf/subsys/nrf_security/src/drivers/cracen/libcracen_psa_driver.a(trng.c.obj)
                0x0000000000007850                sx_trng_get
 .text.sx_hw_reserve
                0x0000000000007924       0x54 modules/nrf/subsys/nrf_security/src/drivers/cracen/libcracen_psa_driver.a(cmdma_hw.c.obj)
                0x0000000000007924                sx_hw_reserve
 .text.sx_cmdma_release_hw
                0x0000000000007978       0x30 modules/nrf/subsys/nrf_security/src/drivers/cracen/libcracen_psa_driver.a(cmdma_hw.c.obj)
                0x0000000000007978                sx_cmdma_release_hw
 .text.cracen_isr_handler
                0x00000000000079a8       0x68 modules/nrf/subsys/nrf_security/src/drivers/cracen/libcracen_psa_driver.a(interrupts.c.obj)
                0x00000000000079a8                cracen_isr_handler
 .text.cracen_interrupts_init
                0x0000000000007a10       0x28 modules/nrf/subsys/nrf_security/src/drivers/cracen/libcracen_psa_driver.a(interrupts.c.obj)
                0x0000000000007a10                cracen_interrupts_init
 .text.cracen_wait_for_cm_interrupt
                0x0000000000007a38       0x30 modules/nrf/subsys/nrf_security/src/drivers/cracen/libcracen_psa_driver.a(interrupts.c.obj)
                0x0000000000007a38                cracen_wait_for_cm_interrupt
 .text.sx_pk_fetch_capabilities
                0x0000000000007a68       0x24 modules/nrf/subsys/nrf_security/src/drivers/cracen/libcracen_psa_driver.a(pk_baremetal.c.obj)
                0x0000000000007a68                sx_pk_fetch_capabilities
 .text.sx_pk_init
                0x0000000000007a8c       0x3c modules/nrf/subsys/nrf_security/src/drivers/cracen/libcracen_psa_driver.a(pk_baremetal.c.obj)
                0x0000000000007a8c                sx_pk_init
 .text.sx_get_current_req
                0x0000000000007ac8        0x8 modules/nrf/subsys/nrf_security/src/drivers/cracen/libcracen_psa_driver.a(pk_baremetal.c.obj)
                0x0000000000007ac8                sx_get_current_req
 .text.k_event_post_internal
                0x0000000000007ad0       0x6c zephyr/kernel/libkernel.a(events.c.obj)
 .text.snprintf
                0x0000000000007b3c       0x58 c:\ncs\toolchains\66cdf9b75e\opt\zephyr-sdk\arm-zephyr-eabi\bin\../lib/gcc/../../picolibc/arm-zephyr-eabi/lib/thumb/v8-m.main/nofp\libc.a(libc_tinystdio_snprintf.c.o)
                0x0000000000007b3c                snprintf
 .text.__l_vfprintf
                0x0000000000007b94      0x4b4 c:\ncs\toolchains\66cdf9b75e\opt\zephyr-sdk\arm-zephyr-eabi\bin\../lib/gcc/../../picolibc/arm-zephyr-eabi/lib/thumb/v8-m.main/nofp\libc.a(libc_tinystdio_vflprintf.c.o)
                0x0000000000007b94                __l_vfprintf
 .text._OffsetAbsSyms
                0x0000000000008048        0x2 zephyr/CMakeFiles/offsets.dir/./arch/arm/core/offsets/offsets.c.obj
                0x0000000000008048                _OffsetAbsSyms
 .text.z_log_msg_simple_create_1
                0x000000000000804a        0x4 app/libapp.a(main.c.obj)
 .text.chunk_field
                0x000000000000804e       0x16 zephyr/libzephyr.a(heap.c.obj)
 .text.chunk_set
                0x0000000000008064       0x16 zephyr/libzephyr.a(heap.c.obj)
 .text.chunk_size
                0x000000000000807a        0xc zephyr/libzephyr.a(heap.c.obj)
 .text.set_chunk_used
                0x0000000000008086       0x30 zephyr/libzephyr.a(heap.c.obj)
 .text.set_chunk_size
                0x00000000000080b6        0x8 zephyr/libzephyr.a(heap.c.obj)
 .text.bucket_idx
                0x00000000000080be       0x1e zephyr/libzephyr.a(heap.c.obj)
 .text.free_list_add
                0x00000000000080dc       0x84 zephyr/libzephyr.a(heap.c.obj)
 .text.sys_heap_init
                0x0000000000008160       0xb0 zephyr/libzephyr.a(heap.c.obj)
                0x0000000000008160                sys_heap_init
 .text.cbpprintf_external
                0x0000000000008210       0x62 zephyr/libzephyr.a(cbprintf_packaged.c.obj)
                0x0000000000008210                cbpprintf_external
 .text.is_ptr   0x0000000000008272       0x4a zephyr/libzephyr.a(cbprintf_packaged.c.obj)
                0x0000000000008272                is_ptr
 .text.arch_printk_char_out
                0x00000000000082bc        0x4 zephyr/libzephyr.a(printk.c.obj)
                0x00000000000082bc                arch_printk_char_out
 .text.printk   0x00000000000082c0       0x1a zephyr/libzephyr.a(printk.c.obj)
                0x00000000000082c0                printk
 .text.free_space
                0x00000000000082da       0x26 zephyr/libzephyr.a(mpsc_pbuf.c.obj)
 .text.get_usage
                0x0000000000008300       0x22 zephyr/libzephyr.a(mpsc_pbuf.c.obj)
 .text.idx_inc  0x0000000000008322       0x1c zephyr/libzephyr.a(mpsc_pbuf.c.obj)
 .text.rd_idx_inc
                0x000000000000833e       0x18 zephyr/libzephyr.a(mpsc_pbuf.c.obj)
 .text.add_skip_item
                0x0000000000008356       0x3e zephyr/libzephyr.a(mpsc_pbuf.c.obj)
 .text.drop_item_locked
                0x0000000000008394      0x100 zephyr/libzephyr.a(mpsc_pbuf.c.obj)
 .text.post_drop_action
                0x0000000000008494       0x36 zephyr/libzephyr.a(mpsc_pbuf.c.obj)
 .text.max_utilization_update
                0x00000000000084ca       0x1a zephyr/libzephyr.a(mpsc_pbuf.c.obj)
 .text.mpsc_pbuf_init
                0x00000000000084e4       0x42 zephyr/libzephyr.a(mpsc_pbuf.c.obj)
                0x00000000000084e4                mpsc_pbuf_init
 .text.mpsc_pbuf_alloc
                0x0000000000008526       0xfe zephyr/libzephyr.a(mpsc_pbuf.c.obj)
                0x0000000000008526                mpsc_pbuf_alloc
 .text.mpsc_pbuf_commit
                0x0000000000008624       0x3e zephyr/libzephyr.a(mpsc_pbuf.c.obj)
                0x0000000000008624                mpsc_pbuf_commit
 .text.mpsc_pbuf_claim
                0x0000000000008662       0xa8 zephyr/libzephyr.a(mpsc_pbuf.c.obj)
                0x0000000000008662                mpsc_pbuf_claim
 .text.mpsc_pbuf_free
                0x000000000000870a       0x76 zephyr/libzephyr.a(mpsc_pbuf.c.obj)
                0x000000000000870a                mpsc_pbuf_free
 .text.mpsc_pbuf_is_pending
                0x0000000000008780       0x32 zephyr/libzephyr.a(mpsc_pbuf.c.obj)
                0x0000000000008780                mpsc_pbuf_is_pending
 .text.process_recheck
                0x00000000000087b2       0x38 zephyr/libzephyr.a(onoff.c.obj)
 .text.validate_args
                0x00000000000087ea       0x20 zephyr/libzephyr.a(onoff.c.obj)
 .text.notify_one
                0x000000000000880a       0x2c zephyr/libzephyr.a(onoff.c.obj)
 .text.transition_complete
                0x0000000000008836       0x1a zephyr/libzephyr.a(onoff.c.obj)
 .text.onoff_manager_init
                0x0000000000008850       0x26 zephyr/libzephyr.a(onoff.c.obj)
                0x0000000000008850                onoff_manager_init
 .text.onoff_request
                0x0000000000008876       0xae zephyr/libzephyr.a(onoff.c.obj)
                0x0000000000008876                onoff_request
 .text.sys_notify_validate
                0x0000000000008924       0x22 zephyr/libzephyr.a(notify.c.obj)
                0x0000000000008924                sys_notify_validate
 .text.sys_notify_finalize
                0x0000000000008946       0x1a zephyr/libzephyr.a(notify.c.obj)
                0x0000000000008946                sys_notify_finalize
 .text._ConfigAbsSyms
                0x0000000000008960        0x2 zephyr/libzephyr.a(configs.c.obj)
                0x0000000000008960                _ConfigAbsSyms
 .text.log_msg_generic_get_wlen
                0x0000000000008962       0x20 zephyr/libzephyr.a(log_core.c.obj)
 .text.dummy_timestamp
                0x0000000000008982        0x4 zephyr/libzephyr.a(log_core.c.obj)
 .text.default_get_timestamp
                0x0000000000008986        0x4 zephyr/libzephyr.a(log_core.c.obj)
 .text.atomic_inc
                0x000000000000898a       0x12 zephyr/libzephyr.a(log_core.c.obj)
 .text.z_log_vprintk
                0x000000000000899c       0x1c zephyr/libzephyr.a(log_core.c.obj)
                0x000000000000899c                z_log_vprintk
 .text.z_log_notify_drop
                0x00000000000089b8        0x6 zephyr/libzephyr.a(log_core.c.obj)
 .text.z_log_get_tag
                0x00000000000089be        0x4 zephyr/libzephyr.a(log_core.c.obj)
                0x00000000000089be                z_log_get_tag
 .text.log_backend_enable
                0x00000000000089c2       0x12 zephyr/libzephyr.a(log_mgmt.c.obj)
                0x00000000000089c2                log_backend_enable
 .text.z_cbprintf_cpy
                0x00000000000089d4       0x2e zephyr/libzephyr.a(log_msg.c.obj)
 .text.z_log_msg_finalize
                0x0000000000008a02       0x32 zephyr/libzephyr.a(log_msg.c.obj)
                0x0000000000008a02                z_log_msg_finalize
 .text.z_log_msg_simple_create
                0x0000000000008a34       0x6e zephyr/libzephyr.a(log_msg.c.obj)
 .text.z_impl_z_log_msg_simple_create_0
                0x0000000000008aa2       0x12 zephyr/libzephyr.a(log_msg.c.obj)
                0x0000000000008aa2                z_impl_z_log_msg_simple_create_0
 .text.z_impl_z_log_msg_simple_create_1
                0x0000000000008ab4       0x14 zephyr/libzephyr.a(log_msg.c.obj)
                0x0000000000008ab4                z_impl_z_log_msg_simple_create_1
 .text.log_output_write
                0x0000000000008ac8       0x1c zephyr/libzephyr.a(log_output.c.obj)
 .text.log_output_flush
                0x0000000000008ae4       0x1a zephyr/libzephyr.a(log_output.c.obj)
 .text.out_func
                0x0000000000008afe       0x2e zephyr/libzephyr.a(log_output.c.obj)
 .text.cr_out_func
                0x0000000000008b2c       0x1c zephyr/libzephyr.a(log_output.c.obj)
 .text.log_output_msg_process
                0x0000000000008b48       0x6a zephyr/libzephyr.a(log_output.c.obj)
                0x0000000000008b48                log_output_msg_process
 .text.format_set
                0x0000000000008bb2        0xc zephyr/libzephyr.a(log_backend_uart.c.obj)
 .text.log_backend_uart_init
                0x0000000000008bbe        0xc zephyr/libzephyr.a(log_backend_uart.c.obj)
 .text.panic    0x0000000000008bca       0x32 zephyr/libzephyr.a(log_backend_uart.c.obj)
 .text.dropped  0x0000000000008bfc        0xa zephyr/libzephyr.a(log_backend_uart.c.obj)
 .text.process  0x0000000000008c06       0x1e zephyr/libzephyr.a(log_backend_uart.c.obj)
 .text.arch_early_memset
                0x0000000000008c24        0x4 zephyr/arch/common/libarch__common.a(init.c.obj)
                0x0000000000008c24                arch_early_memset
 .text.arch_early_memcpy
                0x0000000000008c28        0x4 zephyr/arch/common/libarch__common.a(init.c.obj)
                0x0000000000008c28                arch_early_memcpy
 .text.z_do_kernel_oops
                0x0000000000008c2c        0x8 zephyr/arch/arch/arm/core/libarch__arm__core.a(fatal.c.obj)
                0x0000000000008c2c                z_do_kernel_oops
 .text.z_arm_nmi
                0x0000000000008c34        0xe zephyr/arch/arch/arm/core/libarch__arm__core.a(nmi.c.obj)
                0x0000000000008c34                z_arm_nmi
 .text.z_log_msg_simple_create_0.constprop.0
                0x0000000000008c42        0x8 zephyr/arch/arch/arm/core/cortex_m/libarch__arm__core__cortex_m.a(fault.c.obj)
 .text.z_irq_spurious
                0x0000000000008c4a        0x8 zephyr/arch/arch/arm/core/cortex_m/libarch__arm__core__cortex_m.a(irq_manage.c.obj)
                0x0000000000008c4a                z_irq_spurious
 .text.configure_builtin_stack_guard
                0x0000000000008c52        0xa zephyr/arch/arch/arm/core/cortex_m/libarch__arm__core__cortex_m.a(thread.c.obj)
                0x0000000000008c52                configure_builtin_stack_guard
 .text.arch_coprocessors_disable
                0x0000000000008c5c        0x6 zephyr/arch/arch/arm/core/cortex_m/libarch__arm__core__cortex_m.a(thread.c.obj)
                0x0000000000008c5c                arch_coprocessors_disable
 .text.arch_irq_unlock_outlined
                0x0000000000008c62        0xe zephyr/arch/arch/arm/core/cortex_m/libarch__arm__core__cortex_m.a(thread.c.obj)
                0x0000000000008c62                arch_irq_unlock_outlined
 .text.arch_cpu_idle
                0x0000000000008c70       0x1a zephyr/arch/arch/arm/core/cortex_m/libarch__arm__core__cortex_m.a(cpu_idle.c.obj)
                0x0000000000008c70                arch_cpu_idle
 .text.arch_cpu_atomic_idle
                0x0000000000008c8a       0x1e zephyr/arch/arch/arm/core/cortex_m/libarch__arm__core__cortex_m.a(cpu_idle.c.obj)
                0x0000000000008c8a                arch_cpu_atomic_idle
 .text.arm_cmse_mpu_region_get
                0x0000000000008ca8       0x12 zephyr/arch/arch/arm/core/cortex_m/cmse/libarch__arm__core__cortex_m__cmse.a(arm_core_cmse.c.obj)
                0x0000000000008ca8                arm_cmse_mpu_region_get
 .text.mpu_configure_region
                0x0000000000008cba       0x32 zephyr/arch/arch/arm/core/mpu/libarch__arm__core__mpu.a(arm_mpu.c.obj)
 .text.cbputc   0x0000000000008cec        0xc zephyr/lib/libc/picolibc/liblib__libc__picolibc.a(cbprintf.c.obj)
 .text.picolibc_put
                0x0000000000008cf8        0xa zephyr/lib/libc/picolibc/liblib__libc__picolibc.a(stdio.c.obj)
 .text.get_status
                0x0000000000008d02       0x12 zephyr/drivers/clock_control/libdrivers__clock_control.a(clock_control_nrf.c.obj)
 .text.stop     0x0000000000008d14       0x50 zephyr/drivers/clock_control/libdrivers__clock_control.a(clock_control_nrf.c.obj)
 .text.api_stop
                0x0000000000008d64        0x6 zephyr/drivers/clock_control/libdrivers__clock_control.a(clock_control_nrf.c.obj)
 .text.async_start
                0x0000000000008d6a       0x5a zephyr/drivers/clock_control/libdrivers__clock_control.a(clock_control_nrf.c.obj)
 .text.api_start
                0x0000000000008dc4        0xe zephyr/drivers/clock_control/libdrivers__clock_control.a(clock_control_nrf.c.obj)
 .text.onoff_started_callback
                0x0000000000008dd2       0x12 zephyr/drivers/clock_control/libdrivers__clock_control.a(clock_control_nrf.c.obj)
 .text.blocking_start_callback
                0x0000000000008de4        0x6 zephyr/drivers/clock_control/libdrivers__clock_control.a(clock_control_nrf.c.obj)
 .text.lfclk_stop
                0x0000000000008dea        0x4 zephyr/drivers/clock_control/libdrivers__clock_control.a(clock_control_nrf.c.obj)
 .text.lfclk_start
                0x0000000000008dee        0x4 zephyr/drivers/clock_control/libdrivers__clock_control.a(clock_control_nrf.c.obj)
 .text.clock_event_handler
                0x0000000000008df2       0x14 zephyr/drivers/clock_control/libdrivers__clock_control.a(clock_control_nrf.c.obj)
 .text.gpio_nrfx_port_get_raw
                0x0000000000008e06        0xc zephyr/drivers/gpio/libdrivers__gpio.a(gpio_nrfx.c.obj)
 .text.gpio_nrfx_port_set_masked_raw
                0x0000000000008e12       0x14 zephyr/drivers/gpio/libdrivers__gpio.a(gpio_nrfx.c.obj)
 .text.gpio_nrfx_port_set_bits_raw
                0x0000000000008e26        0xa zephyr/drivers/gpio/libdrivers__gpio.a(gpio_nrfx.c.obj)
 .text.gpio_nrfx_port_clear_bits_raw
                0x0000000000008e30        0xa zephyr/drivers/gpio/libdrivers__gpio.a(gpio_nrfx.c.obj)
 .text.gpio_nrfx_port_toggle_bits
                0x0000000000008e3a       0x14 zephyr/drivers/gpio/libdrivers__gpio.a(gpio_nrfx.c.obj)
 .text.gpio_nrfx_manage_callback
                0x0000000000008e4e       0x52 zephyr/drivers/gpio/libdrivers__gpio.a(gpio_nrfx.c.obj)
 .text.gpio_nrfx_gpiote_irq_handler
                0x0000000000008ea0        0x4 zephyr/drivers/gpio/libdrivers__gpio.a(gpio_nrfx.c.obj)
                0x0000000000008ea0                gpio_nrfx_gpiote_irq_handler
 .text.pinctrl_lookup_state
                0x0000000000008ea4       0x26 zephyr/drivers/pinctrl/libdrivers__pinctrl.a(common.c.obj)
                0x0000000000008ea4                pinctrl_lookup_state
 .text.uarte_nrfx_isr_int
                0x0000000000008eca        0xa zephyr/drivers/serial/libdrivers__serial.a(uart_nrfx_uarte.c.obj)
 .text.uarte_nrfx_err_check
                0x0000000000008ed4        0xe zephyr/drivers/serial/libdrivers__serial.a(uart_nrfx_uarte.c.obj)
 .text.uarte_nrfx_poll_in
                0x0000000000008ee2       0x26 zephyr/drivers/serial/libdrivers__serial.a(uart_nrfx_uarte.c.obj)
 .text.pinctrl_apply_state.isra.0
                0x0000000000008f08       0x1e zephyr/drivers/serial/libdrivers__serial.a(uart_nrfx_uarte.c.obj)
 .text.uarte_instance_deinit
                0x0000000000008f26        0x6 zephyr/drivers/serial/libdrivers__serial.a(uart_nrfx_uarte.c.obj)
 .text.uarte_20_init
                0x0000000000008f2c       0xb4 zephyr/drivers/serial/libdrivers__serial.a(uart_nrfx_uarte.c.obj)
 .text.z_log_msg_simple_create_0
                0x0000000000008fe0        0x4 zephyr/drivers/spi/libdrivers__spi.a(spi_nrfx_spim.c.obj)
 .text.irq_connect0
                0x0000000000008fe4        0xa zephyr/drivers/spi/libdrivers__spi.a(spi_nrfx_spim.c.obj)
 .text.irq_connect1
                0x0000000000008fee        0xa zephyr/drivers/spi/libdrivers__spi.a(spi_nrfx_spim.c.obj)
 .text.spi_context_get_next_buf.constprop.0
                0x0000000000008ff8       0x26 zephyr/drivers/spi/libdrivers__spi.a(spi_nrfx_spim.c.obj)
 .text.pinctrl_apply_state.isra.0
                0x000000000000901e       0x1e zephyr/drivers/spi/libdrivers__spi.a(spi_nrfx_spim.c.obj)
 .text.gpio_pin_set_dt.isra.0
                0x000000000000903c       0x28 zephyr/drivers/spi/libdrivers__spi.a(spi_nrfx_spim.c.obj)
 .text.spi_nrfx_deinit
                0x0000000000009064       0x24 zephyr/drivers/spi/libdrivers__spi.a(spi_nrfx_spim.c.obj)
 .text._spi_context_cs_control
                0x0000000000009088       0x40 zephyr/drivers/spi/libdrivers__spi.a(spi_nrfx_spim.c.obj)
 .text.spi_context_unlock_unconditionally
                0x00000000000090c8       0x20 zephyr/drivers/spi/libdrivers__spi.a(spi_nrfx_spim.c.obj)
 .text.spi_nrfx_release
                0x00000000000090e8       0x26 zephyr/drivers/spi/libdrivers__spi.a(spi_nrfx_spim.c.obj)
 .text.finish_transaction
                0x000000000000910e       0x24 zephyr/drivers/spi/libdrivers__spi.a(spi_nrfx_spim.c.obj)
 .text.transfer_next_chunk
                0x0000000000009132       0xc0 zephyr/drivers/spi/libdrivers__spi.a(spi_nrfx_spim.c.obj)
 .text.spi_nrfx_wake_init
                0x00000000000091f2       0x50 zephyr/drivers/spi/libdrivers__spi.a(spi_nrfx_common.c.obj)
                0x00000000000091f2                spi_nrfx_wake_init
 .text.spi_nrfx_wake_request
                0x0000000000009242       0x50 zephyr/drivers/spi/libdrivers__spi.a(spi_nrfx_common.c.obj)
                0x0000000000009242                spi_nrfx_wake_request
 .text.grtc_post_init
                0x0000000000009292        0xc zephyr/drivers/timer/libdrivers__timer.a(nrf_grtc_timer.c.obj)
 .text.sys_clock_cycle_get_32
                0x000000000000929e        0x8 zephyr/drivers/timer/libdrivers__timer.a(nrf_grtc_timer.c.obj)
                0x000000000000929e                sys_clock_cycle_get_32
 .text._psa_crypto_init
                0x00000000000092a6       0x1e modules/nrf/subsys/nrf_security/src/zephyr/libmbedtls_zephyr.a(psa_crypto_init.c.obj)
 .text.nrfx_isr
                0x00000000000092c4        0x6 modules/hal_nordic/modules/hal_nordic/nrfx/libmodules__hal_nordic__nrfx.a(nrfx_glue.c.obj)
                0x00000000000092c4                nrfx_isr
 .text.nrfx_busy_wait
                0x00000000000092ca        0x4 modules/hal_nordic/modules/hal_nordic/nrfx/libmodules__hal_nordic__nrfx.a(nrfx_glue.c.obj)
                0x00000000000092ca                nrfx_busy_wait
 .text.nrfx_flag32_alloc
                0x00000000000092ce       0x34 modules/hal_nordic/modules/hal_nordic/nrfx/libmodules__hal_nordic__nrfx.a(nrfx_flag32_allocator.c.obj)
                0x00000000000092ce                nrfx_flag32_alloc
 .text.nrfx_flag32_free
                0x0000000000009302       0x32 modules/hal_nordic/modules/hal_nordic/nrfx/libmodules__hal_nordic__nrfx.a(nrfx_flag32_allocator.c.obj)
                0x0000000000009302                nrfx_flag32_free
 .text.nrfx_gppi_domain_conn_alloc
                0x0000000000009334        0x6 modules/hal_nordic/modules/hal_nordic/nrfx/libmodules__hal_nordic__nrfx.a(nrfx_gppi_dppi.c.obj)
                0x0000000000009334                nrfx_gppi_domain_conn_alloc
 .text.nrfx_gppi_ep_to_ch_attach
                0x000000000000933a       0x20 modules/hal_nordic/modules/hal_nordic/nrfx/libmodules__hal_nordic__nrfx.a(nrfx_gppi_dppi.c.obj)
                0x000000000000933a                nrfx_gppi_ep_to_ch_attach
 .text.nrfx_gppi_ep_attach
                0x000000000000935a       0x24 modules/hal_nordic/modules/hal_nordic/nrfx/libmodules__hal_nordic__nrfx.a(nrfx_gppi_dppi.c.obj)
                0x000000000000935a                nrfx_gppi_ep_attach
 .text.nrfx_gppi_conn_alloc
                0x000000000000937e       0x36 modules/hal_nordic/modules/hal_nordic/nrfx/libmodules__hal_nordic__nrfx.a(nrfx_gppi_dppi.c.obj)
                0x000000000000937e                nrfx_gppi_conn_alloc
 .text.nrfx_gppi_domain_id_get
                0x00000000000093b4        0x8 modules/hal_nordic/modules/hal_nordic/nrfx/libmodules__hal_nordic__nrfx.a(nrfx_gppi_lumos.c.obj)
                0x00000000000093b4                nrfx_gppi_domain_id_get
 .text.lfclk_event_handler
                0x00000000000093bc        0x4 modules/hal_nordic/modules/hal_nordic/nrfx/libmodules__hal_nordic__nrfx.a(nrfx_clock.c.obj)
 .text.nrfx_clock_start
                0x00000000000093c0       0x10 modules/hal_nordic/modules/hal_nordic/nrfx/libmodules__hal_nordic__nrfx.a(nrfx_clock.c.obj)
                0x00000000000093c0                nrfx_clock_start
 .text.nrfx_clock_stop
                0x00000000000093d0       0x10 modules/hal_nordic/modules/hal_nordic/nrfx/libmodules__hal_nordic__nrfx.a(nrfx_clock.c.obj)
                0x00000000000093d0                nrfx_clock_stop
 .text.CLOCK_POWER_IRQHandler
                0x00000000000093e0        0xe modules/hal_nordic/modules/hal_nordic/nrfx/libmodules__hal_nordic__nrfx.a(nrfx_clock.c.obj)
                0x00000000000093e0                CLOCK_POWER_IRQHandler
 .text.nrfx_clock_lfclk_stop
                0x00000000000093ee        0x4 modules/hal_nordic/modules/hal_nordic/nrfx/libmodules__hal_nordic__nrfx.a(nrfx_clock_lfclk.c.obj)
                0x00000000000093ee                nrfx_clock_lfclk_stop
 .text.nrfx_clock_xo_stop
                0x00000000000093f2        0x4 modules/hal_nordic/modules/hal_nordic/nrfx/libmodules__hal_nordic__nrfx.a(nrfx_clock_xo.c.obj)
                0x00000000000093f2                nrfx_clock_xo_stop
 .text.nrf_gpio_reconfigure
                0x00000000000093f6       0x92 modules/hal_nordic/modules/hal_nordic/nrfx/libmodules__hal_nordic__nrfx.a(nrfx_gpiote.c.obj)
 .text.nrf_gpio_cfg_sense_set
                0x0000000000009488       0x1e modules/hal_nordic/modules/hal_nordic/nrfx/libmodules__hal_nordic__nrfx.a(nrfx_gpiote.c.obj)
 .text.pin_in_use_by_te
                0x00000000000094a6       0x16 modules/hal_nordic/modules/hal_nordic/nrfx/libmodules__hal_nordic__nrfx.a(nrfx_gpiote.c.obj)
 .text.pin_is_output
                0x00000000000094bc       0x16 modules/hal_nordic/modules/hal_nordic/nrfx/libmodules__hal_nordic__nrfx.a(nrfx_gpiote.c.obj)
 .text.pin_te_get
                0x00000000000094d2       0x14 modules/hal_nordic/modules/hal_nordic/nrfx/libmodules__hal_nordic__nrfx.a(nrfx_gpiote.c.obj)
 .text.call_handler
                0x00000000000094e6       0x3e modules/hal_nordic/modules/hal_nordic/nrfx/libmodules__hal_nordic__nrfx.a(nrfx_gpiote.c.obj)
 .text.release_handler
                0x0000000000009524       0x54 modules/hal_nordic/modules/hal_nordic/nrfx/libmodules__hal_nordic__nrfx.a(nrfx_gpiote.c.obj)
 .text.pin_in_event_get
                0x0000000000009578       0x22 modules/hal_nordic/modules/hal_nordic/nrfx/libmodules__hal_nordic__nrfx.a(nrfx_gpiote.c.obj)
 .text.__nrfy_internal_gpiote_events_process
                0x000000000000959a       0x4e modules/hal_nordic/modules/hal_nordic/nrfx/libmodules__hal_nordic__nrfx.a(nrfx_gpiote.c.obj)
 .text.pin_trigger_disable
                0x00000000000095e8       0x46 modules/hal_nordic/modules/hal_nordic/nrfx/libmodules__hal_nordic__nrfx.a(nrfx_gpiote.c.obj)
 .text.nrfx_gpiote_input_configure
                0x000000000000962e      0x172 modules/hal_nordic/modules/hal_nordic/nrfx/libmodules__hal_nordic__nrfx.a(nrfx_gpiote.c.obj)
                0x000000000000962e                nrfx_gpiote_input_configure
 .text.nrfx_gpiote_global_callback_set
                0x00000000000097a0        0x6 modules/hal_nordic/modules/hal_nordic/nrfx/libmodules__hal_nordic__nrfx.a(nrfx_gpiote.c.obj)
                0x00000000000097a0                nrfx_gpiote_global_callback_set
 .text.nrfx_gpiote_channel_get
                0x00000000000097a6       0x26 modules/hal_nordic/modules/hal_nordic/nrfx/libmodules__hal_nordic__nrfx.a(nrfx_gpiote.c.obj)
                0x00000000000097a6                nrfx_gpiote_channel_get
 .text.nrfx_gpiote_init_check
                0x00000000000097cc        0xc modules/hal_nordic/modules/hal_nordic/nrfx/libmodules__hal_nordic__nrfx.a(nrfx_gpiote.c.obj)
                0x00000000000097cc                nrfx_gpiote_init_check
 .text.nrfx_gpiote_pin_uninit
                0x00000000000097d8        0x4 modules/hal_nordic/modules/hal_nordic/nrfx/libmodules__hal_nordic__nrfx.a(nrfx_gpiote.c.obj)
                0x00000000000097d8                nrfx_gpiote_pin_uninit
 .text.nrfx_gpiote_trigger_enable
                0x00000000000097dc       0xa4 modules/hal_nordic/modules/hal_nordic/nrfx/libmodules__hal_nordic__nrfx.a(nrfx_gpiote.c.obj)
                0x00000000000097dc                nrfx_gpiote_trigger_enable
 .text.nrfx_gpiote_trigger_disable
                0x0000000000009880        0x4 modules/hal_nordic/modules/hal_nordic/nrfx/libmodules__hal_nordic__nrfx.a(nrfx_gpiote.c.obj)
                0x0000000000009880                nrfx_gpiote_trigger_disable
 .text.nrfx_gpiote_in_event_get
                0x0000000000009884        0x4 modules/hal_nordic/modules/hal_nordic/nrfx/libmodules__hal_nordic__nrfx.a(nrfx_gpiote.c.obj)
                0x0000000000009884                nrfx_gpiote_in_event_get
 .text.nrfx_rramc_write_enable_set
                0x0000000000009888        0x6 modules/hal_nordic/modules/hal_nordic/nrfx/libmodules__hal_nordic__nrfx.a(nrfx_rramc.c.obj)
                0x0000000000009888                nrfx_rramc_write_enable_set
 .text.__nrfy_internal_saadc_event_handle.constprop.0
                0x000000000000988e       0x2e modules/hal_nordic/modules/hal_nordic/nrfx/libmodules__hal_nordic__nrfx.a(nrfx_saadc.c.obj)
 .text.__nrfy_internal_spim_event_handle
                0x00000000000098bc       0x2a modules/hal_nordic/modules/hal_nordic/nrfx/libmodules__hal_nordic__nrfx.a(nrfx_spim.c.obj)
 .text.__nrfy_internal_spim_events_process
                0x00000000000098e6       0x7c modules/hal_nordic/modules/hal_nordic/nrfx/libmodules__hal_nordic__nrfx.a(nrfx_spim.c.obj)
 .text.nrf_gpio_pin_set
                0x0000000000009962       0x18 modules/hal_nordic/modules/hal_nordic/nrfx/libmodules__hal_nordic__nrfx.a(nrfx_spim.c.obj)
 .text.nrf_gpio_pin_clear
                0x000000000000997a       0x18 modules/hal_nordic/modules/hal_nordic/nrfx/libmodules__hal_nordic__nrfx.a(nrfx_spim.c.obj)
 .text.spim_abort
                0x0000000000009992       0x38 modules/hal_nordic/modules/hal_nordic/nrfx/libmodules__hal_nordic__nrfx.a(nrfx_spim.c.obj)
 .text.nrfx_spim_init
                0x00000000000099ca       0x46 modules/hal_nordic/modules/hal_nordic/nrfx/libmodules__hal_nordic__nrfx.a(nrfx_spim.c.obj)
                0x00000000000099ca                nrfx_spim_init
 .text.nrfx_spim_xfer
                0x0000000000009a10      0x168 modules/hal_nordic/modules/hal_nordic/nrfx/libmodules__hal_nordic__nrfx.a(nrfx_spim.c.obj)
                0x0000000000009a10                nrfx_spim_xfer
 .text.nrfx_spim_irq_handler
                0x0000000000009b78       0x78 modules/hal_nordic/modules/hal_nordic/nrfx/libmodules__hal_nordic__nrfx.a(nrfx_spim.c.obj)
                0x0000000000009b78                nrfx_spim_irq_handler
 .text.nrfx_timer_init
                0x0000000000009bf0       0x28 modules/hal_nordic/modules/hal_nordic/nrfx/libmodules__hal_nordic__nrfx.a(nrfx_timer.c.obj)
                0x0000000000009bf0                nrfx_timer_init
 .text.nrfx_timer_enable
                0x0000000000009c18        0xc modules/hal_nordic/modules/hal_nordic/nrfx/libmodules__hal_nordic__nrfx.a(nrfx_timer.c.obj)
                0x0000000000009c18                nrfx_timer_enable
 .text.nrfx_timer_compare
                0x0000000000009c24       0x30 modules/hal_nordic/modules/hal_nordic/nrfx/libmodules__hal_nordic__nrfx.a(nrfx_timer.c.obj)
                0x0000000000009c24                nrfx_timer_compare
 .text.nrfx_timer_extended_compare
                0x0000000000009c54       0x2c modules/hal_nordic/modules/hal_nordic/nrfx/libmodules__hal_nordic__nrfx.a(nrfx_timer.c.obj)
                0x0000000000009c54                nrfx_timer_extended_compare
 .text.z_impl_k_busy_wait
                0x0000000000009c80        0x8 zephyr/kernel/libkernel.a(busy_wait.c.obj)
                0x0000000000009c80                z_impl_k_busy_wait
 .text.do_device_init
                0x0000000000009c88       0x30 zephyr/kernel/libkernel.a(device.c.obj)
                0x0000000000009c88                do_device_init
 .text.z_impl_device_is_ready
                0x0000000000009cb8       0x16 zephyr/kernel/libkernel.a(device.c.obj)
                0x0000000000009cb8                z_impl_device_is_ready
 .text.arch_system_halt
                0x0000000000009cce       0x10 zephyr/kernel/libkernel.a(fatal.c.obj)
                0x0000000000009cce                arch_system_halt
 .text.idle     0x0000000000009cde       0x16 zephyr/kernel/libkernel.a(idle.c.obj)
                0x0000000000009cde                idle
 .text.unpend_thread_no_timeout
                0x0000000000009cf4       0x1a zephyr/kernel/libkernel.a(msg_q.c.obj)
 .text.z_impl_k_msgq_put
                0x0000000000009d0e        0xe zephyr/kernel/libkernel.a(msg_q.c.obj)
                0x0000000000009d0e                z_impl_k_msgq_put
 .text.adjust_owner_prio.isra.0
                0x0000000000009d1c       0x10 zephyr/kernel/libkernel.a(mutex.c.obj)
 .text.z_impl_k_sem_init
                0x0000000000009d2c       0x18 zephyr/kernel/libkernel.a(sem.c.obj)
                0x0000000000009d2c                z_impl_k_sem_init
 .text.k_is_in_isr
                0x0000000000009d44        0xc zephyr/kernel/libkernel.a(thread.c.obj)
                0x0000000000009d44                k_is_in_isr
 .text.k_thread_name_get
                0x0000000000009d50        0x4 zephyr/kernel/libkernel.a(thread.c.obj)
                0x0000000000009d50                k_thread_name_get
 .text.sys_dlist_remove
                0x0000000000009d54       0x10 zephyr/kernel/libkernel.a(sched.c.obj)
 .text.unpend_thread_no_timeout
                0x0000000000009d64       0x14 zephyr/kernel/libkernel.a(sched.c.obj)
 .text.add_to_waitq_locked
                0x0000000000009d78       0x50 zephyr/kernel/libkernel.a(sched.c.obj)
 .text.z_ready_thread
                0x0000000000009dc8       0x1e zephyr/kernel/libkernel.a(sched.c.obj)
                0x0000000000009dc8                z_ready_thread
 .text.z_unpend_thread_no_timeout
                0x0000000000009de6       0x22 zephyr/kernel/libkernel.a(sched.c.obj)
                0x0000000000009de6                z_unpend_thread_no_timeout
 .text.z_sched_wake_thread
                0x0000000000009e08       0x46 zephyr/kernel/libkernel.a(sched.c.obj)
                0x0000000000009e08                z_sched_wake_thread
 .text.z_thread_timeout
                0x0000000000009e4e        0x8 zephyr/kernel/libkernel.a(sched.c.obj)
                0x0000000000009e4e                z_thread_timeout
 .text.z_unpend1_no_timeout
                0x0000000000009e56       0x2c zephyr/kernel/libkernel.a(sched.c.obj)
                0x0000000000009e56                z_unpend1_no_timeout
 .text.z_impl_k_usleep
                0x0000000000009e82       0x1a zephyr/kernel/libkernel.a(sched.c.obj)
                0x0000000000009e82                z_impl_k_usleep
 .text.z_sched_waitq_walk
                0x0000000000009e9c       0x44 zephyr/kernel/libkernel.a(sched.c.obj)
                0x0000000000009e9c                z_sched_waitq_walk
 .text.next_timeout
                0x0000000000009ee0       0x2e zephyr/kernel/libkernel.a(timeout.c.obj)
 .text.z_abort_timeout
                0x0000000000009f0e       0x50 zephyr/kernel/libkernel.a(timeout.c.obj)
                0x0000000000009f0e                z_abort_timeout
 .text.sys_clock_tick_get_32
                0x0000000000009f5e        0x8 zephyr/kernel/libkernel.a(timeout.c.obj)
                0x0000000000009f5e                sys_clock_tick_get_32
 .text.z_impl_k_uptime_ticks
                0x0000000000009f66        0x4 zephyr/kernel/libkernel.a(timeout.c.obj)
                0x0000000000009f66                z_impl_k_uptime_ticks
 .text.k_timer_init
                0x0000000000009f6a       0x18 zephyr/kernel/libkernel.a(timer.c.obj)
                0x0000000000009f6a                k_timer_init
 .text.z_impl_k_timer_stop
                0x0000000000009f82       0x38 zephyr/kernel/libkernel.a(timer.c.obj)
                0x0000000000009f82                z_impl_k_timer_stop
 .text.k_heap_init
                0x0000000000009fba       0x10 zephyr/kernel/libkernel.a(kheap.c.obj)
                0x0000000000009fba                k_heap_init
 .text.psa_remove_key_data_from_memory
                0x0000000000009fca       0x16 modules/nrf/subsys/nrf_security/src/core/nrf_oberon/libpsa_core.a(psa_crypto.c.obj)
                0x0000000000009fca                psa_remove_key_data_from_memory
 .text.psa_wipe_key_slot
                0x0000000000009fe0       0x3a modules/nrf/subsys/nrf_security/src/core/nrf_oberon/libpsa_core.a(psa_crypto.c.obj)
                0x0000000000009fe0                psa_wipe_key_slot
 .text.psa_driver_wrapper_init
                0x000000000000a01a        0x4 modules/nrf/subsys/nrf_security/src/core/nrf_oberon/libpsa_core.a(psa_crypto_driver_wrappers.c.obj)
                0x000000000000a01a                psa_driver_wrapper_init
 .text.psa_driver_wrapper_free
                0x000000000000a01e        0x2 modules/nrf/subsys/nrf_security/src/core/nrf_oberon/libpsa_core.a(psa_crypto_driver_wrappers.c.obj)
                0x000000000000a01e                psa_driver_wrapper_free
 .text.psa_driver_wrapper_init_random
                0x000000000000a020        0x4 modules/nrf/subsys/nrf_security/src/core/nrf_oberon/libpsa_core.a(psa_crypto_driver_wrappers.c.obj)
                0x000000000000a020                psa_driver_wrapper_init_random
 .text.psa_driver_wrapper_free_random
                0x000000000000a024        0x4 modules/nrf/subsys/nrf_security/src/core/nrf_oberon/libpsa_core.a(psa_crypto_driver_wrappers.c.obj)
                0x000000000000a024                psa_driver_wrapper_free_random
 .text.platform_free_uninit
                0x000000000000a028        0x2 modules/nrf/subsys/nrf_security/src/core/nrf_oberon/libpsa_core.a(platform.c.obj)
 .text.mbedtls_zeroize_and_free
                0x000000000000a02a       0x14 modules/nrf/subsys/nrf_security/src/core/nrf_oberon/libpsa_core.a(platform_util.c.obj)
                0x000000000000a02a                mbedtls_zeroize_and_free
 .text.silex_statuscodes_to_psa
                0x000000000000a03e       0xbc modules/nrf/subsys/nrf_security/src/drivers/cracen/libcracen_psa_driver.a(common.c.obj)
                0x000000000000a03e                silex_statuscodes_to_psa
 .text.cracen_xorbytes
                0x000000000000a0fa       0x1a modules/nrf/subsys/nrf_security/src/drivers/cracen/libcracen_psa_driver.a(common.c.obj)
                0x000000000000a0fa                cracen_xorbytes
 .text.cracen_be_add
                0x000000000000a114       0x14 modules/nrf/subsys/nrf_security/src/drivers/cracen/libcracen_psa_driver.a(common.c.obj)
                0x000000000000a114                cracen_be_add
 .text.safe_memset
                0x000000000000a128       0x16 modules/nrf/subsys/nrf_security/src/drivers/cracen/libcracen_psa_driver.a(mem_helpers.c.obj)
                0x000000000000a128                safe_memset
 .text.safe_memzero
                0x000000000000a13e       0x18 modules/nrf/subsys/nrf_security/src/drivers/cracen/libcracen_psa_driver.a(mem_helpers.c.obj)
                0x000000000000a13e                safe_memzero
 .text.psa_extend_key_usage_flags
                0x000000000000a156       0x1a modules/nrf/subsys/nrf_security/src/drivers/cracen/libcracen_psa_driver.a(ctr_drbg.c.obj)
 .text.trng_get_entropy
                0x000000000000a170       0x50 modules/nrf/subsys/nrf_security/src/drivers/cracen/libcracen_psa_driver.a(ctr_drbg.c.obj)
 .text.lib_kmu_is_slot_empty
                0x000000000000a1c0       0x14 modules/nrf/subsys/nrf_security/src/drivers/cracen/libcracen_psa_driver.a(lib_kmu.c.obj)
                0x000000000000a1c0                lib_kmu_is_slot_empty
 .text.psa_set_key_usage_flags
                0x000000000000a1d4       0x14 modules/nrf/subsys/nrf_security/src/drivers/cracen/libcracen_psa_driver.a(kmu.c.obj)
 .text.set_provisioning_in_progress
                0x000000000000a1e8       0x30 modules/nrf/subsys/nrf_security/src/drivers/cracen/libcracen_psa_driver.a(kmu.c.obj)
 .text.clean_up_unfinished_provisioning
                0x000000000000a218       0x46 modules/nrf/subsys/nrf_security/src/drivers/cracen/libcracen_psa_driver.a(kmu.c.obj)
 .text.cracen_push_prot_ram_inv_slots
                0x000000000000a25e       0x2e modules/nrf/subsys/nrf_security/src/drivers/cracen/libcracen_psa_driver.a(kmu.c.obj)
                0x000000000000a25e                cracen_push_prot_ram_inv_slots
 .text.sx_cmdma_reset
                0x000000000000a28c       0x4a modules/nrf/subsys/nrf_security/src/drivers/cracen/libcracen_psa_driver.a(cmdma.c.obj)
                0x000000000000a28c                sx_cmdma_reset
 .text.sx_cmdma_check
                0x000000000000a2d6       0x4e modules/nrf/subsys/nrf_security/src/drivers/cracen/libcracen_psa_driver.a(cmdma.c.obj)
                0x000000000000a2d6                sx_cmdma_check
 .text.sx_trng_close
                0x000000000000a324       0x14 modules/nrf/subsys/nrf_security/src/drivers/cracen/libcracen_psa_driver.a(trng.c.obj)
                0x000000000000a324                sx_trng_close
 .text.sx_clear_interrupt
                0x000000000000a338        0x8 modules/nrf/subsys/nrf_security/src/drivers/cracen/libcracen_psa_driver.a(pk_baremetal.c.obj)
                0x000000000000a338                sx_clear_interrupt
 .text.convert_ba414_capabilities
                0x000000000000a340       0x4c modules/nrf/subsys/nrf_security/src/drivers/cracen/libcracen_psa_driver.a(ba414_status.c.obj)
                0x000000000000a340                convert_ba414_capabilities
 .text.mbedtls_mutex_unlock_fn
                0x000000000000a38c        0x4 modules/nrf/subsys/nrf_security/src/libmbedcrypto_base.a(threading_alt.c.obj)
                0x000000000000a38c                mbedtls_mutex_unlock_fn
 .text.mbedtls_mutex_lock_fn
                0x000000000000a390        0xc modules/nrf/subsys/nrf_security/src/libmbedcrypto_base.a(threading_alt.c.obj)
                0x000000000000a390                mbedtls_mutex_lock_fn
 .text.nrf_security_mutex_lock
                0x000000000000a39c        0xc modules/nrf/subsys/nrf_security/src/libnrf_security_utils.a(nrf_security_mutexes.c.obj)
                0x000000000000a39c                nrf_security_mutex_lock
 .text.nrf_security_mutex_unlock
                0x000000000000a3a8        0x4 modules/nrf/subsys/nrf_security/src/libnrf_security_utils.a(nrf_security_mutexes.c.obj)
                0x000000000000a3a8                nrf_security_mutex_unlock
 .text.nrf_security_event_init
                0x000000000000a3ac        0x4 modules/nrf/subsys/nrf_security/src/libnrf_security_utils.a(nrf_security_events.c.obj)
                0x000000000000a3ac                nrf_security_event_init
 .text.nrf_security_event_wait
                0x000000000000a3b0       0x1a modules/nrf/subsys/nrf_security/src/libnrf_security_utils.a(nrf_security_events.c.obj)
                0x000000000000a3b0                nrf_security_event_wait
 .text.nrf_security_event_clear
                0x000000000000a3ca        0x4 modules/nrf/subsys/nrf_security/src/libnrf_security_utils.a(nrf_security_events.c.obj)
                0x000000000000a3ca                nrf_security_event_clear
 .text.nrf_security_event_set
                0x000000000000a3ce        0x4 modules/nrf/subsys/nrf_security/src/libnrf_security_utils.a(nrf_security_events.c.obj)
                0x000000000000a3ce                nrf_security_event_set
 .text.nrf_security_core_delay_us
                0x000000000000a3d2        0x4 modules/nrf/subsys/nrf_security/src/libnrf_security_utils.a(nrf_security_core.c.obj)
                0x000000000000a3d2                nrf_security_core_delay_us
 .text.k_event_wait_internal
                0x000000000000a3d6       0x86 zephyr/kernel/libkernel.a(events.c.obj)
 .text.event_walk_op
                0x000000000000a45c       0x3c zephyr/kernel/libkernel.a(events.c.obj)
 .text.z_impl_k_event_init
                0x000000000000a498        0xa zephyr/kernel/libkernel.a(events.c.obj)
                0x000000000000a498                z_impl_k_event_init
 .text.z_impl_k_event_set
                0x000000000000a4a2        0x8 zephyr/kernel/libkernel.a(events.c.obj)