Archive member included to satisfy reference by file (symbol)

app/libapp.a(main.c.obj)      (--whole-archive)
zephyr/libzephyr.a(validate_libc.c.obj)
                              (--whole-archive)
zephyr/libzephyr.a(heap.c.obj)
                              (--whole-archive)
zephyr/libzephyr.a(cbprintf_packaged.c.obj)
                              (--whole-archive)
zephyr/libzephyr.a(clock.c.obj)
                              (--whole-archive)
zephyr/libzephyr.a(printk.c.obj)
                              (--whole-archive)
zephyr/libzephyr.a(sem.c.obj)
                              (--whole-archive)
zephyr/libzephyr.a(thread_entry.c.obj)
                              (--whole-archive)
zephyr/libzephyr.a(cbprintf_complete.c.obj)
                              (--whole-archive)
zephyr/libzephyr.a(assert.c.obj)
                              (--whole-archive)
zephyr/libzephyr.a(mpsc_pbuf.c.obj)
                              (--whole-archive)
zephyr/libzephyr.a(dec.c.obj)
                              (--whole-archive)
zephyr/libzephyr.a(hex.c.obj)
                              (--whole-archive)
zephyr/libzephyr.a(rb.c.obj)  (--whole-archive)
zephyr/libzephyr.a(timeutil.c.obj)
                              (--whole-archive)
zephyr/libzephyr.a(bitarray.c.obj)
                              (--whole-archive)
zephyr/libzephyr.a(bitmask.c.obj)
                              (--whole-archive)
zephyr/libzephyr.a(onoff.c.obj)
                              (--whole-archive)
zephyr/libzephyr.a(notify.c.obj)
                              (--whole-archive)
zephyr/libzephyr.a(ring_buffer.c.obj)
                              (--whole-archive)
zephyr/libzephyr.a(last_section_id.c.obj)
                              (--whole-archive)
zephyr/libzephyr.a(configs.c.obj)
                              (--whole-archive)
zephyr/libzephyr.a(thread_info.c.obj)
                              (--whole-archive)
zephyr/libzephyr.a(log_core.c.obj)
                              (--whole-archive)
zephyr/libzephyr.a(log_mgmt.c.obj)
                              (--whole-archive)
zephyr/libzephyr.a(log_cache.c.obj)
                              (--whole-archive)
zephyr/libzephyr.a(log_msg.c.obj)
                              (--whole-archive)
zephyr/libzephyr.a(log_output.c.obj)
                              (--whole-archive)
zephyr/libzephyr.a(log_backend_uart.c.obj)
                              (--whole-archive)
zephyr/libzephyr.a(mem_attr.c.obj)
                              (--whole-archive)
zephyr/libzephyr.a(tracing_none.c.obj)
                              (--whole-archive)
zephyr/libzephyr.a(banner.c.obj)
                              (--whole-archive)
zephyr/libzephyr.a(flash_map_partition_manager.c.obj)
                              (--whole-archive)
zephyr/arch/common/libarch__common.a(sw_isr_common.c.obj)
                              (--whole-archive)
zephyr/arch/common/libarch__common.a(init.c.obj)
                              (--whole-archive)
zephyr/arch/common/libarch__common.a(xip.c.obj)
                              (--whole-archive)
zephyr/arch/arch/arm/core/libarch__arm__core.a(fatal.c.obj)
                              (--whole-archive)
zephyr/arch/arch/arm/core/libarch__arm__core.a(nmi.c.obj)
                              (--whole-archive)
zephyr/arch/arch/arm/core/libarch__arm__core.a(nmi_on_reset.S.obj)
                              (--whole-archive)
zephyr/arch/arch/arm/core/libarch__arm__core.a(tls.c.obj)
                              (--whole-archive)
zephyr/arch/arch/arm/core/cortex_m/libarch__arm__core__cortex_m.a(exc_exit.c.obj)
                              (--whole-archive)
zephyr/arch/arch/arm/core/cortex_m/libarch__arm__core__cortex_m.a(fault.c.obj)
                              (--whole-archive)
zephyr/arch/arch/arm/core/cortex_m/libarch__arm__core__cortex_m.a(fault_s.S.obj)
                              (--whole-archive)
zephyr/arch/arch/arm/core/cortex_m/libarch__arm__core__cortex_m.a(fpu.c.obj)
                              (--whole-archive)
zephyr/arch/arch/arm/core/cortex_m/libarch__arm__core__cortex_m.a(reset.S.obj)
                              (--whole-archive)
zephyr/arch/arch/arm/core/cortex_m/libarch__arm__core__cortex_m.a(scb.c.obj)
                              (--whole-archive)
zephyr/arch/arch/arm/core/cortex_m/libarch__arm__core__cortex_m.a(thread_abort.c.obj)
                              (--whole-archive)
zephyr/arch/arch/arm/core/cortex_m/libarch__arm__core__cortex_m.a(vector_table.S.obj)
                              (--whole-archive)
zephyr/arch/arch/arm/core/cortex_m/libarch__arm__core__cortex_m.a(swap_helper.S.obj)
                              (--whole-archive)
zephyr/arch/arch/arm/core/cortex_m/libarch__arm__core__cortex_m.a(irq_manage.c.obj)
                              (--whole-archive)
zephyr/arch/arch/arm/core/cortex_m/libarch__arm__core__cortex_m.a(prep_c.c.obj)
                              (--whole-archive)
[...]
Memory Configuration

Name             Origin             Length             Attributes
FLASH            0x0000000000000000 0x0000000000165000 xr
RAM              0x0000000020000000 0x000000000002f000 xw
IDT_LIST         0x00000000ffff7fff 0x0000000000008000 xw
*default*        0x0000000000000000 0xffffffffffffffff

Linker script and memory map

                0x0000000000007f94                vfprintf = __l_vfprintf
                0x0000000000000000                vfscanf = __l_vfscanf
LOAD zephyr/CMakeFiles/zephyr_pre0.dir/misc/empty_file.c.obj
LOAD zephyr/CMakeFiles/offsets.dir/./arch/arm/core/offsets/offsets.c.obj
LOAD app/libapp.a
LOAD zephyr/libzephyr.a
LOAD zephyr/arch/common/libarch__common.a
LOAD zephyr/arch/arch/arm/core/libarch__arm__core.a
LOAD zephyr/arch/arch/arm/core/cortex_m/libarch__arm__core__cortex_m.a
LOAD zephyr/arch/arch/arm/core/cortex_m/cmse/libarch__arm__core__cortex_m__cmse.a
LOAD zephyr/arch/arch/arm/core/mpu/libarch__arm__core__mpu.a
LOAD zephyr/lib/libc/picolibc/liblib__libc__picolibc.a
LOAD zephyr/lib/libc/common/liblib__libc__common.a
LOAD zephyr/soc/soc/nrf54l15/libsoc__nordic.a
LOAD zephyr/drivers/cache/libdrivers__cache.a
LOAD zephyr/drivers/clock_control/libdrivers__clock_control.a
LOAD zephyr/drivers/console/libdrivers__console.a
LOAD zephyr/drivers/gpio/libdrivers__gpio.a
LOAD zephyr/drivers/pinctrl/libdrivers__pinctrl.a
LOAD zephyr/drivers/serial/libdrivers__serial.a
LOAD zephyr/drivers/timer/libdrivers__timer.a
LOAD modules/nrf/subsys/nrf_security/src/zephyr/libmbedtls_zephyr.a
LOAD modules/hal_nordic/modules/hal_nordic/nrfx/libmodules__hal_nordic__nrfx.a
LOAD zephyr/kernel/libkernel.a
LOAD modules/nrf/subsys/nrf_security/src/libmbedcrypto.a
LOAD modules/nrf/subsys/nrf_security/src/core/nrf_oberon/libpsa_core.a
LOAD modules/nrf/subsys/nrf_security/src/drivers/cracen/libcracen_psa_driver.a
LOAD modules/nrf/subsys/nrf_security/src/libmbedcrypto_base.a
LOAD modules/nrf/subsys/nrf_security/src/libnrf_security_utils.a
LOAD zephyr/kernel/libkernel.a
LOAD zephyr/arch/common/libisr_tables.a
LOAD c:\ncs\toolchains\66cdf9b75e\opt\zephyr-sdk\arm-zephyr-eabi\bin\../lib/gcc/../../picolibc/arm-zephyr-eabi/lib/thumb/v8-m.main/nofp\libc.a
LOAD c:/ncs/toolchains/66cdf9b75e/opt/zephyr-sdk/arm-zephyr-eabi/bin/../lib/gcc/arm-zephyr-eabi/12.2.0/thumb/v8-m.main/nofp\libgcc.a
                0x0000000000000020                _region_min_align = 0x20

.rel.plt        0x0000000000000000        0x0
 *(SORT_BY_ALIGNMENT(.rel.plt))
                [!provide]                        PROVIDE (__rel_iplt_start = .)
 *(SORT_BY_ALIGNMENT(.rel.iplt))
 .rel.iplt      0x0000000000000000        0x0 app/libapp.a(main.c.obj)
                [!provide]                        PROVIDE (__rel_iplt_end = .)

.rela.plt       0x0000000000000000        0x0
 *(SORT_BY_ALIGNMENT(.rela.plt))
                [!provide]                        PROVIDE (__rela_iplt_start = .)
 *(SORT_BY_ALIGNMENT(.rela.iplt))
                [!provide]                        PROVIDE (__rela_iplt_end = .)

.rel.dyn
 *(SORT_BY_ALIGNMENT(.rel.*))

.rela.dyn
 *(SORT_BY_ALIGNMENT(.rela.*))

/DISCARD/
 *(SORT_BY_ALIGNMENT(.plt))

/DISCARD/
 *(SORT_BY_ALIGNMENT(.iplt))
                0x0000000000000000                __rom_region_start = 0x0

rom_start       0x0000000000000000      0x47c
                0x0000000000000000                __rom_start_address = .
 FILL mask 0x00
                0x0000000000000000                . = (. + (0x0 - (. - __rom_start_address)))
                0x0000000000000000                . = ALIGN (0x4)
                0x0000000000000000                . = ALIGN (0x80)
                0x0000000000000000                . = ALIGN (0x800)
                0x0000000000000000                _vector_start = .
 *(SORT_BY_ALIGNMENT(.exc_vector_table))
 *(SORT_BY_ALIGNMENT(.exc_vector_table.*))
 .exc_vector_table._vector_table_section
                0x0000000000000000       0x40 zephyr/arch/arch/arm/core/cortex_m/libarch__arm__core__cortex_m.a(vector_table.S.obj)
                0x0000000000000000                _vector_table
 *(SORT_BY_ALIGNMENT(.vectors))
                0x000000000000047c                _vector_end = .
                0x0000000000000040                . = ALIGN (0x4)
 *(SORT_BY_ALIGNMENT(.gnu.linkonce.irq_vector_table*))
 .gnu.linkonce.irq_vector_table
                0x0000000000000040      0x43c zephyr/arch/common/libisr_tables.a(isr_tables.c.obj)
                0x0000000000000040                _irq_vector_table
                0x000000000000047c                _vector_end = .

text            0x000000000000047c     0xb910
                0x000000000000047c                __text_region_start = .
 *(SORT_BY_ALIGNMENT(.text))
 .text          0x000000000000047c       0xa0 c:/ncs/toolchains/66cdf9b75e/opt/zephyr-sdk/arm-zephyr-eabi/bin/../lib/gcc/arm-zephyr-eabi/12.2.0/thumb/v8-m.main/nofp\libgcc.a(_aeabi_ldivmod.o)
                0x000000000000047c                __aeabi_ldivmod
 .text          0x000000000000051c       0x30 c:/ncs/toolchains/66cdf9b75e/opt/zephyr-sdk/arm-zephyr-eabi/bin/../lib/gcc/arm-zephyr-eabi/12.2.0/thumb/v8-m.main/nofp\libgcc.a(_aeabi_uldivmod.o)
                0x000000000000051c                __aeabi_uldivmod
 .text          0x000000000000054c        0x4 c:/ncs/toolchains/66cdf9b75e/opt/zephyr-sdk/arm-zephyr-eabi/bin/../lib/gcc/arm-zephyr-eabi/12.2.0/thumb/v8-m.main/nofp\libgcc.a(_dvmd_tls.o)
                0x000000000000054c                __aeabi_idiv0
                0x000000000000054c                __aeabi_ldiv0
 .text          0x0000000000000550       0x10 c:\ncs\toolchains\66cdf9b75e\opt\zephyr-sdk\arm-zephyr-eabi\bin\../lib/gcc/../../picolibc/arm-zephyr-eabi/lib/thumb/v8-m.main/nofp\libc.a(strlen.S.o)
                0x0000000000000550                strlen
 .text          0x0000000000000560      0x29c c:/ncs/toolchains/66cdf9b75e/opt/zephyr-sdk/arm-zephyr-eabi/bin/../lib/gcc/arm-zephyr-eabi/12.2.0/thumb/v8-m.main/nofp\libgcc.a(_udivmoddi4.o)
                0x0000000000000560                __udivmoddi4
 *(SORT_BY_ALIGNMENT(.text.*))
 .text.configure_timer
                0x00000000000007fc       0x58 app/libapp.a(main.c.obj)
 .text.configure_saadc
                0x0000000000000854       0xd8 app/libapp.a(main.c.obj)
 .text.saadc_event_handler
                0x000000000000092c      0x160 app/libapp.a(main.c.obj)
 .text.configure_ppi
                0x0000000000000a8c       0x68 app/libapp.a(main.c.obj)
 .text.main     0x0000000000000af4       0x44 app/libapp.a(main.c.obj)
                0x0000000000000af4                main
 .text.cbvprintf_package
                0x0000000000000b38      0x4b4 zephyr/libzephyr.a(cbprintf_packaged.c.obj)
                0x0000000000000b38                cbvprintf_package
 .text.cbprintf_package_convert
                0x0000000000000fec      0x4c4 zephyr/libzephyr.a(cbprintf_packaged.c.obj)
                0x0000000000000fec                cbprintf_package_convert
 .text.__printk_hook_install
                0x00000000000014b0        0xc zephyr/libzephyr.a(printk.c.obj)
                0x00000000000014b0                __printk_hook_install
 .text.z_thread_entry
                0x00000000000014bc       0x34 zephyr/libzephyr.a(thread_entry.c.obj)
                0x00000000000014bc                z_thread_entry
 .text.process_event
                0x00000000000014f0      0x16c zephyr/libzephyr.a(onoff.c.obj)
 .text.msg_process
                0x000000000000165c       0x3c zephyr/libzephyr.a(log_core.c.obj)
 .text.log_backend_notify_all
                0x0000000000001698       0x30 zephyr/libzephyr.a(log_core.c.obj)
 .text.activate_foreach_backend
                0x00000000000016c8       0x64 zephyr/libzephyr.a(log_core.c.obj)
 .text.z_log_init
                0x000000000000172c       0x8c zephyr/libzephyr.a(log_core.c.obj)
 .text.thread_set
                0x00000000000017b8       0x28 zephyr/libzephyr.a(log_core.c.obj)
 .text.log_process_thread_timer_expiry_fn
                0x00000000000017e0       0x10 zephyr/libzephyr.a(log_core.c.obj)
 .text.enable_logger
                0x00000000000017f0       0x5c zephyr/libzephyr.a(log_core.c.obj)
 .text.log_format_func_t_get
                0x000000000000184c        0xc zephyr/libzephyr.a(log_core.c.obj)
                0x000000000000184c                log_format_func_t_get
 .text.log_set_timestamp_func
                0x0000000000001858       0x24 zephyr/libzephyr.a(log_core.c.obj)
                0x0000000000001858                log_set_timestamp_func
 .text.z_log_notify_backend_enabled
                0x000000000000187c       0x20 zephyr/libzephyr.a(log_core.c.obj)
                0x000000000000187c                z_log_notify_backend_enabled
 .text.z_log_dropped
                0x000000000000189c       0x44 zephyr/libzephyr.a(log_core.c.obj)
                0x000000000000189c                z_log_dropped
 .text.z_log_dropped_read_and_clear
                0x00000000000018e0       0x18 zephyr/libzephyr.a(log_core.c.obj)
                0x00000000000018e0                z_log_dropped_read_and_clear
 .text.dropped_notify
                0x00000000000018f8       0x38 zephyr/libzephyr.a(log_core.c.obj)
                0x00000000000018f8                dropped_notify
 .text.z_log_dropped_pending
                0x0000000000001930       0x14 zephyr/libzephyr.a(log_core.c.obj)
                0x0000000000001930                z_log_dropped_pending
 .text.z_log_msg_init
                0x0000000000001944       0x20 zephyr/libzephyr.a(log_core.c.obj)
                0x0000000000001944                z_log_msg_init
 .text.log_core_init
                0x0000000000001964       0x54 zephyr/libzephyr.a(log_core.c.obj)
                0x0000000000001964                log_core_init
 .text.z_log_msg_alloc
                0x00000000000019b8       0x10 zephyr/libzephyr.a(log_core.c.obj)
                0x00000000000019b8                z_log_msg_alloc
 .text.z_log_msg_local_claim
                0x00000000000019c8       0x10 zephyr/libzephyr.a(log_core.c.obj)
                0x00000000000019c8                z_log_msg_local_claim
 .text.z_log_msg_free
                0x00000000000019d8       0x14 zephyr/libzephyr.a(log_core.c.obj)
                0x00000000000019d8                z_log_msg_free
 .text.z_log_msg_pending
                0x00000000000019ec       0x10 zephyr/libzephyr.a(log_core.c.obj)
                0x00000000000019ec                z_log_msg_pending
 .text.z_impl_log_process
                0x00000000000019fc       0xbc zephyr/libzephyr.a(log_core.c.obj)
                0x00000000000019fc                z_impl_log_process
 .text.z_impl_log_panic
                0x0000000000001ab8       0x4c zephyr/libzephyr.a(log_core.c.obj)
                0x0000000000001ab8                z_impl_log_panic
 .text.z_log_msg_post_finalize
                0x0000000000001b04       0x7c zephyr/libzephyr.a(log_core.c.obj)
 .text.z_log_msg_commit
                0x0000000000001b80       0x20 zephyr/libzephyr.a(log_core.c.obj)
                0x0000000000001b80                z_log_msg_commit
 .text.log_process_thread_func
                0x0000000000001ba0       0x78 zephyr/libzephyr.a(log_core.c.obj)
 .text.log_src_cnt_get
                0x0000000000001c18       0x14 zephyr/libzephyr.a(log_mgmt.c.obj)
                0x0000000000001c18                log_src_cnt_get
 .text.log_source_name_get
                0x0000000000001c2c       0x1c zephyr/libzephyr.a(log_mgmt.c.obj)
                0x0000000000001c2c                log_source_name_get
 .text.cbprintf_package_copy
                0x0000000000001c48       0x30 zephyr/libzephyr.a(log_msg.c.obj)
 .text.z_impl_z_log_msg_static_create
                0x0000000000001c78      0x158 zephyr/libzephyr.a(log_msg.c.obj)
                0x0000000000001c78                z_impl_z_log_msg_static_create
 .text.z_log_msg_runtime_vcreate
                0x0000000000001dd0       0xac zephyr/libzephyr.a(log_msg.c.obj)
                0x0000000000001dd0                z_log_msg_runtime_vcreate
 .text.log_msg_get_source_id
                0x0000000000001e7c       0x18 zephyr/libzephyr.a(log_msg.c.obj)
                0x0000000000001e7c                log_msg_get_source_id
 .text.print_formatted
                0x0000000000001e94       0x24 zephyr/libzephyr.a(log_output.c.obj)
 .text.timestamp_print
                0x0000000000001eb8       0x8c zephyr/libzephyr.a(log_output.c.obj)
 .text.color_print
                0x0000000000001f44       0x2c zephyr/libzephyr.a(log_output.c.obj)
 .text.ids_print
                0x0000000000001f70       0x70 zephyr/libzephyr.a(log_output.c.obj)
 .text.prefix_print
                0x0000000000001fe0       0x88 zephyr/libzephyr.a(log_output.c.obj)
 .text.newline_print
                0x0000000000002068       0x28 zephyr/libzephyr.a(log_output.c.obj)
 .text.hexdump_line_print
                0x0000000000002090       0xc4 zephyr/libzephyr.a(log_output.c.obj)
 .text.log_output_process
                0x0000000000002154       0x88 zephyr/libzephyr.a(log_output.c.obj)
                0x0000000000002154                log_output_process
 .text.log_output_dropped_process
                0x00000000000021dc       0x84 zephyr/libzephyr.a(log_output.c.obj)
                0x00000000000021dc                log_output_dropped_process
 .text.log_output_timestamp_freq_set
                0x0000000000002260       0x2c zephyr/libzephyr.a(log_output.c.obj)
                0x0000000000002260                log_output_timestamp_freq_set
 .text.char_out
                0x000000000000228c       0x24 zephyr/libzephyr.a(log_backend_uart.c.obj)
 .text.mem_attr_get_regions
                0x00000000000022b0        0xc zephyr/libzephyr.a(mem_attr.c.obj)
                0x00000000000022b0                mem_attr_get_regions
 .text.boot_banner
                0x00000000000022bc       0x18 zephyr/libzephyr.a(banner.c.obj)
                0x00000000000022bc                boot_banner
 .text.arch_bss_zero
                0x00000000000022d4       0x18 zephyr/arch/common/libarch__common.a(init.c.obj)
                0x00000000000022d4                arch_bss_zero
 .text.arch_data_copy
                0x00000000000022ec       0x34 zephyr/arch/common/libarch__common.a(xip.c.obj)
                0x00000000000022ec                arch_data_copy
 .text.esf_dump
                0x0000000000002320      0x160 zephyr/arch/arch/arm/core/libarch__arm__core.a(fatal.c.obj)
 .text.z_arm_fatal_error
                0x0000000000002480       0x38 zephyr/arch/arch/arm/core/libarch__arm__core.a(fatal.c.obj)
                0x0000000000002480                z_arm_fatal_error
 .text.z_SysNmiOnReset
                0x00000000000024b8        0x8 zephyr/arch/arch/arm/core/libarch__arm__core.a(nmi_on_reset.S.obj)
                0x00000000000024b8                z_SysNmiOnReset
 .text.z_tls_copy
                0x00000000000024c0       0x28 zephyr/arch/arch/arm/core/libarch__arm__core.a(tls.c.obj)
 .text.arch_tls_stack_setup
                0x00000000000024e8       0x28 zephyr/arch/arch/arm/core/libarch__arm__core.a(tls.c.obj)
                0x00000000000024e8                arch_tls_stack_setup
 .text._HandlerModeExit
                0x0000000000002510       0x20 zephyr/arch/arch/arm/core/cortex_m/libarch__arm__core__cortex_m.a(exc_exit.c.obj)
                0x0000000000002510                z_arm_int_exit
                0x0000000000002510                z_arm_exc_exit
 .text.z_arm_is_synchronous_svc
                0x0000000000002530       0x3c zephyr/arch/arch/arm/core/cortex_m/libarch__arm__core__cortex_m.a(fault.c.obj)
 .text.get_esf  0x000000000000256c       0x48 zephyr/arch/arch/arm/core/cortex_m/libarch__arm__core__cortex_m.a(fault.c.obj)
 .text.usage_fault
                0x00000000000025b4       0xf0 zephyr/arch/arch/arm/core/cortex_m/libarch__arm__core__cortex_m.a(fault.c.obj)
 .text.debug_monitor
                0x00000000000026a4       0x1c zephyr/arch/arch/arm/core/cortex_m/libarch__arm__core__cortex_m.a(fault.c.obj)
 .text.reserved_exception
                0x00000000000026c0       0xd8 zephyr/arch/arch/arm/core/cortex_m/libarch__arm__core__cortex_m.a(fault.c.obj)
 .text.mem_manage_fault
                0x0000000000002798      0x114 zephyr/arch/arch/arm/core/cortex_m/libarch__arm__core__cortex_m.a(fault.c.obj)
 .text.bus_fault
                0x00000000000028ac      0x110 zephyr/arch/arch/arm/core/cortex_m/libarch__arm__core__cortex_m.a(fault.c.obj)
 .text.hard_fault
                0x00000000000029bc       0xd0 zephyr/arch/arch/arm/core/cortex_m/libarch__arm__core__cortex_m.a(fault.c.obj)
 .text.z_arm_fault
                0x0000000000002a8c       0x88 zephyr/arch/arch/arm/core/cortex_m/libarch__arm__core__cortex_m.a(fault.c.obj)
                0x0000000000002a8c                z_arm_fault
 .text.z_arm_fault_init
                0x0000000000002b14       0x20 zephyr/arch/arch/arm/core/cortex_m/libarch__arm__core__cortex_m.a(fault.c.obj)
                0x0000000000002b14                z_arm_fault_init
 .text.__fault  0x0000000000002b34       0x14 zephyr/arch/arch/arm/core/cortex_m/libarch__arm__core__cortex_m.a(fault_s.S.obj)
                0x0000000000002b34                z_arm_usage_fault
                0x0000000000002b34                z_arm_mpu_fault
                0x0000000000002b34                z_arm_exc_spurious
                0x0000000000002b34                z_arm_debug_monitor
                0x0000000000002b34                z_arm_hard_fault
                0x0000000000002b34                z_arm_bus_fault
 .text._reset_section
                0x0000000000002b48       0x68 zephyr/arch/arch/arm/core/cortex_m/libarch__arm__core__cortex_m.a(reset.S.obj)
                0x0000000000002b48                __start
                0x0000000000002b48                z_arm_reset
 .text.z_arm_clear_arm_mpu_config
                0x0000000000002bb0       0x28 zephyr/arch/arch/arm/core/cortex_m/libarch__arm__core__cortex_m.a(scb.c.obj)
                0x0000000000002bb0                z_arm_clear_arm_mpu_config
 .text.z_arm_init_arch_hw_at_boot
                0x0000000000002bd8       0x54 zephyr/arch/arch/arm/core/cortex_m/libarch__arm__core__cortex_m.a(scb.c.obj)
                0x0000000000002bd8                z_arm_init_arch_hw_at_boot
 .text.z_impl_k_thread_abort
                0x0000000000002c2c       0x34 zephyr/arch/arch/arm/core/cortex_m/libarch__arm__core__cortex_m.a(thread_abort.c.obj)
                0x0000000000002c2c                z_impl_k_thread_abort
 .text.z_arm_pendsv
                0x0000000000002c60       0x68 zephyr/arch/arch/arm/core/cortex_m/libarch__arm__core__cortex_m.a(swap_helper.S.obj)
                0x0000000000002c60                z_arm_pendsv
 .text.z_arm_svc
                0x0000000000002cc8       0x24 zephyr/arch/arch/arm/core/cortex_m/libarch__arm__core__cortex_m.a(swap_helper.S.obj)
                0x0000000000002cc8                z_arm_svc
 .text.__NVIC_EnableIRQ
                0x0000000000002cec       0x1c zephyr/arch/arch/arm/core/cortex_m/libarch__arm__core__cortex_m.a(irq_manage.c.obj)
 .text.__NVIC_DisableIRQ
                0x0000000000002d08       0x24 zephyr/arch/arch/arm/core/cortex_m/libarch__arm__core__cortex_m.a(irq_manage.c.obj)
 .text.__NVIC_SetPriority
                0x0000000000002d2c       0x28 zephyr/arch/arch/arm/core/cortex_m/libarch__arm__core__cortex_m.a(irq_manage.c.obj)
 .text.arm_irq_is_enabled
                0x0000000000002d54       0x1c zephyr/arch/arch/arm/core/cortex_m/libarch__arm__core__cortex_m.a(irq_manage.c.obj)
                0x0000000000002d54                arm_irq_is_enabled
 .text.relocate_vector_table
                0x0000000000002d70       0x1c zephyr/arch/arch/arm/core/cortex_m/libarch__arm__core__cortex_m.a(prep_c.c.obj)
                0x0000000000002d70                relocate_vector_table
 .text.z_prep_c
                0x0000000000002d8c       0x28 zephyr/arch/arch/arm/core/cortex_m/libarch__arm__core__cortex_m.a(prep_c.c.obj)
                0x0000000000002d8c                z_prep_c
 .text.arch_new_thread
                0x0000000000002db4       0x44 zephyr/arch/arch/arm/core/cortex_m/libarch__arm__core__cortex_m.a(thread.c.obj)
                0x0000000000002db4                arch_new_thread
 .text.arch_switch_to_main_thread
                0x0000000000002df8       0x44 zephyr/arch/arch/arm/core/cortex_m/libarch__arm__core__cortex_m.a(thread.c.obj)
                0x0000000000002df8                arch_switch_to_main_thread
 .text.z_arm_cpu_idle_init
                0x0000000000002e3c        0xc zephyr/arch/arch/arm/core/cortex_m/libarch__arm__core__cortex_m.a(cpu_idle.c.obj)
                0x0000000000002e3c                z_arm_cpu_idle_init
 .text.z_arm_interrupt_init
                0x0000000000002e48       0x34 zephyr/arch/arch/arm/core/cortex_m/libarch__arm__core__cortex_m.a(irq_init.c.obj)
                0x0000000000002e48                z_arm_interrupt_init
 .text._isr_wrapper
                0x0000000000002e7c       0x20 zephyr/arch/arch/arm/core/cortex_m/libarch__arm__core__cortex_m.a(isr_wrapper.c.obj)
                0x0000000000002e7c                _isr_wrapper
 .text.z_arm_configure_static_mpu_regions
                0x0000000000002e9c       0x40 zephyr/arch/arch/arm/core/mpu/libarch__arm__core__mpu.a(arm_core_mpu.c.obj)
                0x0000000000002e9c                z_arm_configure_static_mpu_regions
 .text.mpu_init
                0x0000000000002edc       0x14 zephyr/arch/arch/arm/core/mpu/libarch__arm__core__mpu.a(arm_mpu.c.obj)
 .text.mpu_set_region
                0x0000000000002ef0       0x14 zephyr/arch/arch/arm/core/mpu/libarch__arm__core__mpu.a(arm_mpu.c.obj)
 .text.mpu_region_get_conf
                0x0000000000002f04       0x40 zephyr/arch/arch/arm/core/mpu/libarch__arm__core__mpu.a(arm_mpu.c.obj)
 .text.mpu_mark_areas_for_dynamic_regions
                0x0000000000002f44       0x60 zephyr/arch/arch/arm/core/mpu/libarch__arm__core__mpu.a(arm_mpu.c.obj)
 .text.region_allocate_and_init
                0x0000000000002fa4       0x3c zephyr/arch/arch/arm/core/mpu/libarch__arm__core__mpu.a(arm_mpu.c.obj)
 .text.mpu_configure_regions_and_partition
                0x0000000000002fe0      0x1ac zephyr/arch/arch/arm/core/mpu/libarch__arm__core__mpu.a(arm_mpu.c.obj)
 .text.mpu_configure_static_mpu_regions
                0x000000000000318c       0x14 zephyr/arch/arch/arm/core/mpu/libarch__arm__core__mpu.a(arm_mpu.c.obj)
 .text.arm_core_mpu_enable
                0x00000000000031a0       0x18 zephyr/arch/arch/arm/core/mpu/libarch__arm__core__mpu.a(arm_mpu.c.obj)
                0x00000000000031a0                arm_core_mpu_enable
 .text.arm_core_mpu_disable
                0x00000000000031b8       0x14 zephyr/arch/arch/arm/core/mpu/libarch__arm__core__mpu.a(arm_mpu.c.obj)
                0x00000000000031b8                arm_core_mpu_disable
 .text.z_arm_mpu_init
                0x00000000000031cc       0x80 zephyr/arch/arch/arm/core/mpu/libarch__arm__core__mpu.a(arm_mpu.c.obj)
                0x00000000000031cc                z_arm_mpu_init
 .text.cbvprintf
                0x000000000000324c       0x34 zephyr/lib/libc/picolibc/liblib__libc__picolibc.a(cbprintf.c.obj)
                0x000000000000324c                cbvprintf
 .text.z_impl_zephyr_fputc
                0x0000000000003280       0x10 zephyr/lib/libc/picolibc/liblib__libc__picolibc.a(stdio.c.obj)
                0x0000000000003280                z_impl_zephyr_fputc
 .text.__stdout_hook_install
                0x0000000000003290       0x18 zephyr/lib/libc/picolibc/liblib__libc__picolibc.a(stdio.c.obj)
                0x0000000000003290                __stdout_hook_install
 .text.malloc_prepare
                0x00000000000032a8       0x24 zephyr/lib/libc/common/liblib__libc__common.a(malloc.c.obj)
 .text.nrfx_coredep_delay_us
                0x00000000000032cc       0x2c zephyr/soc/soc/nrf54l15/libsoc__nordic.a(soc.c.obj)
 .text.power_and_clock_configuration
                0x00000000000032f8       0xa0 zephyr/soc/soc/nrf54l15/libsoc__nordic.a(soc.c.obj)
 .text.nordicsemi_nrf54l_init
                0x0000000000003398       0x1c zephyr/soc/soc/nrf54l15/libsoc__nordic.a(soc.c.obj)
                0x0000000000003398                nordicsemi_nrf54l_init
 .text.gppi_init
                0x00000000000033b4       0x8c zephyr/soc/soc/nrf54l15/libsoc__nordic.a(gppi_init.c.obj)
 .text.cache_instr_enable
                0x0000000000003440       0x10 zephyr/drivers/cache/libdrivers__cache.a(cache_nrf.c.obj)
                0x0000000000003440                cache_instr_enable
 .text.nrfx_clock_xo_running_check
                0x0000000000003450       0x2c zephyr/drivers/clock_control/libdrivers__clock_control.a(clock_control_nrf.c.obj)
 .text.get_hf_flags
                0x000000000000347c        0x8 zephyr/drivers/clock_control/libdrivers__clock_control.a(clock_control_nrf.c.obj)
 .text.get_subsys
                0x0000000000003484       0x18 zephyr/drivers/clock_control/libdrivers__clock_control.a(clock_control_nrf.c.obj)
 .text.onoff_stop
                0x000000000000349c       0x20 zephyr/drivers/clock_control/libdrivers__clock_control.a(clock_control_nrf.c.obj)
 .text.onoff_start
                0x00000000000034bc       0x34 zephyr/drivers/clock_control/libdrivers__clock_control.a(clock_control_nrf.c.obj)
 .text.clock_event_handler
                0x00000000000034f0       0x24 zephyr/drivers/clock_control/libdrivers__clock_control.a(clock_control_nrf.c.obj)
 .text.generic_hfclk_start
                0x0000000000003514       0x68 zephyr/drivers/clock_control/libdrivers__clock_control.a(clock_control_nrf.c.obj)
 .text.generic_hfclk_stop
                0x000000000000357c       0x34 zephyr/drivers/clock_control/libdrivers__clock_control.a(clock_control_nrf.c.obj)
 .text.lfclk_spinwait
                0x00000000000035b0       0xc8 zephyr/drivers/clock_control/libdrivers__clock_control.a(clock_control_nrf.c.obj)
 .text.api_blocking_start
                0x0000000000003678       0x38 zephyr/drivers/clock_control/libdrivers__clock_control.a(clock_control_nrf.c.obj)
 .text.clk_init
                0x00000000000036b0       0x60 zephyr/drivers/clock_control/libdrivers__clock_control.a(clock_control_nrf.c.obj)
 .text.z_nrf_clock_control_lf_on
                0x0000000000003710       0x4c zephyr/drivers/clock_control/libdrivers__clock_control.a(clock_control_nrf.c.obj)
                0x0000000000003710                z_nrf_clock_control_lf_on
 .text.console_out
                0x000000000000375c       0x28 zephyr/drivers/console/libdrivers__console.a(uart_console.c.obj)
 .text.uart_console_hook_install
                0x0000000000003784       0x18 zephyr/drivers/console/libdrivers__console.a(uart_console.c.obj)
 .text.uart_console_init
                0x000000000000379c       0x1c zephyr/drivers/console/libdrivers__console.a(uart_console.c.obj)
 .text.nrf_gpio_pin_port_decode
                0x00000000000037b8       0x30 zephyr/drivers/gpio/libdrivers__gpio.a(gpio_nrfx.c.obj)
 .text.get_dev  0x00000000000037e8       0x28 zephyr/drivers/gpio/libdrivers__gpio.a(gpio_nrfx.c.obj)
 .text.gpio_nrfx_init
                0x0000000000003810       0x5c zephyr/drivers/gpio/libdrivers__gpio.a(gpio_nrfx.c.obj)
 .text.nrf_gpio_pin_port_decode
                0x000000000000386c       0x30 zephyr/drivers/pinctrl/libdrivers__pinctrl.a(pinctrl_nrf.c.obj)
 .text.nrf_gpio_cfg
                0x000000000000389c       0x44 zephyr/drivers/pinctrl/libdrivers__pinctrl.a(pinctrl_nrf.c.obj)
 .text.pinctrl_configure_pins
                0x00000000000038e0      0x2a4 zephyr/drivers/pinctrl/libdrivers__pinctrl.a(pinctrl_nrf.c.obj)
                0x00000000000038e0                pinctrl_configure_pins
 .text.uarte_nrfx_poll_out
                0x0000000000003b84       0x68 zephyr/drivers/serial/libdrivers__serial.a(uart_nrfx_uarte.c.obj)
 .text.uarte_instance_init
                0x0000000000003bec       0x38 zephyr/drivers/serial/libdrivers__serial.a(uart_nrfx_uarte.c.obj)
 .text.sys_clock_timeout_handler
                0x0000000000003c24       0x48 zephyr/drivers/timer/libdrivers__timer.a(nrf_grtc_timer.c.obj)
 .text.sys_clock_driver_init
                0x0000000000003c6c       0x88 zephyr/drivers/timer/libdrivers__timer.a(nrf_grtc_timer.c.obj)
 .text.sys_clock_elapsed
                0x0000000000003cf4       0x28 zephyr/drivers/timer/libdrivers__timer.a(nrf_grtc_timer.c.obj)
                0x0000000000003cf4                sys_clock_elapsed
 .text.sys_clock_set_timeout
                0x0000000000003d1c       0xb0 zephyr/drivers/timer/libdrivers__timer.a(nrf_grtc_timer.c.obj)
                0x0000000000003d1c                sys_clock_set_timeout
 .text.nrf54l_errata_31
                0x0000000000003dcc       0x24 modules/hal_nordic/modules/hal_nordic/nrfx/libmodules__hal_nordic__nrfx.a(system_nrf54l.c.obj)
 .text.nrf54l_errata_32
                0x0000000000003df0       0x24 modules/hal_nordic/modules/hal_nordic/nrfx/libmodules__hal_nordic__nrfx.a(system_nrf54l.c.obj)
 .text.nrf54l_errata_37
                0x0000000000003e14       0x18 modules/hal_nordic/modules/hal_nordic/nrfx/libmodules__hal_nordic__nrfx.a(system_nrf54l.c.obj)
 .text.nrf54l_errata_40
                0x0000000000003e2c       0x24 modules/hal_nordic/modules/hal_nordic/nrfx/libmodules__hal_nordic__nrfx.a(system_nrf54l.c.obj)
 .text.nrf54l_handle_approtect_signal
                0x0000000000003e50       0x38 modules/hal_nordic/modules/hal_nordic/nrfx/libmodules__hal_nordic__nrfx.a(system_nrf54l.c.obj)
 .text.nrf54l_handle_secureapprotect_signal
                0x0000000000003e88       0x38 modules/hal_nordic/modules/hal_nordic/nrfx/libmodules__hal_nordic__nrfx.a(system_nrf54l.c.obj)
 .text.nrf54l_handle_approtect
                0x0000000000003ec0       0x38 modules/hal_nordic/modules/hal_nordic/nrfx/libmodules__hal_nordic__nrfx.a(system_nrf54l.c.obj)
 .text.SystemInit
                0x0000000000003ef8      0x110 modules/hal_nordic/modules/hal_nordic/nrfx/libmodules__hal_nordic__nrfx.a(system_nrf54l.c.obj)
                0x0000000000003ef8                SystemInit
 .text.nrfx_gppi_init
                0x0000000000004008        0xc modules/hal_nordic/modules/hal_nordic/nrfx/libmodules__hal_nordic__nrfx.a(nrfx_gppi_dppi.c.obj)
                0x0000000000004008                nrfx_gppi_init
 .text.nrfx_gppi_ext_conn_alloc
                0x0000000000004014      0x118 modules/hal_nordic/modules/hal_nordic/nrfx/libmodules__hal_nordic__nrfx.a(nrfx_gppi_dppi.c.obj)
                0x0000000000004014                nrfx_gppi_ext_conn_alloc
 .text.nrfx_gppi_conn_enable
                0x000000000000412c       0x58 modules/hal_nordic/modules/hal_nordic/nrfx/libmodules__hal_nordic__nrfx.a(nrfx_gppi_dppi.c.obj)
                0x000000000000412c                nrfx_gppi_conn_enable
 .text.nrfx_gppi_domain_channel_get
                0x0000000000004184       0x50 modules/hal_nordic/modules/hal_nordic/nrfx/libmodules__hal_nordic__nrfx.a(nrfx_gppi_dppi.c.obj)
                0x0000000000004184                nrfx_gppi_domain_channel_get
 .text.nrfx_gppi_route_map_get
                0x00000000000041d4        0x8 modules/hal_nordic/modules/hal_nordic/nrfx/libmodules__hal_nordic__nrfx.a(nrfx_gppi_lumos.c.obj)
                0x00000000000041d4                nrfx_gppi_route_map_get
 .text.nrfx_gppi_routes_get
                0x00000000000041dc        0x8 modules/hal_nordic/modules/hal_nordic/nrfx/libmodules__hal_nordic__nrfx.a(nrfx_gppi_lumos.c.obj)
                0x00000000000041dc                nrfx_gppi_routes_get
 .text.nrfx_gppi_nodes_get
                0x00000000000041e4        0x8 modules/hal_nordic/modules/hal_nordic/nrfx/libmodules__hal_nordic__nrfx.a(nrfx_gppi_lumos.c.obj)
                0x00000000000041e4                nrfx_gppi_nodes_get
 .text.nrfx_gppi_channel_init
                0x00000000000041ec       0x10 modules/hal_nordic/modules/hal_nordic/nrfx/libmodules__hal_nordic__nrfx.a(nrfx_gppi_lumos.c.obj)
                0x00000000000041ec                nrfx_gppi_channel_init
 .text.nrfx_gppi_groups_init
                0x00000000000041fc       0x10 modules/hal_nordic/modules/hal_nordic/nrfx/libmodules__hal_nordic__nrfx.a(nrfx_gppi_lumos.c.obj)
                0x00000000000041fc                nrfx_gppi_groups_init
 .text.xo_event_handler
                0x000000000000420c       0x10 modules/hal_nordic/modules/hal_nordic/nrfx/libmodules__hal_nordic__nrfx.a(nrfx_clock.c.obj)
 .text.lfclk_event_handler
                0x000000000000421c       0x10 modules/hal_nordic/modules/hal_nordic/nrfx/libmodules__hal_nordic__nrfx.a(nrfx_clock.c.obj)
 .text.nrfx_clock_init
                0x000000000000422c       0x3c modules/hal_nordic/modules/hal_nordic/nrfx/libmodules__hal_nordic__nrfx.a(nrfx_clock.c.obj)
                0x000000000000422c                nrfx_clock_init
 .text.nrfx_clock_enable
                0x0000000000004268       0x14 modules/hal_nordic/modules/hal_nordic/nrfx/libmodules__hal_nordic__nrfx.a(nrfx_clock.c.obj)
                0x0000000000004268                nrfx_clock_enable
 .text.clock_stop
                0x000000000000427c       0x38 modules/hal_nordic/modules/hal_nordic/nrfx/libmodules__hal_nordic__nrfx.a(nrfx_clock_lfclk.c.obj)
 .text.nrfx_clock_lfclk_init
                0x00000000000042b4       0x2c modules/hal_nordic/modules/hal_nordic/nrfx/libmodules__hal_nordic__nrfx.a(nrfx_clock_lfclk.c.obj)
                0x00000000000042b4                nrfx_clock_lfclk_init
 .text.nrfx_clock_lfclk_start
                0x00000000000042e0       0xc8 modules/hal_nordic/modules/hal_nordic/nrfx/libmodules__hal_nordic__nrfx.a(nrfx_clock_lfclk.c.obj)
                0x00000000000042e0                nrfx_clock_lfclk_start
 .text.nrfx_clock_lfclk_irq_handler
                0x00000000000043a8       0x7c modules/hal_nordic/modules/hal_nordic/nrfx/libmodules__hal_nordic__nrfx.a(nrfx_clock_lfclk.c.obj)
                0x00000000000043a8                nrfx_clock_lfclk_irq_handler
 .text.nrf54l_errata_39
                0x0000000000004424       0x18 modules/hal_nordic/modules/hal_nordic/nrfx/libmodules__hal_nordic__nrfx.a(nrfx_clock_xo.c.obj)
 .text.clock_stop
                0x000000000000443c       0x60 modules/hal_nordic/modules/hal_nordic/nrfx/libmodules__hal_nordic__nrfx.a(nrfx_clock_xo.c.obj)
 .text.nrfx_clock_xo_init
                0x000000000000449c       0x1c modules/hal_nordic/modules/hal_nordic/nrfx/libmodules__hal_nordic__nrfx.a(nrfx_clock_xo.c.obj)
                0x000000000000449c                nrfx_clock_xo_init
 .text.nrfx_clock_xo_start
                0x00000000000044b8       0x6c modules/hal_nordic/modules/hal_nordic/nrfx/libmodules__hal_nordic__nrfx.a(nrfx_clock_xo.c.obj)
                0x00000000000044b8                nrfx_clock_xo_start
 .text.nrfx_clock_xo_irq_handler
                0x0000000000004524       0x84 modules/hal_nordic/modules/hal_nordic/nrfx/libmodules__hal_nordic__nrfx.a(nrfx_clock_xo.c.obj)
                0x0000000000004524                nrfx_clock_xo_irq_handler
 .text.nrf_gpiote_task_configure
                0x00000000000045a8       0x48 modules/hal_nordic/modules/hal_nordic/nrfx/libmodules__hal_nordic__nrfx.a(nrfx_gpiote.c.obj)
 .text.nrf_gpio_pin_port_decode
                0x00000000000045f0       0x30 modules/hal_nordic/modules/hal_nordic/nrfx/libmodules__hal_nordic__nrfx.a(nrfx_gpiote.c.obj)
 .text.nrf_gpio_cfg_default
                0x0000000000004620       0x2c modules/hal_nordic/modules/hal_nordic/nrfx/libmodules__hal_nordic__nrfx.a(nrfx_gpiote.c.obj)
 .text.nrf_gpio_latches_read_and_clear
                0x000000000000464c       0x40 modules/hal_nordic/modules/hal_nordic/nrfx/libmodules__hal_nordic__nrfx.a(nrfx_gpiote.c.obj)
 .text.get_pin_idx
                0x000000000000468c       0x14 modules/hal_nordic/modules/hal_nordic/nrfx/libmodules__hal_nordic__nrfx.a(nrfx_gpiote.c.obj)
 .text.get_channel_mask
                0x00000000000046a0        0xc modules/hal_nordic/modules/hal_nordic/nrfx/libmodules__hal_nordic__nrfx.a(nrfx_gpiote.c.obj)
 .text.get_config
                0x00000000000046ac        0xc modules/hal_nordic/modules/hal_nordic/nrfx/libmodules__hal_nordic__nrfx.a(nrfx_gpiote.c.obj)
 .text.latch_pending_read_and_check
                0x00000000000046b8       0x50 modules/hal_nordic/modules/hal_nordic/nrfx/libmodules__hal_nordic__nrfx.a(nrfx_gpiote.c.obj)
 .text.nrfy_gpiote_int_init
                0x0000000000004708       0x64 modules/hal_nordic/modules/hal_nordic/nrfx/libmodules__hal_nordic__nrfx.a(nrfx_gpiote.c.obj)
 .text.port_event_handle
                0x000000000000476c       0xcc modules/hal_nordic/modules/hal_nordic/nrfx/libmodules__hal_nordic__nrfx.a(nrfx_gpiote.c.obj)
 .text.nrfy_grtc_prepare
                0x0000000000004838       0x64 modules/hal_nordic/modules/hal_nordic/nrfx/libmodules__hal_nordic__nrfx.a(nrfx_grtc.c.obj)
 .text.is_syscounter_running
                0x000000000000489c       0x10 modules/hal_nordic/modules/hal_nordic/nrfx/libmodules__hal_nordic__nrfx.a(nrfx_grtc.c.obj)
 .text.channel_used_mark
                0x00000000000048ac       0x14 modules/hal_nordic/modules/hal_nordic/nrfx/libmodules__hal_nordic__nrfx.a(nrfx_grtc.c.obj)
 .text.sleep_configure
                0x00000000000048c0       0x30 modules/hal_nordic/modules/hal_nordic/nrfx/libmodules__hal_nordic__nrfx.a(nrfx_grtc.c.obj)
 .text.grtc_irq_handler
                0x00000000000048f0       0xcc modules/hal_nordic/modules/hal_nordic/nrfx/libmodules__hal_nordic__nrfx.a(nrfx_grtc.c.obj)
 .text.nrfx_grtc_syscounter_get
                0x00000000000049bc       0x1c modules/hal_nordic/modules/hal_nordic/nrfx/libmodules__hal_nordic__nrfx.a(nrfx_grtc.c.obj)
                0x00000000000049bc                nrfx_grtc_syscounter_get
 .text.nrfx_grtc_channel_callback_set
                0x00000000000049d8       0x34 modules/hal_nordic/modules/hal_nordic/nrfx/libmodules__hal_nordic__nrfx.a(nrfx_grtc.c.obj)
                0x00000000000049d8                nrfx_grtc_channel_callback_set
 .text.nrfx_grtc_init
                0x0000000000004a0c       0x90 modules/hal_nordic/modules/hal_nordic/nrfx/libmodules__hal_nordic__nrfx.a(nrfx_grtc.c.obj)
                0x0000000000004a0c                nrfx_grtc_init
 .text.nrfx_grtc_syscounter_start
                0x0000000000004a9c       0x88 modules/hal_nordic/modules/hal_nordic/nrfx/libmodules__hal_nordic__nrfx.a(nrfx_grtc.c.obj)
                0x0000000000004a9c                nrfx_grtc_syscounter_start
 .text.nrfx_grtc_syscounter_cc_abs_set
                0x0000000000004b24       0x70 modules/hal_nordic/modules/hal_nordic/nrfx/libmodules__hal_nordic__nrfx.a(nrfx_grtc.c.obj)
                0x0000000000004b24                nrfx_grtc_syscounter_cc_abs_set
 .text.nrfx_grtc_syscounter_cc_rel_set
                0x0000000000004b94       0x44 modules/hal_nordic/modules/hal_nordic/nrfx/libmodules__hal_nordic__nrfx.a(nrfx_grtc.c.obj)
                0x0000000000004b94                nrfx_grtc_syscounter_cc_rel_set
 .text.nrfx_rramc_write_enable_set
                0x0000000000004bd8       0x2c modules/hal_nordic/modules/hal_nordic/nrfx/libmodules__hal_nordic__nrfx.a(nrfx_rramc.c.obj)
                0x0000000000004bd8                nrfx_rramc_write_enable_set
 .text.nrf_saadc_channel_init
                0x0000000000004c04       0x60 modules/hal_nordic/modules/hal_nordic/nrfx/libmodules__hal_nordic__nrfx.a(nrfx_saadc.c.obj)
 .text.__nrfy_internal_saadc_events_process
                0x0000000000004c64      0x11c modules/hal_nordic/modules/hal_nordic/nrfx/libmodules__hal_nordic__nrfx.a(nrfx_saadc.c.obj)
 .text.nrfx_saadc_ain_get
                0x0000000000004d80       0x2c modules/hal_nordic/modules/hal_nordic/nrfx/libmodules__hal_nordic__nrfx.a(nrfx_saadc.c.obj)
 .text.saadc_channel_count_get
                0x0000000000004dac       0x48 modules/hal_nordic/modules/hal_nordic/nrfx/libmodules__hal_nordic__nrfx.a(nrfx_saadc.c.obj)
 .text.saadc_channel_config
                0x0000000000004df4       0x58 modules/hal_nordic/modules/hal_nordic/nrfx/libmodules__hal_nordic__nrfx.a(nrfx_saadc.c.obj)
 .text.saadc_busy_check
                0x0000000000004e4c       0x28 modules/hal_nordic/modules/hal_nordic/nrfx/libmodules__hal_nordic__nrfx.a(nrfx_saadc.c.obj)
 .text.saadc_generic_mode_set
                0x0000000000004e74       0xbc modules/hal_nordic/modules/hal_nordic/nrfx/libmodules__hal_nordic__nrfx.a(nrfx_saadc.c.obj)
 .text.saadc_pre_calibration_state_restore
                0x0000000000004f30       0x70 modules/hal_nordic/modules/hal_nordic/nrfx/libmodules__hal_nordic__nrfx.a(nrfx_saadc.c.obj)
 .text.saadc_event_started_handle
                0x0000000000004fa0       0x8c modules/hal_nordic/modules/hal_nordic/nrfx/libmodules__hal_nordic__nrfx.a(nrfx_saadc.c.obj)
 .text.saadc_event_end_handle
                0x000000000000502c       0xb8 modules/hal_nordic/modules/hal_nordic/nrfx/libmodules__hal_nordic__nrfx.a(nrfx_saadc.c.obj)
 .text.saadc_channels_deconfig
                0x00000000000050e4       0x3c modules/hal_nordic/modules/hal_nordic/nrfx/libmodules__hal_nordic__nrfx.a(nrfx_saadc.c.obj)
 .text.saadc_event_limits_handle
                0x0000000000005120       0x5c modules/hal_nordic/modules/hal_nordic/nrfx/libmodules__hal_nordic__nrfx.a(nrfx_saadc.c.obj)
 .text.nrfx_saadc_init
                0x000000000000517c       0x3c modules/hal_nordic/modules/hal_nordic/nrfx/libmodules__hal_nordic__nrfx.a(nrfx_saadc.c.obj)
                0x000000000000517c                nrfx_saadc_init
 .text.nrfx_saadc_channels_config
                0x00000000000051b8       0x54 modules/hal_nordic/modules/hal_nordic/nrfx/libmodules__hal_nordic__nrfx.a(nrfx_saadc.c.obj)
                0x00000000000051b8                nrfx_saadc_channels_config
 .text.nrfx_saadc_advanced_mode_set
                0x000000000000520c       0xb4 modules/hal_nordic/modules/hal_nordic/nrfx/libmodules__hal_nordic__nrfx.a(nrfx_saadc.c.obj)
                0x000000000000520c                nrfx_saadc_advanced_mode_set
 .text.nrfx_saadc_buffer_set
                0x00000000000052c0       0xd0 modules/hal_nordic/modules/hal_nordic/nrfx/libmodules__hal_nordic__nrfx.a(nrfx_saadc.c.obj)
                0x00000000000052c0                nrfx_saadc_buffer_set
 .text.nrfx_saadc_mode_trigger
                0x0000000000005390      0x154 modules/hal_nordic/modules/hal_nordic/nrfx/libmodules__hal_nordic__nrfx.a(nrfx_saadc.c.obj)
                0x0000000000005390                nrfx_saadc_mode_trigger
 .text.SAADC_IRQHandler
                0x00000000000054e4       0xb4 modules/hal_nordic/modules/hal_nordic/nrfx/libmodules__hal_nordic__nrfx.a(nrfx_saadc.c.obj)
                0x00000000000054e4                SAADC_IRQHandler
 .text.prescaler_calculate
                0x0000000000005598       0x6c modules/hal_nordic/modules/hal_nordic/nrfx/libmodules__hal_nordic__nrfx.a(nrfx_timer.c.obj)
 .text.nrfx_timer_us_to_ticks
                0x0000000000005604       0x44 modules/hal_nordic/modules/hal_nordic/nrfx/libmodules__hal_nordic__nrfx.a(nrfx_timer.c.obj)
                0x0000000000005604                nrfx_timer_us_to_ticks
 .text.reason_to_str
                0x0000000000005648       0x40 zephyr/kernel/libkernel.a(fatal.c.obj)
 .text.thread_name_get
                0x0000000000005688       0x20 zephyr/kernel/libkernel.a(fatal.c.obj)
 .text.k_sys_fatal_error_handler
                0x00000000000056a8       0x20 zephyr/kernel/libkernel.a(fatal.c.obj)
                0x00000000000056a8                k_sys_fatal_error_handler
 .text.z_fatal_error
                0x00000000000056c8      0x1f4 zephyr/kernel/libkernel.a(fatal.c.obj)
                0x00000000000056c8                z_fatal_error
 .text.init_idle_thread
                0x00000000000058bc       0x60 zephyr/kernel/libkernel.a(init.c.obj)
 .text.z_sys_init_run_level
                0x000000000000591c       0x38 zephyr/kernel/libkernel.a(init.c.obj)
 .text.thread_schedule_new
                0x0000000000005954       0x1c zephyr/kernel/libkernel.a(init.c.obj)
 .text.z_init_static_threads
                0x0000000000005970       0x70 zephyr/kernel/libkernel.a(init.c.obj)
 .text.bg_thread_main
                0x00000000000059e0       0x34 zephyr/kernel/libkernel.a(init.c.obj)
 .text.switch_to_main_thread
                0x0000000000005a14       0x14 zephyr/kernel/libkernel.a(init.c.obj)
 .text.z_init_cpu
                0x0000000000005a28       0x44 zephyr/kernel/libkernel.a(init.c.obj)
                0x0000000000005a28                z_init_cpu
 .text.prepare_multithreading
                0x0000000000005a6c       0x60 zephyr/kernel/libkernel.a(init.c.obj)
 .text.z_cstart
                0x0000000000005acc       0x7c zephyr/kernel/libkernel.a(init.c.obj)
                0x0000000000005acc                z_cstart
 .text.z_impl_k_mutex_lock
                0x0000000000005b48      0x100 zephyr/kernel/libkernel.a(mutex.c.obj)
                0x0000000000005b48                z_impl_k_mutex_lock
 .text.z_impl_k_mutex_unlock
                0x0000000000005c48       0xac zephyr/kernel/libkernel.a(mutex.c.obj)
                0x0000000000005c48                z_impl_k_mutex_unlock
 .text.z_impl_k_sem_give
                0x0000000000005cf4       0x88 zephyr/kernel/libkernel.a(sem.c.obj)
                0x0000000000005cf4                z_impl_k_sem_give
 .text.z_impl_k_sem_take
                0x0000000000005d7c       0x50 zephyr/kernel/libkernel.a(sem.c.obj)
                0x0000000000005d7c                z_impl_k_sem_take
 .text.thread_schedule_new
                0x0000000000005dcc       0x1c zephyr/kernel/libkernel.a(thread.c.obj)
 .text.z_impl_k_thread_name_set
                0x0000000000005de8       0x24 zephyr/kernel/libkernel.a(thread.c.obj)
                0x0000000000005de8                z_impl_k_thread_name_set
 .text.z_setup_new_thread
                0x0000000000005e0c       0xcc zephyr/kernel/libkernel.a(thread.c.obj)
                0x0000000000005e0c                z_setup_new_thread
 .text.z_dummy_thread_init
                0x0000000000005ed8       0x24 zephyr/kernel/libkernel.a(thread.c.obj)
                0x0000000000005ed8                z_dummy_thread_init
 .text.z_swap_irqlock
                0x0000000000005efc       0x34 zephyr/kernel/libkernel.a(sched.c.obj)
 .text.ready_thread
                0x0000000000005f30       0xb4 zephyr/kernel/libkernel.a(sched.c.obj)
 .text.unready_thread
                0x0000000000005fe4       0x68 zephyr/kernel/libkernel.a(sched.c.obj)
 .text.thread_halt_spin
                0x000000000000604c      0x118 zephyr/kernel/libkernel.a(sched.c.obj)
 .text.add_thread_timeout
                0x0000000000006164       0x20 zephyr/kernel/libkernel.a(sched.c.obj)
 .text.move_thread_to_end_of_prio_q
                0x0000000000006184       0xc8 zephyr/kernel/libkernel.a(sched.c.obj)
                0x0000000000006184                move_thread_to_end_of_prio_q
 .text.z_pend_curr
                0x000000000000624c       0x38 zephyr/kernel/libkernel.a(sched.c.obj)
                0x000000000000624c                z_pend_curr
 .text.z_thread_prio_set
                0x0000000000006284      0x14c zephyr/kernel/libkernel.a(sched.c.obj)
                0x0000000000006284                z_thread_prio_set
 .text.z_reschedule
                0x00000000000063d0       0x2c zephyr/kernel/libkernel.a(sched.c.obj)
                0x00000000000063d0                z_reschedule
 .text.z_reschedule_irqlock
                0x00000000000063fc       0x2c zephyr/kernel/libkernel.a(sched.c.obj)
                0x00000000000063fc                z_reschedule_irqlock
 .text.k_sched_lock
                0x0000000000006428       0x30 zephyr/kernel/libkernel.a(sched.c.obj)
                0x0000000000006428                k_sched_lock
 .text.k_sched_unlock
                0x0000000000006458       0x70 zephyr/kernel/libkernel.a(sched.c.obj)
                0x0000000000006458                k_sched_unlock
 .text.z_sched_init
                0x00000000000064c8       0x10 zephyr/kernel/libkernel.a(sched.c.obj)
                0x00000000000064c8                z_sched_init
 .text.z_impl_k_yield
                0x00000000000064d8       0xa0 zephyr/kernel/libkernel.a(sched.c.obj)
                0x00000000000064d8                z_impl_k_yield
 .text.z_tick_sleep
                0x0000000000006578       0x7c zephyr/kernel/libkernel.a(sched.c.obj)
 .text.z_impl_k_sleep
                0x00000000000065f4       0x80 zephyr/kernel/libkernel.a(sched.c.obj)
                0x00000000000065f4                z_impl_k_sleep
 .text.z_impl_k_wakeup
                0x0000000000006674       0x48 zephyr/kernel/libkernel.a(sched.c.obj)
                0x0000000000006674                z_impl_k_wakeup
 .text.z_impl_k_sched_current_thread_query
                0x00000000000066bc        0xc zephyr/kernel/libkernel.a(sched.c.obj)
                0x00000000000066bc                z_impl_k_sched_current_thread_query
 .text.z_thread_abort
                0x00000000000066c8      0x16c zephyr/kernel/libkernel.a(sched.c.obj)
                0x00000000000066c8                z_thread_abort
 .text.slice_timeout
                0x0000000000006834       0x20 zephyr/kernel/libkernel.a(timeslicing.c.obj)
 .text.thread_is_sliceable
                0x0000000000006854       0x4c zephyr/kernel/libkernel.a(timeslicing.c.obj)
                0x0000000000006854                thread_is_sliceable
 .text.z_reset_time_slice
                0x00000000000068a0       0x50 zephyr/kernel/libkernel.a(timeslicing.c.obj)
                0x00000000000068a0                z_reset_time_slice
 .text.z_time_slice
                0x00000000000068f0       0x70 zephyr/kernel/libkernel.a(timeslicing.c.obj)
                0x00000000000068f0                z_time_slice
 .text.z_thread_monitor_exit
                0x0000000000006960       0x44 zephyr/kernel/libkernel.a(thread_monitor.c.obj)
                0x0000000000006960                z_thread_monitor_exit
 .text.first    0x00000000000069a4       0x14 zephyr/kernel/libkernel.a(timeout.c.obj)
 .text.next     0x00000000000069b8       0x18 zephyr/kernel/libkernel.a(timeout.c.obj)
 .text.elapsed  0x00000000000069d0       0x18 zephyr/kernel/libkernel.a(timeout.c.obj)
 .text.z_add_timeout
                0x00000000000069e8      0x134 zephyr/kernel/libkernel.a(timeout.c.obj)
                0x00000000000069e8                z_add_timeout
 .text.sys_clock_announce
                0x0000000000006b1c       0xc4 zephyr/kernel/libkernel.a(timeout.c.obj)
                0x0000000000006b1c                sys_clock_announce
 .text.sys_clock_tick_get
                0x0000000000006be0       0x40 zephyr/kernel/libkernel.a(timeout.c.obj)
                0x0000000000006be0                sys_clock_tick_get
 .text.z_timer_expiration_handler
                0x0000000000006c20      0x11c zephyr/kernel/libkernel.a(timer.c.obj)
                0x0000000000006c20                z_timer_expiration_handler
 .text.z_impl_k_timer_start
                0x0000000000006d3c       0x70 zephyr/kernel/libkernel.a(timer.c.obj)
                0x0000000000006d3c                z_impl_k_timer_start
 .text.k_thread_system_pool_assign
                0x0000000000006dac        0xc zephyr/kernel/libkernel.a(mempool.c.obj)
                0x0000000000006dac                k_thread_system_pool_assign
 .text.statics_init
                0x0000000000006db8       0x24 zephyr/kernel/libkernel.a(kheap.c.obj)
 .text.psa_get_initialized
                0x0000000000006ddc       0x58 modules/nrf/subsys/nrf_security/src/core/nrf_oberon/libpsa_core.a(psa_crypto.c.obj)
 .text.mbedtls_psa_crypto_free
                0x0000000000006e34       0xac modules/nrf/subsys/nrf_security/src/core/nrf_oberon/libpsa_core.a(psa_crypto.c.obj)
                0x0000000000006e34                mbedtls_psa_crypto_free
 .text.psa_crypto_init
                0x0000000000006ee0      0x164 modules/nrf/subsys/nrf_security/src/core/nrf_oberon/libpsa_core.a(psa_crypto.c.obj)
                0x0000000000006ee0                psa_crypto_init
 .text.psa_initialize_key_slots
                0x0000000000007044       0x10 modules/nrf/subsys/nrf_security/src/core/nrf_oberon/libpsa_core.a(psa_crypto_slot_management.c.obj)
                0x0000000000007044                psa_initialize_key_slots
 .text.psa_wipe_all_key_slots
                0x0000000000007054       0x38 modules/nrf/subsys/nrf_security/src/core/nrf_oberon/libpsa_core.a(psa_crypto_slot_management.c.obj)
                0x0000000000007054                psa_wipe_all_key_slots
 .text.mbedtls_free
                0x000000000000708c       0x10 modules/nrf/subsys/nrf_security/src/core/nrf_oberon/libpsa_core.a(platform.c.obj)
                0x000000000000708c                mbedtls_free
 .text.mbedtls_platform_zeroize
                0x000000000000709c       0x18 modules/nrf/subsys/nrf_security/src/core/nrf_oberon/libpsa_core.a(platform_util.c.obj)
                0x000000000000709c                mbedtls_platform_zeroize
 .text.cracen_disable_interrupts
                0x00000000000070b4       0x18 modules/nrf/subsys/nrf_security/src/drivers/cracen/libcracen_psa_driver.a(cracen.c.obj)
 .text.cracen_acquire
                0x00000000000070cc       0x40 modules/nrf/subsys/nrf_security/src/drivers/cracen/libcracen_psa_driver.a(cracen.c.obj)
                0x00000000000070cc                cracen_acquire
 .text.cracen_release
                0x000000000000710c       0x68 modules/nrf/subsys/nrf_security/src/drivers/cracen/libcracen_psa_driver.a(cracen.c.obj)
                0x000000000000710c                cracen_release
 .text.cracen_init
                0x0000000000007174       0x54 modules/nrf/subsys/nrf_security/src/drivers/cracen/libcracen_psa_driver.a(cracen.c.obj)
                0x0000000000007174                cracen_init
 .text.silex_statuscodes_to_psa
                0x00000000000071c8      0x120 modules/nrf/subsys/nrf_security/src/drivers/cracen/libcracen_psa_driver.a(common.c.obj)
                0x00000000000071c8                silex_statuscodes_to_psa
 .text.ctr_drbg_update
                0x00000000000072e8       0xb8 modules/nrf/subsys/nrf_security/src/drivers/cracen/libcracen_psa_driver.a(ctr_drbg.c.obj)
 .text.cracen_reseed
                0x00000000000073a0       0x40 modules/nrf/subsys/nrf_security/src/drivers/cracen/libcracen_psa_driver.a(ctr_drbg.c.obj)
 .text.cracen_init_random
                0x00000000000073e0       0x78 modules/nrf/subsys/nrf_security/src/drivers/cracen/libcracen_psa_driver.a(ctr_drbg.c.obj)
                0x00000000000073e0                cracen_init_random
 .text.cracen_get_random
                0x0000000000007458      0x134 modules/nrf/subsys/nrf_security/src/drivers/cracen/libcracen_psa_driver.a(ctr_drbg.c.obj)
                0x0000000000007458                cracen_get_random
 .text.lib_kmu_clear_all_events
                0x000000000000758c       0x24 modules/nrf/subsys/nrf_security/src/drivers/cracen/libcracen_psa_driver.a(lib_kmu.c.obj)
                0x000000000000758c                lib_kmu_clear_all_events
 .text.trigger_task_and_wait_for_event_or_error
                0x00000000000075b0       0x5c modules/nrf/subsys/nrf_security/src/drivers/cracen/libcracen_psa_driver.a(lib_kmu.c.obj)
 .text.lib_kmu_provision_slot
                0x000000000000760c       0x3c modules/nrf/subsys/nrf_security/src/drivers/cracen/libcracen_psa_driver.a(lib_kmu.c.obj)
                0x000000000000760c                lib_kmu_provision_slot
 .text.lib_kmu_push_slot
                0x0000000000007648       0x20 modules/nrf/subsys/nrf_security/src/drivers/cracen/libcracen_psa_driver.a(lib_kmu.c.obj)
                0x0000000000007648                lib_kmu_push_slot
 .text.lib_kmu_revoke_slot
                0x0000000000007668       0x34 modules/nrf/subsys/nrf_security/src/drivers/cracen/libcracen_psa_driver.a(lib_kmu.c.obj)
                0x0000000000007668                lib_kmu_revoke_slot
 .text.lib_kmu_read_metadata
                0x000000000000769c       0x34 modules/nrf/subsys/nrf_security/src/drivers/cracen/libcracen_psa_driver.a(lib_kmu.c.obj)
                0x000000000000769c                lib_kmu_read_metadata
 .text.convert_from_psa_attributes
                0x00000000000076d0      0x170 modules/nrf/subsys/nrf_security/src/drivers/cracen/libcracen_psa_driver.a(kmu.c.obj)
 .text.cracen_kmu_provision
                0x0000000000007840      0x178 modules/nrf/subsys/nrf_security/src/drivers/cracen/libcracen_psa_driver.a(kmu.c.obj)
                0x0000000000007840                cracen_kmu_provision
 .text.cracen_provision_prot_ram_inv_slots
                0x00000000000079b8       0x9c modules/nrf/subsys/nrf_security/src/drivers/cracen/libcracen_psa_driver.a(kmu.c.obj)
                0x00000000000079b8                cracen_provision_prot_ram_inv_slots
 .text.sx_blkcipher_ecb_simple
                0x0000000000007a54       0xc4 modules/nrf/subsys/nrf_security/src/drivers/cracen/libcracen_psa_driver.a(blkcipher.c.obj)
                0x0000000000007a54                sx_blkcipher_ecb_simple
 .text.ba431_check_state
                0x0000000000007b18       0x30 modules/nrf/subsys/nrf_security/src/drivers/cracen/libcracen_psa_driver.a(trng.c.obj)
 .text.sx_trng_enable
                0x0000000000007b48       0x20 modules/nrf/subsys/nrf_security/src/drivers/cracen/libcracen_psa_driver.a(trng.c.obj)
 .text.sx_trng_flush
                0x0000000000007b68       0x30 modules/nrf/subsys/nrf_security/src/drivers/cracen/libcracen_psa_driver.a(trng.c.obj)
 .text.ba431_setup_conditioning_key
                0x0000000000007b98       0x5c modules/nrf/subsys/nrf_security/src/drivers/cracen/libcracen_psa_driver.a(trng.c.obj)
 .text.sx_trng_open
                0x0000000000007bf4       0xa4 modules/nrf/subsys/nrf_security/src/drivers/cracen/libcracen_psa_driver.a(trng.c.obj)
                0x0000000000007bf4                sx_trng_open
 .text.sx_trng_get
                0x0000000000007c98       0x88 modules/nrf/subsys/nrf_security/src/drivers/cracen/libcracen_psa_driver.a(trng.c.obj)
                0x0000000000007c98                sx_trng_get
 .text.sx_hw_enable_interrupts
                0x0000000000007d20       0x38 modules/nrf/subsys/nrf_security/src/drivers/cracen/libcracen_psa_driver.a(cmdma_hw.c.obj)
 .text.sx_hw_reserve
                0x0000000000007d58       0x20 modules/nrf/subsys/nrf_security/src/drivers/cracen/libcracen_psa_driver.a(cmdma_hw.c.obj)
                0x0000000000007d58                sx_hw_reserve
 .text.sx_cmdma_release_hw
                0x0000000000007d78       0x24 modules/nrf/subsys/nrf_security/src/drivers/cracen/libcracen_psa_driver.a(cmdma_hw.c.obj)
                0x0000000000007d78                sx_cmdma_release_hw
 .text.cracen_isr_handler
                0x0000000000007d9c       0x74 modules/nrf/subsys/nrf_security/src/drivers/cracen/libcracen_psa_driver.a(interrupts.c.obj)
                0x0000000000007d9c                cracen_isr_handler
 .text.cracen_interrupts_init
                0x0000000000007e10       0x28 modules/nrf/subsys/nrf_security/src/drivers/cracen/libcracen_psa_driver.a(interrupts.c.obj)
                0x0000000000007e10                cracen_interrupts_init
 .text.cracen_wait_for_cm_interrupt
                0x0000000000007e38       0x20 modules/nrf/subsys/nrf_security/src/drivers/cracen/libcracen_psa_driver.a(interrupts.c.obj)
                0x0000000000007e38                cracen_wait_for_cm_interrupt
 .text.sx_pk_fetch_capabilities
                0x0000000000007e58       0x30 modules/nrf/subsys/nrf_security/src/drivers/cracen/libcracen_psa_driver.a(pk_baremetal.c.obj)
                0x0000000000007e58                sx_pk_fetch_capabilities
 .text.sx_pk_init
                0x0000000000007e88       0x40 modules/nrf/subsys/nrf_security/src/drivers/cracen/libcracen_psa_driver.a(pk_baremetal.c.obj)
                0x0000000000007e88                sx_pk_init
 .text.sx_get_current_req
                0x0000000000007ec8        0x8 modules/nrf/subsys/nrf_security/src/drivers/cracen/libcracen_psa_driver.a(pk_baremetal.c.obj)
                0x0000000000007ec8                sx_get_current_req
 .text.k_event_post_internal
                0x0000000000007ed0       0x6c zephyr/kernel/libkernel.a(events.c.obj)
 .text.snprintf
                0x0000000000007f3c       0x58 c:\ncs\toolchains\66cdf9b75e\opt\zephyr-sdk\arm-zephyr-eabi\bin\../lib/gcc/../../picolibc/arm-zephyr-eabi/lib/thumb/v8-m.main/nofp\libc.a(libc_tinystdio_snprintf.c.o)
                0x0000000000007f3c                snprintf
 .text.__l_vfprintf
                0x0000000000007f94      0x4b4 c:\ncs\toolchains\66cdf9b75e\opt\zephyr-sdk\arm-zephyr-eabi\bin\../lib/gcc/../../picolibc/arm-zephyr-eabi/lib/thumb/v8-m.main/nofp\libc.a(libc_tinystdio_vflprintf.c.o)
                0x0000000000007f94                __l_vfprintf
 .text._OffsetAbsSyms
                0x0000000000008448        0x2 zephyr/CMakeFiles/offsets.dir/./arch/arm/core/offsets/offsets.c.obj
                0x0000000000008448                _OffsetAbsSyms
 .text.spi_is_ready_dt
                0x000000000000844a       0x1c app/libapp.a(main.c.obj)
 .text.set_chunk_used
                0x0000000000008466       0x38 zephyr/libzephyr.a(heap.c.obj)
 .text.free_list_add_bidx
                0x000000000000849e       0xa4 zephyr/libzephyr.a(heap.c.obj)
 .text.free_list_add
                0x0000000000008542       0x52 zephyr/libzephyr.a(heap.c.obj)
 .text.sys_heap_init
                0x0000000000008594       0xfc zephyr/libzephyr.a(heap.c.obj)
                0x0000000000008594                sys_heap_init
 .text.cbprintf_via_va_list
                0x0000000000008690        0xe zephyr/libzephyr.a(cbprintf_packaged.c.obj)
 .text.is_fmt_spec
                0x000000000000869e        0xe zephyr/libzephyr.a(cbprintf_packaged.c.obj)
 .text.get_package_len
                0x00000000000086ac       0x2a zephyr/libzephyr.a(cbprintf_packaged.c.obj)
 .text.append_string
                0x00000000000086d6       0x2c zephyr/libzephyr.a(cbprintf_packaged.c.obj)
 .text.cbpprintf_external
                0x0000000000008702       0x60 zephyr/libzephyr.a(cbprintf_packaged.c.obj)
                0x0000000000008702                cbpprintf_external
 .text.is_ptr   0x0000000000008762       0x4e zephyr/libzephyr.a(cbprintf_packaged.c.obj)
                0x0000000000008762                is_ptr
 .text.arch_printk_char_out
                0x00000000000087b0        0x4 zephyr/libzephyr.a(printk.c.obj)
                0x00000000000087b0                arch_printk_char_out
 .text.vprintk  0x00000000000087b4        0x8 zephyr/libzephyr.a(printk.c.obj)
                0x00000000000087b4                vprintk
 .text.printk   0x00000000000087bc       0x1c zephyr/libzephyr.a(printk.c.obj)
                0x00000000000087bc                printk
 .text.free_space
                0x00000000000087d8       0x28 zephyr/libzephyr.a(mpsc_pbuf.c.obj)
 .text.available
                0x0000000000008800       0x24 zephyr/libzephyr.a(mpsc_pbuf.c.obj)
 .text.get_usage
                0x0000000000008824       0x24 zephyr/libzephyr.a(mpsc_pbuf.c.obj)
 .text.max_utilization_update
                0x0000000000008848       0x26 zephyr/libzephyr.a(mpsc_pbuf.c.obj)
 .text.rd_idx_inc
                0x000000000000886e       0x26 zephyr/libzephyr.a(mpsc_pbuf.c.obj)
 .text.add_skip_item
                0x0000000000008894       0x66 zephyr/libzephyr.a(mpsc_pbuf.c.obj)
 .text.drop_item_locked
                0x00000000000088fa      0x12e zephyr/libzephyr.a(mpsc_pbuf.c.obj)
 .text.post_drop_action
                0x0000000000008a28       0x62 zephyr/libzephyr.a(mpsc_pbuf.c.obj)
 .text.mpsc_pbuf_init
                0x0000000000008a8a       0x42 zephyr/libzephyr.a(mpsc_pbuf.c.obj)
                0x0000000000008a8a                mpsc_pbuf_init
 .text.mpsc_pbuf_alloc
                0x0000000000008acc      0x134 zephyr/libzephyr.a(mpsc_pbuf.c.obj)
                0x0000000000008acc                mpsc_pbuf_alloc
 .text.mpsc_pbuf_commit
                0x0000000000008c00       0x50 zephyr/libzephyr.a(mpsc_pbuf.c.obj)
                0x0000000000008c00                mpsc_pbuf_commit
 .text.mpsc_pbuf_claim
                0x0000000000008c50       0xd0 zephyr/libzephyr.a(mpsc_pbuf.c.obj)
                0x0000000000008c50                mpsc_pbuf_claim
 .text.mpsc_pbuf_free
                0x0000000000008d20       0x88 zephyr/libzephyr.a(mpsc_pbuf.c.obj)
                0x0000000000008d20                mpsc_pbuf_free
 .text.mpsc_pbuf_is_pending
                0x0000000000008da8       0x2c zephyr/libzephyr.a(mpsc_pbuf.c.obj)
                0x0000000000008da8                mpsc_pbuf_is_pending
 .text.set_state
                0x0000000000008dd4       0x10 zephyr/libzephyr.a(onoff.c.obj)
 .text.notify_monitors
                0x0000000000008de4       0x44 zephyr/libzephyr.a(onoff.c.obj)
 .text.process_recheck
                0x0000000000008e28       0x32 zephyr/libzephyr.a(onoff.c.obj)
 .text.process_complete
                0x0000000000008e5a       0xa2 zephyr/libzephyr.a(onoff.c.obj)
 .text.validate_args
                0x0000000000008efc       0x2a zephyr/libzephyr.a(onoff.c.obj)
 .text.notify_one
                0x0000000000008f26       0x26 zephyr/libzephyr.a(onoff.c.obj)
 .text.notify_all
                0x0000000000008f4c       0x2e zephyr/libzephyr.a(onoff.c.obj)
 .text.transition_complete
                0x0000000000008f7a       0x1c zephyr/libzephyr.a(onoff.c.obj)
 .text.onoff_manager_init
                0x0000000000008f96       0x3a zephyr/libzephyr.a(onoff.c.obj)
                0x0000000000008f96                onoff_manager_init
 .text.onoff_request
                0x0000000000008fd0       0xbe zephyr/libzephyr.a(onoff.c.obj)
                0x0000000000008fd0                onoff_request
 .text.sys_notify_validate
                0x000000000000908e       0x2e zephyr/libzephyr.a(notify.c.obj)
                0x000000000000908e                sys_notify_validate
 .text.sys_notify_finalize
                0x00000000000090bc       0x1a zephyr/libzephyr.a(notify.c.obj)
                0x00000000000090bc                sys_notify_finalize
 .text._ConfigAbsSyms
                0x00000000000090d6        0x2 zephyr/libzephyr.a(configs.c.obj)
                0x00000000000090d6                _ConfigAbsSyms
 .text.log_msg_generic_get_wlen
                0x00000000000090d8       0x20 zephyr/libzephyr.a(log_core.c.obj)
 .text.log_backend_init
                0x00000000000090f8       0x14 zephyr/libzephyr.a(log_core.c.obj)
 .text.dummy_timestamp
                0x000000000000910c        0x4 zephyr/libzephyr.a(log_core.c.obj)
 .text.msg_filter_check
                0x0000000000009110        0x4 zephyr/libzephyr.a(log_core.c.obj)
 .text.default_get_timestamp
                0x0000000000009114        0x8 zephyr/libzephyr.a(log_core.c.obj)
 .text.k_msleep
                0x000000000000911c       0x5c zephyr/libzephyr.a(log_core.c.obj)
 .text.msg_alloc
                0x0000000000009178        0xc zephyr/libzephyr.a(log_core.c.obj)
 .text.msg_free
                0x0000000000009184        0x8 zephyr/libzephyr.a(log_core.c.obj)
 .text.msg_pending
                0x000000000000918c        0x8 zephyr/libzephyr.a(log_core.c.obj)
 .text.z_log_vprintk
                0x0000000000009194       0x1e zephyr/libzephyr.a(log_core.c.obj)
                0x0000000000009194                z_log_vprintk
 .text.z_log_notify_drop
                0x00000000000091b2        0xa zephyr/libzephyr.a(log_core.c.obj)
 .text.z_log_msg_claim
                0x00000000000091bc        0x8 zephyr/libzephyr.a(log_core.c.obj)
                0x00000000000091bc                z_log_msg_claim
 .text.msg_commit
                0x00000000000091c4        0xc zephyr/libzephyr.a(log_core.c.obj)
 .text.z_log_get_tag
                0x00000000000091d0        0x4 zephyr/libzephyr.a(log_core.c.obj)
                0x00000000000091d0                z_log_get_tag
 .text.log_backend_enable
                0x00000000000091d4       0x16 zephyr/libzephyr.a(log_mgmt.c.obj)
                0x00000000000091d4                log_backend_enable
 .text.z_cbprintf_cpy
                0x00000000000091ea       0x32 zephyr/libzephyr.a(log_msg.c.obj)
 .text.z_log_msg_finalize
                0x000000000000921c       0x2e zephyr/libzephyr.a(log_msg.c.obj)
                0x000000000000921c                z_log_msg_finalize
 .text.z_log_msg_simple_create
                0x000000000000924a       0x62 zephyr/libzephyr.a(log_msg.c.obj)
 .text.z_impl_z_log_msg_simple_create_0
                0x00000000000092ac       0x14 zephyr/libzephyr.a(log_msg.c.obj)
                0x00000000000092ac                z_impl_z_log_msg_simple_create_0
 .text.z_impl_z_log_msg_simple_create_1
                0x00000000000092c0       0x16 zephyr/libzephyr.a(log_msg.c.obj)
                0x00000000000092c0                z_impl_z_log_msg_simple_create_1
 .text.z_impl_z_log_msg_simple_create_2
                0x00000000000092d6       0x1a zephyr/libzephyr.a(log_msg.c.obj)
                0x00000000000092d6                z_impl_z_log_msg_simple_create_2
 .text.z_log_msg_static_create
                0x00000000000092f0        0x8 zephyr/libzephyr.a(log_msg.c.obj)
 .text.log_output_flush
                0x00000000000092f8       0x2e zephyr/libzephyr.a(log_output.c.obj)
 .text.out_func
                0x0000000000009326       0x30 zephyr/libzephyr.a(log_output.c.obj)
 .text.cr_out_func
                0x0000000000009356       0x1e zephyr/libzephyr.a(log_output.c.obj)
 .text.color_prefix
                0x0000000000009374        0xc zephyr/libzephyr.a(log_output.c.obj)
 .text.color_postfix
                0x0000000000009380        0xc zephyr/libzephyr.a(log_output.c.obj)
 .text.postfix_print
                0x000000000000938c       0x18 zephyr/libzephyr.a(log_output.c.obj)
 .text.log_msg_hexdump
                0x00000000000093a4       0x36 zephyr/libzephyr.a(log_output.c.obj)
 .text.log_output_msg_process
                0x00000000000093da       0x66 zephyr/libzephyr.a(log_output.c.obj)
                0x00000000000093da                log_output_msg_process
 .text.log_output_flush
                0x0000000000009440       0x2e zephyr/libzephyr.a(log_backend_uart.c.obj)
 .text.format_set
                0x000000000000946e        0xc zephyr/libzephyr.a(log_backend_uart.c.obj)
 .text.log_backend_uart_init
                0x000000000000947a        0xc zephyr/libzephyr.a(log_backend_uart.c.obj)
 .text.panic    0x0000000000009486       0x14 zephyr/libzephyr.a(log_backend_uart.c.obj)
 .text.dropped  0x000000000000949a        0xe zephyr/libzephyr.a(log_backend_uart.c.obj)
 .text.process  0x00000000000094a8       0x1c zephyr/libzephyr.a(log_backend_uart.c.obj)
 .text.arch_early_memset
                0x00000000000094c4        0x8 zephyr/arch/common/libarch__common.a(init.c.obj)
                0x00000000000094c4                arch_early_memset
 .text.arch_early_memcpy
                0x00000000000094cc        0x8 zephyr/arch/common/libarch__common.a(init.c.obj)
                0x00000000000094cc                arch_early_memcpy
 .text.z_do_kernel_oops
                0x00000000000094d4        0xc zephyr/arch/arch/arm/core/libarch__arm__core.a(fatal.c.obj)
                0x00000000000094d4                z_do_kernel_oops
 .text.z_arm_nmi
                0x00000000000094e0        0xc zephyr/arch/arch/arm/core/libarch__arm__core.a(nmi.c.obj)
                0x00000000000094e0                z_arm_nmi
 .text.memory_fault_recoverable
                0x00000000000094ec        0x4 zephyr/arch/arch/arm/core/cortex_m/libarch__arm__core__cortex_m.a(fault.c.obj)
 .text.fault_handle
                0x00000000000094f0       0x4a zephyr/arch/arch/arm/core/cortex_m/libarch__arm__core__cortex_m.a(fault.c.obj)
 .text.arm_irq_enable
                0x000000000000953a        0xa zephyr/arch/arch/arm/core/cortex_m/libarch__arm__core__cortex_m.a(irq_manage.c.obj)
                0x000000000000953a                arm_irq_enable
 .text.arm_irq_disable
                0x0000000000009544        0xa zephyr/arch/arch/arm/core/cortex_m/libarch__arm__core__cortex_m.a(irq_manage.c.obj)
                0x0000000000009544                arm_irq_disable
 .text.arm_irq_priority_set
                0x000000000000954e        0xc zephyr/arch/arch/arm/core/cortex_m/libarch__arm__core__cortex_m.a(irq_manage.c.obj)
                0x000000000000954e                arm_irq_priority_set
 .text.z_irq_spurious
                0x000000000000955a        0xc zephyr/arch/arch/arm/core/cortex_m/libarch__arm__core__cortex_m.a(irq_manage.c.obj)
                0x000000000000955a                z_irq_spurious
 .text.configure_builtin_stack_guard
                0x0000000000009566        0xa zephyr/arch/arch/arm/core/cortex_m/libarch__arm__core__cortex_m.a(thread.c.obj)
                0x0000000000009566                configure_builtin_stack_guard
 .text.arch_coprocessors_disable
                0x0000000000009570        0x6 zephyr/arch/arch/arm/core/cortex_m/libarch__arm__core__cortex_m.a(thread.c.obj)
                0x0000000000009570                arch_coprocessors_disable
 .text.arch_irq_unlock_outlined
                0x0000000000009576        0xe zephyr/arch/arch/arm/core/cortex_m/libarch__arm__core__cortex_m.a(thread.c.obj)
                0x0000000000009576                arch_irq_unlock_outlined
 .text.arch_cpu_idle
                0x0000000000009584       0x1a zephyr/arch/arch/arm/core/cortex_m/libarch__arm__core__cortex_m.a(cpu_idle.c.obj)
                0x0000000000009584                arch_cpu_idle
 .text.arch_cpu_atomic_idle
                0x000000000000959e       0x1e zephyr/arch/arch/arm/core/cortex_m/libarch__arm__core__cortex_m.a(cpu_idle.c.obj)
                0x000000000000959e                arch_cpu_atomic_idle
 .text.arm_cmse_mpu_region_get
                0x00000000000095bc       0x14 zephyr/arch/arch/arm/core/cortex_m/cmse/libarch__arm__core__cortex_m__cmse.a(arm_core_cmse.c.obj)
                0x00000000000095bc                arm_cmse_mpu_region_get
 .text.region_init
                0x00000000000095d0       0x28 zephyr/arch/arch/arm/core/mpu/libarch__arm__core__mpu.a(arm_mpu.c.obj)
 .text.mpu_partition_is_valid
                0x00000000000095f8       0x24 zephyr/arch/arch/arm/core/mpu/libarch__arm__core__mpu.a(arm_mpu.c.obj)
 .text.get_region_index
                0x000000000000961c       0x22 zephyr/arch/arch/arm/core/mpu/libarch__arm__core__mpu.a(arm_mpu.c.obj)
 .text.mpu_configure_region
                0x000000000000963e       0x3e zephyr/arch/arch/arm/core/mpu/libarch__arm__core__mpu.a(arm_mpu.c.obj)
 .text.mpu_configure_regions_from_dt
                0x000000000000967c       0xec zephyr/arch/arch/arm/core/mpu/libarch__arm__core__mpu.a(arm_mpu.c.obj)
 .text.arm_core_mpu_configure_static_mpu_regions
                0x0000000000009768        0x8 zephyr/arch/arch/arm/core/mpu/libarch__arm__core__mpu.a(arm_mpu.c.obj)
                0x0000000000009768                arm_core_mpu_configure_static_mpu_regions
 .text.arm_core_mpu_mark_areas_for_dynamic_regions
                0x0000000000009770        0x8 zephyr/arch/arch/arm/core/mpu/libarch__arm__core__mpu.a(arm_mpu.c.obj)
                0x0000000000009770                arm_core_mpu_mark_areas_for_dynamic_regions
 .text.cbputc   0x0000000000009778        0xc zephyr/lib/libc/picolibc/liblib__libc__picolibc.a(cbprintf.c.obj)
 .text.picolibc_put
                0x0000000000009784        0xa zephyr/lib/libc/picolibc/liblib__libc__picolibc.a(stdio.c.obj)
 .text.arch_busy_wait
                0x000000000000978e        0x8 zephyr/soc/soc/nrf54l15/libsoc__nordic.a(soc.c.obj)
                0x000000000000978e                arch_busy_wait
 .text.get_sub_data
                0x0000000000009796        0xe zephyr/drivers/clock_control/libdrivers__clock_control.a(clock_control_nrf.c.obj)
 .text.get_sub_config
                0x00000000000097a4        0xc zephyr/drivers/clock_control/libdrivers__clock_control.a(clock_control_nrf.c.obj)
 .text.get_onoff_manager
                0x00000000000097b0        0xc zephyr/drivers/clock_control/libdrivers__clock_control.a(clock_control_nrf.c.obj)
 .text.get_status
                0x00000000000097bc       0x10 zephyr/drivers/clock_control/libdrivers__clock_control.a(clock_control_nrf.c.obj)
 .text.set_off_state
                0x00000000000097cc       0x30 zephyr/drivers/clock_control/libdrivers__clock_control.a(clock_control_nrf.c.obj)
 .text.set_starting_state
                0x00000000000097fc       0x3a zephyr/drivers/clock_control/libdrivers__clock_control.a(clock_control_nrf.c.obj)
 .text.set_on_state
                0x0000000000009836       0x24 zephyr/drivers/clock_control/libdrivers__clock_control.a(clock_control_nrf.c.obj)
 .text.clkstarted_handle
                0x000000000000985a       0x24 zephyr/drivers/clock_control/libdrivers__clock_control.a(clock_control_nrf.c.obj)
 .text.stop     0x000000000000987e       0x2a zephyr/drivers/clock_control/libdrivers__clock_control.a(clock_control_nrf.c.obj)
 .text.api_stop
                0x00000000000098a8        0xa zephyr/drivers/clock_control/libdrivers__clock_control.a(clock_control_nrf.c.obj)
 .text.async_start
                0x00000000000098b2       0x38 zephyr/drivers/clock_control/libdrivers__clock_control.a(clock_control_nrf.c.obj)
 .text.api_start
                0x00000000000098ea       0x10 zephyr/drivers/clock_control/libdrivers__clock_control.a(clock_control_nrf.c.obj)
 .text.onoff_started_callback
                0x00000000000098fa       0x10 zephyr/drivers/clock_control/libdrivers__clock_control.a(clock_control_nrf.c.obj)
 .text.hfclk_start
                0x000000000000990a        0xa zephyr/drivers/clock_control/libdrivers__clock_control.a(clock_control_nrf.c.obj)
 .text.hfclk_stop
                0x0000000000009914        0xa zephyr/drivers/clock_control/libdrivers__clock_control.a(clock_control_nrf.c.obj)
 .text.k_msleep
                0x000000000000991e       0x5c zephyr/drivers/clock_control/libdrivers__clock_control.a(clock_control_nrf.c.obj)
 .text.blocking_start_callback
                0x000000000000997a        0xa zephyr/drivers/clock_control/libdrivers__clock_control.a(clock_control_nrf.c.obj)
 .text.lfclk_stop
                0x0000000000009984        0x8 zephyr/drivers/clock_control/libdrivers__clock_control.a(clock_control_nrf.c.obj)
 .text.lfclk_start
                0x000000000000998c        0x8 zephyr/drivers/clock_control/libdrivers__clock_control.a(clock_control_nrf.c.obj)
 .text.sys_slist_remove
                0x0000000000009994       0x26 zephyr/drivers/gpio/libdrivers__gpio.a(gpio_nrfx.c.obj)
 .text.sys_slist_find_and_remove
                0x00000000000099ba       0x20 zephyr/drivers/gpio/libdrivers__gpio.a(gpio_nrfx.c.obj)
 .text.nrf_gpio_reconfigure
                0x00000000000099da       0xb6 zephyr/drivers/gpio/libdrivers__gpio.a(gpio_nrfx.c.obj)
 .text.nrf_gpio_pin_dir_get
                0x0000000000009a90       0x1e zephyr/drivers/gpio/libdrivers__gpio.a(gpio_nrfx.c.obj)
 .text.pm_device_driver_init
                0x0000000000009aae       0x24 zephyr/drivers/gpio/libdrivers__gpio.a(gpio_nrfx.c.obj)
 .text.gpio_manage_callback
                0x0000000000009ad2       0x3e zephyr/drivers/gpio/libdrivers__gpio.a(gpio_nrfx.c.obj)
 .text.gpio_fire_callbacks
                0x0000000000009b10       0x40 zephyr/drivers/gpio/libdrivers__gpio.a(gpio_nrfx.c.obj)
 .text.has_gpiote
                0x0000000000009b50        0xa zephyr/drivers/gpio/libdrivers__gpio.a(gpio_nrfx.c.obj)
 .text.get_pull
                0x0000000000009b5a       0x18 zephyr/drivers/gpio/libdrivers__gpio.a(gpio_nrfx.c.obj)
 .text.gpio_nrfx_port_get_raw
                0x0000000000009b72        0xc zephyr/drivers/gpio/libdrivers__gpio.a(gpio_nrfx.c.obj)
 .text.gpio_nrfx_port_set_masked_raw
                0x0000000000009b7e       0x14 zephyr/drivers/gpio/libdrivers__gpio.a(gpio_nrfx.c.obj)
 .text.gpio_nrfx_port_set_bits_raw
                0x0000000000009b92        0xa zephyr/drivers/gpio/libdrivers__gpio.a(gpio_nrfx.c.obj)
 .text.gpio_nrfx_port_clear_bits_raw
                0x0000000000009b9c        0xa zephyr/drivers/gpio/libdrivers__gpio.a(gpio_nrfx.c.obj)
 .text.gpio_nrfx_port_toggle_bits
                0x0000000000009ba6       0x14 zephyr/drivers/gpio/libdrivers__gpio.a(gpio_nrfx.c.obj)
 .text.get_trigger
                0x0000000000009bba       0x2c zephyr/drivers/gpio/libdrivers__gpio.a(gpio_nrfx.c.obj)
 .text.gpio_nrfx_manage_callback
                0x0000000000009be6        0xc zephyr/drivers/gpio/libdrivers__gpio.a(gpio_nrfx.c.obj)
 .text.nrfx_gpio_handler
                0x0000000000009bf2       0x1e zephyr/drivers/gpio/libdrivers__gpio.a(gpio_nrfx.c.obj)
 .text.gpio_nrfx_pm_hook
                0x0000000000009c10        0x4 zephyr/drivers/gpio/libdrivers__gpio.a(gpio_nrfx.c.obj)
 .text.gpio_nrfx_gpiote_irq_handler
                0x0000000000009c14        0x8 zephyr/drivers/gpio/libdrivers__gpio.a(gpio_nrfx.c.obj)
                0x0000000000009c14                gpio_nrfx_gpiote_irq_handler
 .text.chan_alloc
                0x0000000000009c1c        0xc zephyr/drivers/gpio/libdrivers__gpio.a(gpio_nrfx.c.obj)
 .text.gpio_nrfx_pin_interrupt_configure
                0x0000000000009c28       0xdc zephyr/drivers/gpio/libdrivers__gpio.a(gpio_nrfx.c.obj)
 .text.gpio_nrfx_pin_configure
                0x0000000000009d04      0x19c zephyr/drivers/gpio/libdrivers__gpio.a(gpio_nrfx.c.obj)
 .text.pinctrl_lookup_state
                0x0000000000009ea0       0x32 zephyr/drivers/pinctrl/libdrivers__pinctrl.a(common.c.obj)
                0x0000000000009ea0                pinctrl_lookup_state
 .text.nrf_gpio_pin_set
                0x0000000000009ed2       0x1a zephyr/drivers/pinctrl/libdrivers__pinctrl.a(pinctrl_nrf.c.obj)
 .text.nrf_gpio_pin_clear
                0x0000000000009eec       0x1a zephyr/drivers/pinctrl/libdrivers__pinctrl.a(pinctrl_nrf.c.obj)
 .text.nrf_gpio_pin_write
                0x0000000000009f06       0x10 zephyr/drivers/pinctrl/libdrivers__pinctrl.a(pinctrl_nrf.c.obj)
 .text.nrf_gpio_pin_control_select
                0x0000000000009f16       0x26 zephyr/drivers/pinctrl/libdrivers__pinctrl.a(pinctrl_nrf.c.obj)
 .text.pm_device_driver_init
                0x0000000000009f3c       0x24 zephyr/drivers/serial/libdrivers__serial.a(uart_nrfx_uarte.c.obj)
 .text.nrf_uarte_configure
                0x0000000000009f60       0x20 zephyr/drivers/serial/libdrivers__serial.a(uart_nrfx_uarte.c.obj)
 .text.uarte_nrfx_isr_int
                0x0000000000009f80        0xa zephyr/drivers/serial/libdrivers__serial.a(uart_nrfx_uarte.c.obj)
 .text.uarte_nrfx_err_check
                0x0000000000009f8a        0xe zephyr/drivers/serial/libdrivers__serial.a(uart_nrfx_uarte.c.obj)
 .text.is_tx_ready
                0x0000000000009f98       0x12 zephyr/drivers/serial/libdrivers__serial.a(uart_nrfx_uarte.c.obj)
 .text.tx_start
                0x0000000000009faa       0x1c zephyr/drivers/serial/libdrivers__serial.a(uart_nrfx_uarte.c.obj)
 .text.uarte_nrfx_poll_in
                0x0000000000009fc6       0x26 zephyr/drivers/serial/libdrivers__serial.a(uart_nrfx_uarte.c.obj)
 .text.uarte_tx_path_init
                0x0000000000009fec       0x36 zephyr/drivers/serial/libdrivers__serial.a(uart_nrfx_uarte.c.obj)
 .text.k_msleep
                0x000000000000a022       0x5c zephyr/drivers/serial/libdrivers__serial.a(uart_nrfx_uarte.c.obj)
 .text.wait_tx_ready
                0x000000000000a07e       0x4a zephyr/drivers/serial/libdrivers__serial.a(uart_nrfx_uarte.c.obj)
 .text.pinctrl_apply_state
                0x000000000000a0c8       0x20 zephyr/drivers/serial/libdrivers__serial.a(uart_nrfx_uarte.c.obj)
 .text.uarte_periph_enable
                0x000000000000a0e8       0x32 zephyr/drivers/serial/libdrivers__serial.a(uart_nrfx_uarte.c.obj)
 .text.uarte_pm_resume
                0x000000000000a11a       0x16 zephyr/drivers/serial/libdrivers__serial.a(uart_nrfx_uarte.c.obj)
 .text.uarte_nrfx_pm_action
                0x000000000000a130       0x14 zephyr/drivers/serial/libdrivers__serial.a(uart_nrfx_uarte.c.obj)
 .text.uarte_instance_deinit
                0x000000000000a144        0xa zephyr/drivers/serial/libdrivers__serial.a(uart_nrfx_uarte.c.obj)
 .text.uarte_20_init
                0x000000000000a14e       0x1e zephyr/drivers/serial/libdrivers__serial.a(uart_nrfx_uarte.c.obj)
 .text.grtc_post_init
                0x000000000000a16c        0xc zephyr/drivers/timer/libdrivers__timer.a(nrf_grtc_timer.c.obj)
 .text.sys_clock_cycle_get_32
                0x000000000000a178        0x8 zephyr/drivers/timer/libdrivers__timer.a(nrf_grtc_timer.c.obj)
                0x000000000000a178                sys_clock_cycle_get_32
 .text._psa_crypto_init
                0x000000000000a180       0x20 modules/nrf/subsys/nrf_security/src/zephyr/libmbedtls_zephyr.a(psa_crypto_init.c.obj)
 .text.nrfx_isr
                0x000000000000a1a0        0xa modules/hal_nordic/modules/hal_nordic/nrfx/libmodules__hal_nordic__nrfx.a(nrfx_glue.c.obj)
                0x000000000000a1a0                nrfx_isr
 .text.nrfx_busy_wait
                0x000000000000a1aa        0x8 modules/hal_nordic/modules/hal_nordic/nrfx/libmodules__hal_nordic__nrfx.a(nrfx_glue.c.obj)
                0x000000000000a1aa                nrfx_busy_wait
 .text.nrfx_flag32_alloc
                0x000000000000a1b2       0x42 modules/hal_nordic/modules/hal_nordic/nrfx/libmodules__hal_nordic__nrfx.a(nrfx_flag32_allocator.c.obj)
                0x000000000000a1b2                nrfx_flag32_alloc
 .text.nrfx_flag32_free
                0x000000000000a1f4       0x34 modules/hal_nordic/modules/hal_nordic/nrfx/libmodules__hal_nordic__nrfx.a(nrfx_flag32_allocator.c.obj)
                0x000000000000a1f4                nrfx_flag32_free
 .text.nrf_ppib_write
                0x000000000000a228        0x6 modules/hal_nordic/modules/hal_nordic/nrfx/libmodules__hal_nordic__nrfx.a(nrfx_gppi_dppi.c.obj)
 .text.ppib_configure
                0x000000000000a22e       0x3e modules/hal_nordic/modules/hal_nordic/nrfx/libmodules__hal_nordic__nrfx.a(nrfx_gppi_dppi.c.obj)
 .text.alloc_bit_locked
                0x000000000000a26c       0x18 modules/hal_nordic/modules/hal_nordic/nrfx/libmodules__hal_nordic__nrfx.a(nrfx_gppi_dppi.c.obj)
 .text.alloc_channels
                0x000000000000a284       0x7e modules/hal_nordic/modules/hal_nordic/nrfx/libmodules__hal_nordic__nrfx.a(nrfx_gppi_dppi.c.obj)
 .text.nrfx_gppi_domain_conn_alloc
                0x000000000000a302        0xa modules/hal_nordic/modules/hal_nordic/nrfx/libmodules__hal_nordic__nrfx.a(nrfx_gppi_dppi.c.obj)
                0x000000000000a302                nrfx_gppi_domain_conn_alloc
 .text.nrfx_gppi_ep_to_ch_attach
                0x000000000000a30c       0x22 modules/hal_nordic/modules/hal_nordic/nrfx/libmodules__hal_nordic__nrfx.a(nrfx_gppi_dppi.c.obj)
                0x000000000000a30c                nrfx_gppi_ep_to_ch_attach
 .text.nrfx_gppi_ep_attach
                0x000000000000a32e       0x20 modules/hal_nordic/modules/hal_nordic/nrfx/libmodules__hal_nordic__nrfx.a(nrfx_gppi_dppi.c.obj)
                0x000000000000a32e                nrfx_gppi_ep_attach
 .text.nrfx_gppi_conn_alloc
                0x000000000000a34e       0x38 modules/hal_nordic/modules/hal_nordic/nrfx/libmodules__hal_nordic__nrfx.a(nrfx_gppi_dppi.c.obj)
                0x000000000000a34e                nrfx_gppi_conn_alloc
 .text.nrfx_gppi_domain_id_get
                0x000000000000a386        0x8 modules/hal_nordic/modules/hal_nordic/nrfx/libmodules__hal_nordic__nrfx.a(nrfx_gppi_lumos.c.obj)
                0x000000000000a386                nrfx_gppi_domain_id_get
 .text.nrfx_power_clock_irq_init
                0x000000000000a38e       0x18 modules/hal_nordic/modules/hal_nordic/nrfx/libmodules__hal_nordic__nrfx.a(nrfx_clock.c.obj)
 .text.nrfx_clock_start
                0x000000000000a3a6       0x16 modules/hal_nordic/modules/hal_nordic/nrfx/libmodules__hal_nordic__nrfx.a(nrfx_clock.c.obj)
                0x000000000000a3a6                nrfx_clock_start
 .text.nrfx_clock_stop
                0x000000000000a3bc       0x14 modules/hal_nordic/modules/hal_nordic/nrfx/libmodules__hal_nordic__nrfx.a(nrfx_clock.c.obj)
                0x000000000000a3bc                nrfx_clock_stop
 .text.CLOCK_POWER_IRQHandler
                0x000000000000a3d0        0xc modules/hal_nordic/modules/hal_nordic/nrfx/libmodules__hal_nordic__nrfx.a(nrfx_clock.c.obj)
                0x000000000000a3d0                CLOCK_POWER_IRQHandler
 .text.clock_initial_lfclksrc_get
                0x000000000000a3dc        0x4 modules/hal_nordic/modules/hal_nordic/nrfx/libmodules__hal_nordic__nrfx.a(nrfx_clock_lfclk.c.obj)
 .text.clock_lfclksrc_tweak
                0x000000000000a3e0       0x2a modules/hal_nordic/modules/hal_nordic/nrfx/libmodules__hal_nordic__nrfx.a(nrfx_clock_lfclk.c.obj)
 .text.nrfx_clock_lfclk_stop
                0x000000000000a40a        0x8 modules/hal_nordic/modules/hal_nordic/nrfx/libmodules__hal_nordic__nrfx.a(nrfx_clock_lfclk.c.obj)
                0x000000000000a40a                nrfx_clock_lfclk_stop
 .text.nrfx_clock_xo_stop
                0x000000000000a412        0x8 modules/hal_nordic/modules/hal_nordic/nrfx/libmodules__hal_nordic__nrfx.a(nrfx_clock_xo.c.obj)
                0x000000000000a412                nrfx_clock_xo_stop
 .text.nrf_gpiote_event_configure
                0x000000000000a41a       0x38 modules/hal_nordic/modules/hal_nordic/nrfx/libmodules__hal_nordic__nrfx.a(nrfx_gpiote.c.obj)
 .text.__nrfy_internal_gpiote_event_handle
                0x000000000000a452       0x3a modules/hal_nordic/modules/hal_nordic/nrfx/libmodules__hal_nordic__nrfx.a(nrfx_gpiote.c.obj)
 .text.__nrfy_internal_gpiote_events_process
                0x000000000000a48c       0x44 modules/hal_nordic/modules/hal_nordic/nrfx/libmodules__hal_nordic__nrfx.a(nrfx_gpiote.c.obj)
 .text.nrf_gpio_reconfigure
                0x000000000000a4d0       0xb6 modules/hal_nordic/modules/hal_nordic/nrfx/libmodules__hal_nordic__nrfx.a(nrfx_gpiote.c.obj)
 .text.nrf_gpio_cfg_sense_set
                0x000000000000a586       0x20 modules/hal_nordic/modules/hal_nordic/nrfx/libmodules__hal_nordic__nrfx.a(nrfx_gpiote.c.obj)
 .text.nrf_gpio_pin_read
                0x000000000000a5a6       0x1c modules/hal_nordic/modules/hal_nordic/nrfx/libmodules__hal_nordic__nrfx.a(nrfx_gpiote.c.obj)
 .text.nrf_gpio_pin_sense_get
                0x000000000000a5c2       0x1e modules/hal_nordic/modules/hal_nordic/nrfx/libmodules__hal_nordic__nrfx.a(nrfx_gpiote.c.obj)
 .text.nrf_gpio_pin_latch_clear
                0x000000000000a5e0       0x1a modules/hal_nordic/modules/hal_nordic/nrfx/libmodules__hal_nordic__nrfx.a(nrfx_gpiote.c.obj)
 .text.pin_in_use
                0x000000000000a5fa       0x18 modules/hal_nordic/modules/hal_nordic/nrfx/libmodules__hal_nordic__nrfx.a(nrfx_gpiote.c.obj)
 .text.pin_in_use_by_te
                0x000000000000a612       0x18 modules/hal_nordic/modules/hal_nordic/nrfx/libmodules__hal_nordic__nrfx.a(nrfx_gpiote.c.obj)
 .text.pin_has_trigger
                0x000000000000a62a       0x1c modules/hal_nordic/modules/hal_nordic/nrfx/libmodules__hal_nordic__nrfx.a(nrfx_gpiote.c.obj)
 .text.pin_is_output
                0x000000000000a646       0x18 modules/hal_nordic/modules/hal_nordic/nrfx/libmodules__hal_nordic__nrfx.a(nrfx_gpiote.c.obj)
 .text.pin_is_task_output
                0x000000000000a65e       0x22 modules/hal_nordic/modules/hal_nordic/nrfx/libmodules__hal_nordic__nrfx.a(nrfx_gpiote.c.obj)
 .text.pin_is_input
                0x000000000000a680        0xe modules/hal_nordic/modules/hal_nordic/nrfx/libmodules__hal_nordic__nrfx.a(nrfx_gpiote.c.obj)
 .text.gpiote_polarity_to_trigger
                0x000000000000a68e        0x2 modules/hal_nordic/modules/hal_nordic/nrfx/libmodules__hal_nordic__nrfx.a(nrfx_gpiote.c.obj)
 .text.gpiote_trigger_to_polarity
                0x000000000000a690        0x2 modules/hal_nordic/modules/hal_nordic/nrfx/libmodules__hal_nordic__nrfx.a(nrfx_gpiote.c.obj)
 .text.pin_te_get
                0x000000000000a692       0x16 modules/hal_nordic/modules/hal_nordic/nrfx/libmodules__hal_nordic__nrfx.a(nrfx_gpiote.c.obj)
 .text.is_level
                0x000000000000a6a8        0xa modules/hal_nordic/modules/hal_nordic/nrfx/libmodules__hal_nordic__nrfx.a(nrfx_gpiote.c.obj)
 .text.handler_in_use
                0x000000000000a6b2       0x30 modules/hal_nordic/modules/hal_nordic/nrfx/libmodules__hal_nordic__nrfx.a(nrfx_gpiote.c.obj)
 .text.pin_trigger_disable
                0x000000000000a6e2       0x46 modules/hal_nordic/modules/hal_nordic/nrfx/libmodules__hal_nordic__nrfx.a(nrfx_gpiote.c.obj)
 .text.find_handler
                0x000000000000a728       0x34 modules/hal_nordic/modules/hal_nordic/nrfx/libmodules__hal_nordic__nrfx.a(nrfx_gpiote.c.obj)
 .text.get_initial_sense
                0x000000000000a75c       0x38 modules/hal_nordic/modules/hal_nordic/nrfx/libmodules__hal_nordic__nrfx.a(nrfx_gpiote.c.obj)
 .text.channel_handler_get
                0x000000000000a794       0x24 modules/hal_nordic/modules/hal_nordic/nrfx/libmodules__hal_nordic__nrfx.a(nrfx_gpiote.c.obj)
 .text.gpiote_output_configure
                0x000000000000a7b8       0xe0 modules/hal_nordic/modules/hal_nordic/nrfx/libmodules__hal_nordic__nrfx.a(nrfx_gpiote.c.obj)
 .text.gpiote_global_callback_set
                0x000000000000a898        0x6 modules/hal_nordic/modules/hal_nordic/nrfx/libmodules__hal_nordic__nrfx.a(nrfx_gpiote.c.obj)
 .text.gpiote_channel_get
                0x000000000000a89e       0x2a modules/hal_nordic/modules/hal_nordic/nrfx/libmodules__hal_nordic__nrfx.a(nrfx_gpiote.c.obj)
 .text.gpiote_init_check
                0x000000000000a8c8        0xc modules/hal_nordic/modules/hal_nordic/nrfx/libmodules__hal_nordic__nrfx.a(nrfx_gpiote.c.obj)
 .text.pin_trigger_enable
                0x000000000000a8d4       0x76 modules/hal_nordic/modules/hal_nordic/nrfx/libmodules__hal_nordic__nrfx.a(nrfx_gpiote.c.obj)
 .text.call_handler
                0x000000000000a94a       0x26 modules/hal_nordic/modules/hal_nordic/nrfx/libmodules__hal_nordic__nrfx.a(nrfx_gpiote.c.obj)
 .text.next_sense_cond_call_handler
                0x000000000000a970       0x6c modules/hal_nordic/modules/hal_nordic/nrfx/libmodules__hal_nordic__nrfx.a(nrfx_gpiote.c.obj)
 .text.pin_channel_alloc
                0x000000000000a9dc       0x10 modules/hal_nordic/modules/hal_nordic/nrfx/libmodules__hal_nordic__nrfx.a(nrfx_gpiote.c.obj)
 .text.release_handler